HI-TECH Software C Compiler 

Linker command line:

--edf=C:\Program Files (x86)\HI-TECH Software\PICC\9.81\dat\en_msgs.txt -cs \
  -h+prev0.sym -z -Q16F877 -ol.obj -Mprev0.map -E1 -ACONST=00h-0FFhx32 \
  -ACODE=00h-07FFhx4 -ASTRCODE=00h-01FFFh -AENTRY=00h-0FFhx32 \
  -ASTRING=00h-0FFhx32 -ABANK0=020h-06Fh -ABANK1=0A0h-0EFh \
  -ABANK2=0110h-016Fh -ABANK3=0190h-01EFh \
  -ARAM=020h-06Fh,0A0h-0EFh,0110h-016Fh,0190h-01EFh \
  -AABS1=020h-07Fh,0A0h-0EFh,0110h-016Fh,0190h-01EFh -ACOMMON=070h-07Fh \
  -ASFR0=00h-01Fh -ASFR1=080h-09Fh -ASFR2=0100h-010Fh -ASFR3=0180h-018Fh \
  -preset_vec=00h,intentry,init,end_init -ppowerup=CODE -pfunctab=CODE \
  -ACONFIG=02007h-02007h -pconfig=CONFIG -DCONFIG=2 -AIDLOC=02000h-02003h \
  -pidloc=IDLOC -DIDLOC=2 -AEEDATA=00h-0FFh/02100h -peeprom_data=EEDATA \
  -DEEDATA=2 -DCODE=2 -DSTRCODE=2 -DSTRING=2 -DCONST=2 -DENTRY=2 -k \
  startup.obj prev0.obj 

Object code version is 3.10

Machine type is 16F877



                Name                               Link     Load   Length Selector   Space Scale
startup.obj     end_init                              0        0        3        0       0
prev0.obj       text458                             C4C      C4C        8     1898       0
                text457                             C9E      C9E       20     193C       0
                text456                             D30      D30       29     1A60       0
                text455                             C75      C75       14     18EA       0
                text454                             276      276      144      4EC       0
                text453                             C45      C45        7     188A       0
                text452                             D59      D59       2A     1AB2       0
                text451                             EBE      EBE       74     1D7C       0
                text450                             E58      E58       66     1CB0       0
                text449                             18B      18B       EB      316       0
                text448                             CBE      CBE       25     197C       0
                text447                             CE3      CE3       25     19C6       0
                text446                             DB6      DB6       3E     1B6C       0
                text445                             D83      D83       33     1B06       0
                text444                              A3       A3       E8      146       0
                text443                             C5C      C5C        A     18B8       0
                text442                             DF4      DF4       64     1BE8       0
                text441                             F32      F32       CE     1E64       0
                text440                             3BA      3BA      446      774       0
                maintext                            C89      C89       15     1912       0
                cstackBANK0                          20       20       40       20       1
                cstackCOMMON                         70       70        E       70       1
                cstackBANK1                          A0       A0       4E       A0       1
                inittext                             92       92       11      124       0
                clrtext                             C54      C54        8     18A8       0
                dataBANK3                           1A0      1A0        5      190       1
                bssBANK3                            190      190       10      190       1
                dataBANK0                            60       60        F       20       1
                cinit                               D08      D08       28     1A10       0
                strings                               3        3       8D        6       0
                idataBANK3                          C40      C40        5     1880       0
                idataBANK0                          C66      C66        F     18CC       0

TOTAL           Name                               Link     Load   Length     Space
        CLASS   CONST          

        CLASS   CODE           
                end_init                              0        0        3         0
                text458                             C4C      C4C        8         0
                text457                             C9E      C9E       20         0
                text456                             D30      D30       29         0
                text455                             C75      C75       14         0
                text454                             276      276      144         0
                text453                             C45      C45        7         0
                text452                             D59      D59       2A         0
                text451                             EBE      EBE       74         0
                text450                             E58      E58       66         0
                text449                             18B      18B       EB         0
                text448                             CBE      CBE       25         0
                text447                             CE3      CE3       25         0
                text446                             DB6      DB6       3E         0
                text445                             D83      D83       33         0
                text444                              A3       A3       E8         0
                text443                             C5C      C5C        A         0
                text442                             DF4      DF4       64         0
                text441                             F32      F32       CE         0
                text440                             3BA      3BA      446         0
                maintext                            C89      C89       15         0
                inittext                             92       92       11         0
                clrtext                             C54      C54        8         0
                cinit                               D08      D08       28         0
                idataBANK3                          C40      C40        5         0
                idataBANK0                          C66      C66        F         0

        CLASS   STRCODE        

        CLASS   ENTRY          

        CLASS   STRING         
                strings                               3        3       8D         0

        CLASS   BANK0          
                cstackBANK0                          20       20       40         1
                dataBANK0                            60       60        F         1

        CLASS   BANK1          
                cstackBANK1                          A0       A0       4E         1

        CLASS   BANK2          

        CLASS   BANK3          
                dataBANK3                           1A0      1A0        5         1
                bssBANK3                            190      190       10         1

        CLASS   RAM            

        CLASS   ABS1           
                abs_s1                               7E       7E        2         1

        CLASS   COMMON         
                cstackCOMMON                         70       70        E         1

        CLASS   SFR0           

        CLASS   SFR1           

        CLASS   SFR2           

        CLASS   SFR3           

        CLASS   CONFIG         

        CLASS   IDLOC          

        CLASS   EEDATA         



SEGMENTS        Name                           Load    Length   Top    Selector   Space  Class     Delta

                reset_vec                      000000  000003  000003         0       0  CODE        2
                strings                        000003  00008D  000090         6       0  STRING      2
                cstackBANK0                    000020  00004F  00006F        20       1  BANK0       1
                cstackCOMMON                   000070  00000E  00007E        70       1  COMMON      1
                cstackBANK1                    0000A0  00004E  0000EE        A0       1  BANK1       1
                inittext                       000092  000011  0000A3       124       0  CODE        2
                text444                        0000A3  0000E8  00018B       146       0  CODE        2
                bssBANK3                       000190  000015  0001A5       190       1  BANK3       1
                text449                        00018B  0000EB  000276       316       0  CODE        2
                text454                        000276  000144  0003BA       4EC       0  CODE        2
                text440                        0003BA  000446  000800       774       0  CODE        2
                idataBANK3                     000C40  000005  000C45      1880       0  CODE        2
                text453                        000C45  000007  000C4C      188A       0  CODE        2
                text458                        000C4C  000008  000C54      1898       0  CODE        2
                clrtext                        000C54  000008  000C5C      18A8       0  CODE        2
                text443                        000C5C  00000A  000C66      18B8       0  CODE        2
                idataBANK0                     000C66  00000F  000C75      18CC       0  CODE        2
                text455                        000C75  000014  000C89      18EA       0  CODE        2
                maintext                       000C89  000015  000C9E      1912       0  CODE        2
                text457                        000C9E  000020  000CBE      193C       0  CODE        2
                text448                        000CBE  000025  000CE3      197C       0  CODE        2
                text447                        000CE3  000025  000D08      19C6       0  CODE        2
                cinit                          000D08  000028  000D30      1A10       0  CODE        2
                text456                        000D30  000029  000D59      1A60       0  CODE        2
                text452                        000D59  00002A  000D83      1AB2       0  CODE        2
                text445                        000D83  000033  000DB6      1B06       0  CODE        2
                text446                        000DB6  00003E  000DF4      1B6C       0  CODE        2
                text442                        000DF4  000064  000E58      1BE8       0  CODE        2
                text450                        000E58  000066  000EBE      1CB0       0  CODE        2
                text451                        000EBE  000074  000F32      1D7C       0  CODE        2
                text441                        000F32  0000CE  001000      1E64       0  CODE        2


UNUSED ADDRESS RANGES

        Name                Unused          Largest block    Delta
        BANK0            006F-006F              1           1
        BANK1            00EE-00EF              2           1
        BANK2            0110-016F             60           1
        BANK3            01A5-01EF             4B           1
        CODE             0090-0091              2           2
                         0800-0C3F            440
                         1000-1FFF            800
        CONFIG           2007-2007              1           2
        CONST            0090-0091              2           2
                         0800-0C3F            100
                         1000-1FFF            100
        EEDATA           2100-21FF            100           2
        ENTRY            0090-0091              2           2
                         0800-0C3F            100
                         1000-1FFF            100
        IDLOC            2000-2003              4           2
        RAM              006F-006F              1           1
                         00EE-00EF              2
                         0110-016F             60
                         01A5-01EF             4B
        SFR0             0000-001F             20           1
        SFR1             0080-009F             20           1
        SFR2             0100-010F             10           1
        SFR3             0180-018F             10           1
        STRCODE          0090-0091              2           2
                         0800-0C3F            440
                         1000-1FFF           1000
        STRING           0090-0091              2           2
                         0800-0C3F            100
                         1000-1FFF            100

                                  Symbol Table

??___awdiv            cstackCOMMON 0074
??___awmod            cstackCOMMON 0074
??___wmul             cstackCOMMON 0074
??_actrow             cstackCOMMON 0074
??_clearlcd           cstackCOMMON 007A
??_cmd                cstackCOMMON 007A
??_dat                cstackCOMMON 007A
??_delay              cstackCOMMON 0072
??_getlogicseq        cstackBANK0  005C
??_initkeypad         cstackCOMMON 0070
??_initlcd            cstackCOMMON 007A
??_itoaa              cstackCOMMON 007C
??_main               cstackCOMMON 007E
??_resetout           cstackCOMMON 0070
??_scan               cstackCOMMON 0076
??_scroll             cstackBANK0  004A
??_setLCD             cstackCOMMON 0072
??_strcat             cstackCOMMON 0071
??_strcpy             cstackCOMMON 0071
??_write              cstackCOMMON 007A
?___awdiv             cstackCOMMON 0070
?___awmod             cstackCOMMON 0070
?___wmul              cstackCOMMON 0070
?_actrow              cstackCOMMON 0072
?_clearlcd            cstackCOMMON 0070
?_cmd                 cstackCOMMON 0078
?_dat                 cstackCOMMON 0078
?_delay               cstackCOMMON 0070
?_getlogicseq         cstackCOMMON 0070
?_initkeypad          cstackCOMMON 0070
?_initlcd             cstackCOMMON 0070
?_itoaa               cstackCOMMON 0079
?_main                cstackCOMMON 0070
?_resetout            cstackCOMMON 0070
?_scan                cstackCOMMON 0074
?_scroll              cstackBANK0  0048
?_setLCD              cstackCOMMON 0070
?_strcat              cstackCOMMON 0070
?_strcpy              cstackCOMMON 0070
?_write               cstackBANK0  0042
_PORTB                (abs)        0006
_RB0                  (abs)        0030
_RB1                  (abs)        0031
_RB2                  (abs)        0032
_RB3                  (abs)        0033
_RB6                  (abs)        0036
_RB7                  (abs)        0037
_RC0                  (abs)        0038
_RC1                  (abs)        0039
_RC2                  (abs)        003A
_RC3                  (abs)        003B
_RD0                  (abs)        0040
_RD1                  (abs)        0041
_RD2                  (abs)        0042
_RD3                  (abs)        0043
_RD4                  (abs)        0044
_RD5                  (abs)        0045
_RD6                  (abs)        0046
_RD7                  (abs)        0047
_TRISB                (abs)        0086
_TRISC                (abs)        0087
_TRISD                (abs)        0088
__Habs1               abs1         0000
__Hbank0              bank0        0000
__Hbank1              bank1        0000
__Hbank2              bank2        0000
__Hbank3              bank3        0000
__HbssBANK3           bssBANK3     0000
__Hcinit              cinit        0000
__Hclrtext            clrtext      0000
__Hcode               code         0000
__Hcommon             common       0000
__Hconfig             config       0000
__HcstackBANK0        cstackBANK0  0000
__HcstackBANK1        cstackBANK1  0000
__HcstackCOMMON       cstackCOMMON 0000
__HdataBANK0          dataBANK0    0000
__HdataBANK3          dataBANK3    0000
__Heeprom_data        eeprom_data  0000
__Hend_init           end_init     0003
__Hfunctab            functab      0000
__HidataBANK0         idataBANK0   0000
__HidataBANK3         idataBANK3   0000
__Hidloc              idloc        0000
__Hinit               init         0000
__Hinittext           inittext     0000
__Hintentry           intentry     0000
__Hmaintext           maintext     0000
__Hpowerup            powerup      0000
__Hram                ram          0000
__Hreset_vec          reset_vec    0000
__Hsfr0               sfr0         0000
__Hsfr1               sfr1         0000
__Hsfr2               sfr2         0000
__Hsfr3               sfr3         0000
__Hstrings            strings      0000
__Htext               text         0000
__Labs1               abs1         0000
__Lbank0              bank0        0000
__Lbank1              bank1        0000
__Lbank2              bank2        0000
__Lbank3              bank3        0000
__LbssBANK3           bssBANK3     0000
__Lcinit              cinit        0000
__Lclrtext            clrtext      0000
__Lcode               code         0000
__Lcommon             common       0000
__Lconfig             config       0000
__LcstackBANK0        cstackBANK0  0000
__LcstackBANK1        cstackBANK1  0000
__LcstackCOMMON       cstackCOMMON 0000
__LdataBANK0          dataBANK0    0000
__LdataBANK3          dataBANK3    0000
__Leeprom_data        eeprom_data  0000
__Lend_init           end_init     0000
__Lfunctab            functab      0000
__LidataBANK0         idataBANK0   0000
__LidataBANK3         idataBANK3   0000
__Lidloc              idloc        0000
__Linit               init         0000
__Linittext           inittext     0000
__Lintentry           intentry     0000
__Lmaintext           maintext     0000
__Lpowerup            powerup      0000
__Lram                ram          0000
__Lreset_vec          reset_vec    0000
__Lsfr0               sfr0         0000
__Lsfr1               sfr1         0000
__Lsfr2               sfr2         0000
__Lsfr3               sfr3         0000
__Lstrings            strings      0000
__Ltext               text         0000
__S0                  (abs)        1000
__S1                  (abs)        01A5
__S2                  (abs)        0000
___awdiv              text451      0EBE
___awdiv@counter      cstackCOMMON 0075
___awdiv@dividend     cstackCOMMON 0072
___awdiv@divisor      cstackCOMMON 0070
___awdiv@quotient     cstackCOMMON 0077
___awdiv@sign         cstackCOMMON 0076
___awmod              text450      0E58
___awmod@counter      cstackCOMMON 0075
___awmod@dividend     cstackCOMMON 0072
___awmod@divisor      cstackCOMMON 0070
___awmod@sign         cstackCOMMON 0076
___wmul               text452      0D59
___wmul@multiplicand  cstackCOMMON 0072
___wmul@multiplier    cstackCOMMON 0070
___wmul@product       cstackCOMMON 0074
__end_of___awdiv      text451      0F32
__end_of___awmod      text450      0EBE
__end_of___wmul       text452      0D83
__end_of_actrow       text446      0DF4
__end_of_clearlcd     text443      0C66
__end_of_cmd          text448      0CE3
__end_of_dat          text447      0D08
__end_of_delay        text455      0C89
__end_of_getlogicseq  text440      0800
__end_of_initkeypad   text458      0C54
__end_of_initlcd      text445      0DB6
__end_of_itoaa        text449      0276
__end_of_main         maintext     0C9E
__end_of_resetout     text453      0C4C
__end_of_scan         text444      018B
__end_of_scroll       text441      1000
__end_of_setLCD       text454      03BA
__end_of_strcat       text456      0D59
__end_of_strcpy       text457      0CBE
__end_of_write        text442      0E58
__pbssBANK3           bssBANK3     0190
__pcstackBANK0        cstackBANK0  0020
__pcstackBANK1        cstackBANK1  00A0
__pcstackCOMMON       cstackCOMMON 0070
__pdataBANK0          dataBANK0    0060
__pdataBANK3          dataBANK3    01A0
__pidataBANK0         idataBANK0   0C66
__pidataBANK3         idataBANK3   0C40
__pmaintext           maintext     0C89
__pstrings            strings      0003
__ptext440            text440      03BA
__ptext441            text441      0F32
__ptext442            text442      0DF4
__ptext443            text443      0C5C
__ptext444            text444      00A3
__ptext445            text445      0D83
__ptext446            text446      0DB6
__ptext447            text447      0CE3
__ptext448            text448      0CBE
__ptext449            text449      018B
__ptext450            text450      0E58
__ptext451            text451      0EBE
__ptext452            text452      0D59
__ptext453            text453      0C45
__ptext454            text454      0276
__ptext455            text455      0C75
__ptext456            text456      0D30
__ptext457            text457      0C9E
__ptext458            text458      0C4C
__ptext459            text459      0000
__size_of___awdiv     (abs)        0000
__size_of___awmod     (abs)        0000
__size_of___wmul      (abs)        0000
__size_of_actrow      (abs)        0000
__size_of_clearlcd    (abs)        0000
__size_of_cmd         (abs)        0000
__size_of_dat         (abs)        0000
__size_of_delay       (abs)        0000
__size_of_getlogicseq (abs)        0000
__size_of_initkeypad  (abs)        0000
__size_of_initlcd     (abs)        0000
__size_of_itoaa       (abs)        0000
__size_of_main        (abs)        0000
__size_of_resetout    (abs)        0000
__size_of_scan        (abs)        0000
__size_of_scroll      (abs)        0000
__size_of_setLCD      (abs)        0000
__size_of_strcat      (abs)        0000
__size_of_strcpy      (abs)        0000
__size_of_write       (abs)        0000
_actrow               text446      0DB6
_clearlcd             text443      0C5C
_cmd                  text448      0CBE
_dat                  text447      0CE3
_delay                text455      0C75
_exit                 init         0000
_getlogicseq          text440      03BA
_initkeypad           text458      0C4C
_initlcd              text445      0D83
_itoaa                text449      018B
_main                 maintext     0C89
_resetout             text453      0C45
_scan                 text444      00A3
_scroll               text441      0F32
_setLCD               text454      0276
_strcat               text456      0D30
_strcpy               text457      0C9E
_write                text442      0DF4
actrow@n              cstackCOMMON 0072
btemp                 (abs)        007E
clear_ram             clrtext      0C54
cmd@Command           cstackCOMMON 0078
dat@Command           cstackCOMMON 0078
delay@x               cstackCOMMON 0070
end_of_initialization cinit        0D2C
getlogicseq@F1246     dataBANK0    0060
getlogicseq@F1248     dataBANK0    0065
getlogicseq@F1250     dataBANK0    006A
getlogicseq@F1252     dataBANK3    01A0
getlogicseq@F1255     bssBANK3     0190
getlogicseq@bf        cstackBANK1  00C0
getlogicseq@ccount    cstackBANK1  00EA
getlogicseq@logic_d1  cstackBANK1  00D2
getlogicseq@logic_d2  cstackBANK1  00D7
getlogicseq@logic_d3  cstackBANK1  00DC
getlogicseq@logic_d4  cstackBANK1  00E1
getlogicseq@nf        cstackBANK1  00E6
getlogicseq@num       cstackBANK1  00EC
getlogicseq@snum      cstackBANK1  00C2
getlogicseq@str       cstackBANK1  00A0
getlogicseq@wf        cstackBANK1  00E8
init_fetch            inittext     0092
init_ram              inittext     0096
intlevel0             functab      0000
intlevel1             functab      0000
intlevel2             functab      0000
intlevel3             functab      0000
intlevel4             functab      0000
intlevel5             functab      0000
itoaa@count           cstackBANK0  0020
itoaa@ptr             cstackCOMMON 007B
itoaa@temp            cstackBANK0  0022
itoaa@value           cstackCOMMON 0079
reset_vec             reset_vec    0000
scroll@en             cstackBANK0  004F
scroll@endat          cstackBANK0  0053
scroll@i              cstackBANK0  005A
scroll@len            cstackBANK0  0058
scroll@loopn          cstackBANK0  0055
scroll@loops          cstackBANK0  0048
scroll@st             cstackBANK0  004D
scroll@startat        cstackBANK0  0051
scroll@str            cstackBANK0  0057
setLCD@i              cstackBANK0  0040
setLCD@number         cstackCOMMON 0070
setLCD@size           strings      0013
setLCD@vbool          cstackBANK0  0020
start                 init         0000
start_initialization  cinit        0D08
strcat@cp             cstackCOMMON 0073
strcat@from           cstackCOMMON 0070
strcat@to             cstackCOMMON 0072
strcpy@cp             cstackCOMMON 0073
strcpy@from           cstackCOMMON 0070
strcpy@to             cstackCOMMON 0072
write@erase           cstackBANK0  0046
write@i               cstackCOMMON 007C
write@line            cstackBANK0  0044
write@str             cstackBANK0  0042
wtemp0                (abs)        007E
