HI-TECH Software C Compiler 

Linker command line:

--edf=C:\Program Files (x86)\HI-TECH Software\PICC\9.81\dat\en_msgs.txt -cs \
  -h+prev0.sym -z -Q16F877 -ol.obj -Mprev0.map -E1 -ACONST=00h-0FFhx32 \
  -ACODE=00h-07FFhx4 -ASTRCODE=00h-01FFFh -AENTRY=00h-0FFhx32 \
  -ASTRING=00h-0FFhx32 -ABANK0=020h-06Fh -ABANK1=0A0h-0EFh \
  -ABANK2=0110h-016Fh -ABANK3=0190h-01EFh \
  -ARAM=020h-06Fh,0A0h-0EFh,0110h-016Fh,0190h-01EFh \
  -AABS1=020h-07Fh,0A0h-0EFh,0110h-016Fh,0190h-01EFh -ACOMMON=070h-07Fh \
  -ASFR0=00h-01Fh -ASFR1=080h-09Fh -ASFR2=0100h-010Fh -ASFR3=0180h-018Fh \
  -preset_vec=00h,intentry,init,end_init -ppowerup=CODE -pfunctab=CODE \
  -ACONFIG=02007h-02007h -pconfig=CONFIG -DCONFIG=2 -AIDLOC=02000h-02003h \
  -pidloc=IDLOC -DIDLOC=2 -AEEDATA=00h-0FFh/02100h -peeprom_data=EEDATA \
  -DEEDATA=2 -DCODE=2 -DSTRCODE=2 -DSTRING=2 -DCONST=2 -DENTRY=2 -k \
  startup.obj prev0.obj 

Object code version is 3.10

Machine type is 16F877



                Name                               Link     Load   Length Selector   Space Scale
startup.obj     end_init                              0        0        3        0       0
prev0.obj       text131                             6F8      6F8       14      DF0       0
                text130                             70C      70C       1A      E18       0
                text129                             726      726       1A      E4C       0
                maintext                            779      779       87      EF2       0
                cstackCOMMON                         70       70        6       70       1
                cstackBANK3                         190      190       5D      190       1
                inittext                            6D5      6D5       11      DAA       0
                dataBANK0                            20       20       39       20       1
                cinit                               6E6      6E6       12      DCC       0
                idataBANK0                          740      740       39      E80       0

TOTAL           Name                               Link     Load   Length     Space
        CLASS   CONST          

        CLASS   CODE           
                end_init                              0        0        3         0
                text131                             6F8      6F8       14         0
                text130                             70C      70C       1A         0
                text129                             726      726       1A         0
                maintext                            779      779       87         0
                inittext                            6D5      6D5       11         0
                cinit                               6E6      6E6       12         0
                idataBANK0                          740      740       39         0

        CLASS   STRCODE        

        CLASS   ENTRY          

        CLASS   STRING         

        CLASS   BANK0          
                dataBANK0                            20       20       39         1

        CLASS   BANK1          

        CLASS   BANK2          

        CLASS   BANK3          
                cstackBANK3                         190      190       5D         1

        CLASS   RAM            

        CLASS   ABS1           
                abs_s1                               7E       7E        2         1

        CLASS   COMMON         
                cstackCOMMON                         70       70        6         1

        CLASS   SFR0           

        CLASS   SFR1           

        CLASS   SFR2           

        CLASS   SFR3           

        CLASS   CONFIG         

        CLASS   IDLOC          

        CLASS   EEDATA         



SEGMENTS        Name                           Load    Length   Top    Selector   Space  Class     Delta

                reset_vec                      000000  000003  000003         0       0  CODE        2
                dataBANK0                      000020  000039  000059        20       1  BANK0       1
                cstackCOMMON                   000070  000006  000076        70       1  COMMON      1
                cstackBANK3                    000190  00005D  0001ED       190       1  BANK3       1
                inittext                       0006D5  000011  0006E6       DAA       0  CODE        2
                cinit                          0006E6  000012  0006F8       DCC       0  CODE        2
                text131                        0006F8  000014  00070C       DF0       0  CODE        2
                text130                        00070C  00001A  000726       E18       0  CODE        2
                text129                        000726  00001A  000740       E4C       0  CODE        2
                idataBANK0                     000740  000039  000779       E80       0  CODE        2
                maintext                       000779  000087  000800       EF2       0  CODE        2


UNUSED ADDRESS RANGES

        Name                Unused          Largest block    Delta
        BANK0            0059-006F             17           1
        BANK1            00A0-00EF             50           1
        BANK2            0110-016F             60           1
        BANK3            01ED-01EF              3           1
        CODE             0003-06D4            6D2           2
                         0800-1FFF            800
        COMMON           0076-007D              8           1
        CONFIG           2007-2007              1           2
        CONST            0003-06D4            100           2
                         0800-1FFF            100
        EEDATA           2100-21FF            100           2
        ENTRY            0003-06D4            100           2
                         0800-1FFF            100
        IDLOC            2000-2003              4           2
        RAM              0059-006F             17           1
                         00A0-00EF             50
                         0110-016F             60
                         01ED-01EF              3
        SFR0             0000-001F             20           1
        SFR1             0080-009F             20           1
        SFR2             0100-010F             10           1
        SFR3             0180-018F             10           1
        STRCODE          0003-06D4            6D2           2
                         0800-1FFF           1800
        STRING           0003-06D4            100           2
                         0800-1FFF            100

                                  Symbol Table

??_cmd                cstackCOMMON 0072
??_dat                cstackCOMMON 0072
??_delay              cstackCOMMON 0072
??_main               cstackCOMMON 0072
?_cmd                 cstackCOMMON 0070
?_dat                 cstackCOMMON 0070
?_delay               cstackCOMMON 0070
?_main                cstackCOMMON 0070
_PORTC                (abs)        0007
_RD0                  (abs)        0040
_RD1                  (abs)        0041
_TRISC                (abs)        0087
_TRISD                (abs)        0088
__Habs1               abs1         0000
__Hbank0              bank0        0000
__Hbank1              bank1        0000
__Hbank2              bank2        0000
__Hbank3              bank3        0000
__Hcinit              cinit        0000
__Hclrtext            clrtext      0000
__Hcode               code         0000
__Hcommon             common       0000
__Hconfig             config       0000
__HcstackBANK3        cstackBANK3  0000
__HcstackCOMMON       cstackCOMMON 0000
__HdataBANK0          dataBANK0    0000
__Heeprom_data        eeprom_data  0000
__Hend_init           end_init     0003
__Hfunctab            functab      0000
__HidataBANK0         idataBANK0   0000
__Hidloc              idloc        0000
__Hinit               init         0000
__Hinittext           inittext     0000
__Hintentry           intentry     0000
__Hmaintext           maintext     0000
__Hpowerup            powerup      0000
__Hram                ram          0000
__Hreset_vec          reset_vec    0000
__Hsfr0               sfr0         0000
__Hsfr1               sfr1         0000
__Hsfr2               sfr2         0000
__Hsfr3               sfr3         0000
__Hstrings            strings      0000
__Htext               text         0000
__Labs1               abs1         0000
__Lbank0              bank0        0000
__Lbank1              bank1        0000
__Lbank2              bank2        0000
__Lbank3              bank3        0000
__Lcinit              cinit        0000
__Lclrtext            clrtext      0000
__Lcode               code         0000
__Lcommon             common       0000
__Lconfig             config       0000
__LcstackBANK3        cstackBANK3  0000
__LcstackCOMMON       cstackCOMMON 0000
__LdataBANK0          dataBANK0    0000
__Leeprom_data        eeprom_data  0000
__Lend_init           end_init     0000
__Lfunctab            functab      0000
__LidataBANK0         idataBANK0   0000
__Lidloc              idloc        0000
__Linit               init         0000
__Linittext           inittext     0000
__Lintentry           intentry     0000
__Lmaintext           maintext     0000
__Lpowerup            powerup      0000
__Lram                ram          0000
__Lreset_vec          reset_vec    0000
__Lsfr0               sfr0         0000
__Lsfr1               sfr1         0000
__Lsfr2               sfr2         0000
__Lsfr3               sfr3         0000
__Lstrings            strings      0000
__Ltext               text         0000
__S0                  (abs)        0800
__S1                  (abs)        01ED
__S2                  (abs)        0000
__end_of_cmd          text129      0740
__end_of_dat          text130      0726
__end_of_delay        text131      070C
__end_of_main         maintext     0800
__pcstackBANK3        cstackBANK3  0190
__pcstackCOMMON       cstackCOMMON 0070
__pdataBANK0          dataBANK0    0020
__pidataBANK0         idataBANK0   0740
__pmaintext           maintext     0779
__ptext129            text129      0726
__ptext130            text130      070C
__ptext131            text131      06F8
__ptext132            text132      0000
__size_of_cmd         (abs)        0000
__size_of_dat         (abs)        0000
__size_of_delay       (abs)        0000
__size_of_main        (abs)        0000
_cmd                  text129      0726
_dat                  text130      070C
_delay                text131      06F8
_exit                 init         0000
_main                 maintext     0779
btemp                 (abs)        007E
delay@x               cstackCOMMON 0070
end_of_initialization cinit        06F4
init_fetch            inittext     06D5
init_ram              inittext     06D9
intlevel0             functab      0000
intlevel1             functab      0000
intlevel2             functab      0000
intlevel3             functab      0000
intlevel4             functab      0000
intlevel5             functab      0000
main@F1118            dataBANK0    0020
main@dest             cstackBANK3  01C9
main@i                cstackBANK3  01EB
main@st               cstackBANK3  01E9
main@str              cstackBANK3  0190
reset_vec             reset_vec    0000
start                 init         0000
start_initialization  cinit        06E6
wtemp0                (abs)        007E
