HI-TECH Software C Compiler 

Linker command line:

--edf=C:\Program Files (x86)\HI-TECH Software\PICC\9.81\dat\en_msgs.txt -cs \
  -h+test.sym -z -Q16F887 -ol.obj -Mtest.map -E1 -ACONST=00h-0FFhx32 \
  -ACODE=00h-07FFhx4 -ASTRCODE=00h-01FFFh -AENTRY=00h-0FFhx32 \
  -ASTRING=00h-0FFhx32 -ABANK0=020h-06Fh -ABANK1=0A0h-0EFh \
  -ABANK2=0110h-016Fh -ABANK3=0190h-01EFh \
  -ARAM=020h-06Fh,0A0h-0EFh,0110h-016Fh,0190h-01EFh \
  -AABS1=020h-07Fh,0A0h-0EFh,0110h-016Fh,0190h-01EFh -ACOMMON=070h-07Fh \
  -ASFR0=00h-01Fh -ASFR1=080h-09Fh -ASFR2=0100h-010Fh -ASFR3=0180h-018Fh \
  -preset_vec=00h,intentry,init,end_init -ppowerup=CODE -pfunctab=CODE \
  -ACONFIG=02007h-02008h -pconfig=CONFIG -DCONFIG=2 -AIDLOC=02000h-02003h \
  -pidloc=IDLOC -DIDLOC=2 -AEEDATA=00h-0FFh/02100h -peeprom_data=EEDATA \
  -DEEDATA=2 -DCODE=2 -DSTRCODE=2 -DSTRING=2 -DCONST=2 -DENTRY=2 -k \
  startup.obj test.obj 

Object code version is 3.10

Machine type is 16F887



                Name                               Link     Load   Length Selector   Space Scale
startup.obj     end_init                              0        0        3        0       0
test.obj        text114                             6CA      6CA       14      D94       0
                text113                             6F7      6F7       1B      DEE       0
                text112                             75A      75A       A6      EB4       0
                text111                             6DE      6DE       19      DBC       0
                text110                             6B8      6B8        9      D70       0
                text109                             6C1      6C1        9      D82       0
                maintext                            712      712       48      E24       0
                cstackCOMMON                         70       70        8       70       1
                cinit                               6B4      6B4        4      D68       0

TOTAL           Name                               Link     Load   Length     Space
        CLASS   CONST          

        CLASS   CODE           
                end_init                              0        0        3         0
                text114                             6CA      6CA       14         0
                text113                             6F7      6F7       1B         0
                text112                             75A      75A       A6         0
                text111                             6DE      6DE       19         0
                text110                             6B8      6B8        9         0
                text109                             6C1      6C1        9         0
                maintext                            712      712       48         0
                cinit                               6B4      6B4        4         0

        CLASS   STRCODE        

        CLASS   ENTRY          

        CLASS   STRING         

        CLASS   BANK0          

        CLASS   BANK1          

        CLASS   BANK2          

        CLASS   BANK3          

        CLASS   RAM            

        CLASS   ABS1           
                abs_s1                               7E       7E        2         1

        CLASS   COMMON         
                cstackCOMMON                         70       70        8         1

        CLASS   SFR0           

        CLASS   SFR1           

        CLASS   SFR2           

        CLASS   SFR3           

        CLASS   CONFIG         

        CLASS   IDLOC          

        CLASS   EEDATA         



SEGMENTS        Name                           Load    Length   Top    Selector   Space  Class     Delta

                reset_vec                      000000  000003  000003         0       0  CODE        2
                cstackCOMMON                   000070  000008  000078        70       1  COMMON      1
                cinit                          0006B4  000004  0006B8       D68       0  CODE        2
                text110                        0006B8  000009  0006C1       D70       0  CODE        2
                text109                        0006C1  000009  0006CA       D82       0  CODE        2
                text114                        0006CA  000014  0006DE       D94       0  CODE        2
                text111                        0006DE  000019  0006F7       DBC       0  CODE        2
                text113                        0006F7  00001B  000712       DEE       0  CODE        2
                maintext                       000712  000048  00075A       E24       0  CODE        2
                text112                        00075A  0000A6  000800       EB4       0  CODE        2


UNUSED ADDRESS RANGES

        Name                Unused          Largest block    Delta
        BANK0            0020-006F             50           1
        BANK1            00A0-00EF             50           1
        BANK2            0110-016F             60           1
        BANK3            0190-01EF             60           1
        CODE             0003-06B3            6B1           2
                         0800-1FFF            800
        COMMON           0078-007D              6           1
        CONFIG           2007-2008              2           2
        CONST            0003-06B3            100           2
                         0800-1FFF            100
        EEDATA           2100-21FF            100           2
        ENTRY            0003-06B3            100           2
                         0800-1FFF            100
        IDLOC            2000-2003              4           2
        RAM              0020-006F             50           1
                         00A0-00EF             50
                         0110-016F             60
                         0190-01EF             60
        SFR0             0000-001F             20           1
        SFR1             0080-009F             20           1
        SFR2             0100-010F             10           1
        SFR3             0180-018F             10           1
        STRCODE          0003-06B3            6B1           2
                         0800-1FFF           1800
        STRING           0003-06B3            100           2
                         0800-1FFF            100

                                  Symbol Table

??_cmd                cstackCOMMON 0072
??_dat                cstackCOMMON 0072
??_delay              cstackCOMMON 0072
??_getn               cstackCOMMON 0071
??_latch              cstackCOMMON 0072
??_main               cstackCOMMON 0078
??_setlcd             cstackCOMMON 0075
?_cmd                 cstackCOMMON 0070
?_dat                 cstackCOMMON 0070
?_delay               cstackCOMMON 0070
?_getn                cstackCOMMON 0070
?_latch               cstackCOMMON 0070
?_main                cstackCOMMON 0070
?_setlcd              cstackCOMMON 0070
_PORTB                (abs)        0006
_RC0                  (abs)        0038
_RC1                  (abs)        0039
_RC2                  (abs)        003A
_RC3                  (abs)        003B
_RD0                  (abs)        0040
_RD1                  (abs)        0041
_RD2                  (abs)        0042
_RD3                  (abs)        0043
_RD4                  (abs)        0044
_RD5                  (abs)        0045
_TRISB                (abs)        0086
_TRISC                (abs)        0087
_TRISD                (abs)        0088
__Habs1               abs1         0000
__Hbank0              bank0        0000
__Hbank1              bank1        0000
__Hbank2              bank2        0000
__Hbank3              bank3        0000
__Hcinit              cinit        0000
__Hclrtext            clrtext      0000
__Hcode               code         0000
__Hcommon             common       0000
__Hconfig             config       0000
__HcstackCOMMON       cstackCOMMON 0000
__Heeprom_data        eeprom_data  0000
__Hend_init           end_init     0003
__Hfunctab            functab      0000
__Hidloc              idloc        0000
__Hinit               init         0000
__Hintentry           intentry     0000
__Hmaintext           maintext     0000
__Hpowerup            powerup      0000
__Hram                ram          0000
__Hreset_vec          reset_vec    0000
__Hsfr0               sfr0         0000
__Hsfr1               sfr1         0000
__Hsfr2               sfr2         0000
__Hsfr3               sfr3         0000
__Hstrings            strings      0000
__Htext               text         0000
__Labs1               abs1         0000
__Lbank0              bank0        0000
__Lbank1              bank1        0000
__Lbank2              bank2        0000
__Lbank3              bank3        0000
__Lcinit              cinit        0000
__Lclrtext            clrtext      0000
__Lcode               code         0000
__Lcommon             common       0000
__Lconfig             config       0000
__LcstackCOMMON       cstackCOMMON 0000
__Leeprom_data        eeprom_data  0000
__Lend_init           end_init     0000
__Lfunctab            functab      0000
__Lidloc              idloc        0000
__Linit               init         0000
__Lintentry           intentry     0000
__Lmaintext           maintext     0000
__Lpowerup            powerup      0000
__Lram                ram          0000
__Lreset_vec          reset_vec    0000
__Lsfr0               sfr0         0000
__Lsfr1               sfr1         0000
__Lsfr2               sfr2         0000
__Lsfr3               sfr3         0000
__Lstrings            strings      0000
__Ltext               text         0000
__S0                  (abs)        0800
__S1                  (abs)        0078
__S2                  (abs)        0000
__end_of_cmd          text110      06C1
__end_of_dat          text109      06CA
__end_of_delay        text114      06DE
__end_of_getn         text113      0712
__end_of_latch        text111      06F7
__end_of_main         maintext     075A
__end_of_setlcd       text112      0800
__pcstackCOMMON       cstackCOMMON 0070
__pmaintext           maintext     0712
__ptext108            text108      0000
__ptext109            text109      06C1
__ptext110            text110      06B8
__ptext111            text111      06DE
__ptext112            text112      075A
__ptext113            text113      06F7
__ptext114            text114      06CA
__ptext115            text115      0000
__size_of_cmd         (abs)        0000
__size_of_dat         (abs)        0000
__size_of_delay       (abs)        0000
__size_of_getn        (abs)        0000
__size_of_latch       (abs)        0000
__size_of_main        (abs)        0000
__size_of_setlcd      (abs)        0000
_cmd                  text110      06B8
_dat                  text109      06C1
_delay                text114      06CA
_exit                 init         0000
_getn                 text113      06F7
_latch                text111      06DE
_main                 maintext     0712
_setlcd               text112      075A
btemp                 (abs)        007E
delay@i               cstackCOMMON 0070
end_of_initialization cinit        06B4
getn@c                cstackCOMMON 0073
getn@n                cstackCOMMON 0070
getn@tmp              cstackCOMMON 0074
intlevel0             functab      0000
intlevel1             functab      0000
intlevel2             functab      0000
intlevel3             functab      0000
intlevel4             functab      0000
intlevel5             functab      0000
reset_vec             reset_vec    0000
setlcd@number         cstackCOMMON 0077
start                 init         0000
start_initialization  cinit        06B4
wtemp0                (abs)        007E
