

HI-TECH Software PIC LITE Macro Assembler V9.81 build 7503 
                                                                                               Sat Jun 24 12:34:08 2017

HI-TECH Software Omniscient Code Generator (Lite mode) build 7503
     1  0000                     opt subtitle "HI-TECH Software Omniscient Code Generator (Lite mode) build 7503"
     2                           
     3                           opt pagewidth 120
     4                           
     5                           	opt lm
     6                           
     7                           	processor	16F887
     8                           clrc	macro
     9                           	bcf	3,0
    10  0000                     	endm
    11                           clrz	macro
    12                           	bcf	3,2
    13  0000                     	endm
    14                           setc	macro
    15                           	bsf	3,0
    16  0000                     	endm
    17                           setz	macro
    18                           	bsf	3,2
    19  0000                     	endm
    20                           skipc	macro
    21                           	btfss	3,0
    22  0000                     	endm
    23                           skipz	macro
    24                           	btfss	3,2
    25  0000                     	endm
    26                           skipnc	macro
    27                           	btfsc	3,0
    28  0000                     	endm
    29                           skipnz	macro
    30                           	btfsc	3,2
    31  0000                     	endm
    32  0000                     indf	equ	0
    33  0000                     indf0	equ	0
    34  0002                     pc	equ	2
    35  0002                     pcl	equ	2
    36  0003                     status	equ	3
    37  0004                     fsr	equ	4
    38  0004                     fsr0	equ	4
    39  0001                     c	equ	1
    40  0000                     z	equ	0
    41  000A                     pclath	equ	10
    42                           	FNROOT	_main
    43                           	global	main@F1601
    44                           	global	main@F1603
    45                           psect	idataBANK0,class=CODE,space=0,delta=2
    46                           global __pidataBANK0
    47  0764                     __pidataBANK0:
    48                           	file	"Z:\home\shivesh\Proteus 7.7 Professional\PROJECTS\Training_Project\Code\mssd\mssd
                                 _1.c"
    49                           	line	5
    50                           
    51                           ;initializer for main@F1601
    52  0764  343F               	retlw	03Fh
    53  0765  3400               	retlw	0
    54                           
    55  0766  3406               	retlw	06h
    56  0767  3400               	retlw	0
    57                           
    58  0768  345B               	retlw	05Bh
    59  0769  3400               	retlw	0
    60                           
    61  076A  344F               	retlw	04Fh
    62  076B  3400               	retlw	0
    63                           
    64  076C  3466               	retlw	066h
    65  076D  3400               	retlw	0
    66                           
    67  076E  34ED               	retlw	0EDh
    68  076F  3400               	retlw	0
    69                           
    70  0770  34FD               	retlw	0FDh
    71  0771  3400               	retlw	0
    72                           
    73  0772  3487               	retlw	087h
    74  0773  3400               	retlw	0
    75                           
    76  0774  34FF               	retlw	0FFh
    77  0775  3400               	retlw	0
    78                           
    79  0776  34EF               	retlw	0EFh
    80  0777  3400               	retlw	0
    81                           
    82                           	line	17
    83                           
    84                           ;initializer for main@F1603
    85  0778  3401               	retlw	01h
    86  0779  3400               	retlw	0
    87                           
    88  077A  3402               	retlw	02h
    89  077B  3400               	retlw	0
    90                           
    91  077C  3404               	retlw	04h
    92  077D  3400               	retlw	0
    93                           
    94  077E  3408               	retlw	08h
    95  077F  3400               	retlw	0
    96                           
    97                           	global	_PORTC
    98  0007                     _PORTC	set	7
    99                           	global	_PORTD
   100  0008                     _PORTD	set	8
   101                           	global	_TRISC
   102  0087                     _TRISC	set	135
   103                           	global	_TRISD
   104  0088                     _TRISD	set	136
   105                           	file	"mssd_1.as"
   106                           	line	#
   107                           psect cinit,class=CODE,delta=2
   108                           global start_initialization
   109  0752                     start_initialization:
   110                           
   111                           psect	dataBANK0,class=BANK0,space=1
   112                           global __pdataBANK0
   113  0040                     __pdataBANK0:
   114                           	file	"Z:\home\shivesh\Proteus 7.7 Professional\PROJECTS\Training_Project\Code\mssd\mssd
                                 _1.c"
   115                           	line	5
   116  0040                     main@F1601:
   117  0040                            ds      20
   118                           
   119                           psect	dataBANK0
   120                           	file	"Z:\home\shivesh\Proteus 7.7 Professional\PROJECTS\Training_Project\Code\mssd\mssd
                                 _1.c"
   121                           	line	17
   122  0054                     main@F1603:
   123  0054                            ds      8
   124                           
   125                           global btemp
   126                           psect inittext,class=CODE,delta=2
   127                           global init_fetch,btemp
   128                           ;	Called with low address in FSR and high address in W
   129  0741                     init_fetch:
   130  0741  087E               	movf btemp,w
   131  0742  008A               	movwf pclath
   132  0743  087F               	movf btemp+1,w
   133  0744  0082               	movwf pc
   134                           global init_ram
   135                           ;Called with:
   136                           ;	high address of idata address in btemp 
   137                           ;	low address of idata address in btemp+1 
   138                           ;	low address of data in FSR
   139                           ;	high address + 1 of data in btemp-1
   140  0745                     init_ram:
   141  0745  2741  120A  118A   	fcall init_fetch
   142  0748  0080               	movwf indf,f
   143  0749  0A84               	incf fsr,f
   144  074A  0804               	movf fsr,w
   145  074B  067D               	xorwf btemp-1,w
   146  074C  1903               	btfsc status,2
   147  074D  3400               	retlw 0
   148  074E  0AFF               	incf btemp+1,f
   149  074F  1903               	btfsc status,2
   150  0750  0AFE               	incf btemp,f
   151  0751  2F45               	goto init_ram
   152                           ; Initialize objects allocated to BANK0
   153                           psect cinit,class=CODE,delta=2
   154                           global init_ram, __pidataBANK0
   155  0752  1383               	bcf	status, 7	;select IRP bank0
   156  0753  305C               	movlw low(__pdataBANK0+28)
   157  0754  00FD               	movwf btemp-1,f
   158  0755  3007               	movlw high(__pidataBANK0)
   159  0756  00FE               	movwf btemp,f
   160  0757  3064               	movlw low(__pidataBANK0)
   161  0758  00FF               	movwf btemp+1,f
   162  0759  3040               	movlw low(__pdataBANK0)
   163  075A  0084               	movwf fsr,f
   164  075B  120A  118A  2745   	fcall init_ram
              120A  118A         
   165                           psect cinit,class=CODE,delta=2
   166                           global end_of_initialization
   167                           
   168                           ;End of C runtime variable initialization code
   169                           
   170  0760                     end_of_initialization:
   171  0760  0183               clrf status
   172  0761  120A  118A  2F80   ljmp _main	;jump to C main() function
   173                           psect	cstackCOMMON,class=COMMON,space=1
   174                           global __pcstackCOMMON
   175  0070                     __pcstackCOMMON:
   176                           	global	?_main
   177  0070                     ?_main:	; 0 bytes @ 0x0
   178                           	global	??_main
   179  0070                     ??_main:	; 0 bytes @ 0x0
   180  0070                     	ds	4
   181                           psect	cstackBANK0,class=BANK0,space=1
   182                           global __pcstackBANK0
   183  0020                     __pcstackBANK0:
   184                           	global	main@max
   185  0020                     main@max:	; 20 bytes @ 0x0
   186  0020                     	ds	20
   187                           	global	main@po
   188  0034                     main@po:	; 8 bytes @ 0x14
   189  0034                     	ds	8
   190                           	global	main@x
   191  003C                     main@x:	; 2 bytes @ 0x1C
   192  003C                     	ds	2
   193                           	global	main@i
   194  003E                     main@i:	; 2 bytes @ 0x1E
   195  003E                     	ds	2
   196 ;;Data sizes: Strings 0, constant 0, data 28, bss 0, persistent 0 stack 0
   197 ;;Auto spaces:   Size  Autos    Used
   198 ;; COMMON          14      4       4
   199 ;; BANK0           80     32      60
   200 ;; BANK1           80      0       0
   201 ;; BANK3           96      0       0
   202 ;; BANK2           96      0       0
   203                           
   204 ;;
   205 ;; Pointer list with targets:
   206                           
   207                           
   208                           
   209 ;;
   210 ;; Critical Paths under _main in COMMON
   211 ;;
   212 ;;   None.
   213 ;;
   214 ;; Critical Paths under _main in BANK0
   215 ;;
   216 ;;   None.
   217 ;;
   218 ;; Critical Paths under _main in BANK1
   219 ;;
   220 ;;   None.
   221 ;;
   222 ;; Critical Paths under _main in BANK3
   223 ;;
   224 ;;   None.
   225 ;;
   226 ;; Critical Paths under _main in BANK2
   227 ;;
   228 ;;   None.
   229                           
   230 ;;
   231 ;;Main: autosize = 0, tempsize = 4, incstack = 0, save=0
   232 ;;
   233                           
   234 ;;
   235 ;;Call Graph Tables:
   236 ;;
   237 ;; ---------------------------------------------------------------------------------
   238 ;; (Depth) Function   	        Calls       Base Space   Used Autos Params    Refs
   239 ;; ---------------------------------------------------------------------------------
   240 ;; (0) _main                                                38    38      0     118
   241 ;;                                              0 COMMON     4     4      0
   242 ;;                                              0 BANK0     32    32      0
   243 ;; ---------------------------------------------------------------------------------
   244 ;; Estimated maximum stack depth 0
   245 ;; ---------------------------------------------------------------------------------
   246                           
   247 ;; Call Graph Graphs:
   248                           
   249 ;; _main (ROOT)
   250 ;;
   251                           
   252 ;; Address spaces:
   253                           
   254 ;;Name               Size   Autos  Total    Cost      Usage
   255 ;;BANK3               60      0       0       9        0.0%
   256 ;;BITBANK3            60      0       0       8        0.0%
   257 ;;SFR3                 0      0       0       4        0.0%
   258 ;;BITSFR3              0      0       0       4        0.0%
   259 ;;BANK2               60      0       0      11        0.0%
   260 ;;BITBANK2            60      0       0      10        0.0%
   261 ;;SFR2                 0      0       0       5        0.0%
   262 ;;BITSFR2              0      0       0       5        0.0%
   263 ;;SFR1                 0      0       0       2        0.0%
   264 ;;BITSFR1              0      0       0       2        0.0%
   265 ;;BANK1               50      0       0       7        0.0%
   266 ;;BITBANK1            50      0       0       6        0.0%
   267 ;;CODE                 0      0       0       0        0.0%
   268 ;;DATA                 0      0      40      12        0.0%
   269 ;;ABS                  0      0      40       3        0.0%
   270 ;;NULL                 0      0       0       0        0.0%
   271 ;;STACK                0      0       0       2        0.0%
   272 ;;BANK0               50     20      3C       5       75.0%
   273 ;;BITBANK0            50      0       0       4        0.0%
   274 ;;SFR0                 0      0       0       1        0.0%
   275 ;;BITSFR0              0      0       0       1        0.0%
   276 ;;COMMON               E      4       4       1       28.6%
   277 ;;BITCOMMON            E      0       0       0        0.0%
   278 ;;EEDATA             100      0       0       0        0.0%
   279                           
   280                           	global	_main
   281                           psect	maintext,global,class=CODE,delta=2
   282                           global __pmaintext
   283  0780                     __pmaintext:
   284                           
   285 ;; *************** function _main *****************
   286 ;; Defined at:
   287 ;;		line 3 in file "Z:\home\shivesh\Proteus 7.7 Professional\PROJECTS\Training_Project\Code\mssd\mssd_1.c"
   288 ;; Parameters:    Size  Location     Type
   289 ;;		None
   290 ;; Auto vars:     Size  Location     Type
   291 ;;  max            20    0[BANK0 ] int [10]
   292 ;;  po              8   20[BANK0 ] int [4]
   293 ;;  i               2   30[BANK0 ] int 
   294 ;;  x               2   28[BANK0 ] int 
   295 ;;  press           2    0        int 
   296 ;; Return value:  Size  Location     Type
   297 ;;		None               void
   298 ;; Registers used:
   299 ;;		wreg, fsr0l, fsr0h, status,2, status,0, btemp+1
   300 ;; Tracked objects:
   301 ;;		On entry : 17F/0
   302 ;;		On exit  : 0/0
   303 ;;		Unchanged: 0/0
   304 ;; Data sizes:     COMMON   BANK0   BANK1   BANK3   BANK2
   305 ;;      Params:         0       0       0       0       0
   306 ;;      Locals:         0      32       0       0       0
   307 ;;      Temps:          4       0       0       0       0
   308 ;;      Totals:         4      32       0       0       0
   309 ;;Total ram usage:       36 bytes
   310 ;; This function calls:
   311 ;;		Nothing
   312 ;; This function is called by:
   313 ;;		Startup code after reset
   314 ;; This function uses a non-reentrant model
   315 ;;
   316                           psect	maintext
   317                           	file	"Z:\home\shivesh\Proteus 7.7 Professional\PROJECTS\Training_Project\Code\mssd\mssd
                                 _1.c"
   318                           	line	3
   319                           	global	__size_of_main
   320  0080                     	__size_of_main	equ	__end_of_main-_main
   321                           	
   322  0780                     _main:	
   323                           	opt	stack 8
   324                           ; Regs used in _main: [wreg-fsr0h+status,2+status,0+btemp+1]
   325                           	line	16
   326                           	
   327  0780                     l2198:	
   328                           ;mssd_1.c: 4: int press;
   329                           ;mssd_1.c: 5: int max[]={
   330                           ;mssd_1.c: 6: 0x3F,
   331                           ;mssd_1.c: 7: 0x06,
   332                           ;mssd_1.c: 8: 0x5B,
   333                           ;mssd_1.c: 9: 0x4F,
   334                           ;mssd_1.c: 10: 0x66,
   335                           ;mssd_1.c: 11: 0b11101101,
   336                           ;mssd_1.c: 12: 0b11111101,
   337                           ;mssd_1.c: 13: 0b10000111,
   338                           ;mssd_1.c: 14: 0b11111111,
   339                           ;mssd_1.c: 15: 0b11101111
   340                           ;mssd_1.c: 16: };
   341  0780  3020               	movlw	(main@max)&0ffh
   342  0781  0084               	movwf	fsr0
   343  0782  3040               	movlw	low(main@F1601)
   344  0783  00F0               	movwf	(??_main+0)+0
   345  0784  0804               	movf	fsr0,w
   346  0785  00F1               	movwf	((??_main+0)+0+1)
   347  0786  3014               	movlw	20
   348  0787  00F2               	movwf	((??_main+0)+0+2)
   349  0788                     u2190:
   350  0788  0870               	movf	(??_main+0)+0,w
   351  0789  0084               	movwf	fsr0
   352  078A  1383               	bcf	status, 7	;select IRP bank0
   353                           	
   354  078B  0800               	movf	indf,w
   355  078C  00F3               	movwf	((??_main+0)+0+3)
   356  078D  0AF0               	incf	(??_main+0)+0,f
   357  078E  0871               	movf	((??_main+0)+0+1),w
   358  078F  0084               	movwf	fsr0
   359                           	
   360  0790  0873               	movf	((??_main+0)+0+3),w
   361  0791  0080               	movwf	indf
   362  0792  0AF1               	incf	((??_main+0)+0+1),f
   363  0793  0BF2               	decfsz	((??_main+0)+0+2),f
   364  0794  2F88               	goto	u2190
   365                           	line	17
   366                           ;mssd_1.c: 17: int po[]={0b00000001,0b00000010,0b00000100,0b00001000};
   367  0795  3034               	movlw	(main@po)&0ffh
   368  0796  0084               	movwf	fsr0
   369  0797  3054               	movlw	low(main@F1603)
   370  0798  00F0               	movwf	(??_main+0)+0
   371  0799  0804               	movf	fsr0,w
   372  079A  00F1               	movwf	((??_main+0)+0+1)
   373  079B  3008               	movlw	8
   374  079C  00F2               	movwf	((??_main+0)+0+2)
   375  079D                     u2200:
   376  079D  0870               	movf	(??_main+0)+0,w
   377  079E  0084               	movwf	fsr0
   378  079F  1383               	bcf	status, 7	;select IRP bank0
   379                           	
   380  07A0  0800               	movf	indf,w
   381  07A1  00F3               	movwf	((??_main+0)+0+3)
   382  07A2  0AF0               	incf	(??_main+0)+0,f
   383  07A3  0871               	movf	((??_main+0)+0+1),w
   384  07A4  0084               	movwf	fsr0
   385                           	
   386  07A5  0873               	movf	((??_main+0)+0+3),w
   387  07A6  0080               	movwf	indf
   388  07A7  0AF1               	incf	((??_main+0)+0+1),f
   389  07A8  0BF2               	decfsz	((??_main+0)+0+2),f
   390  07A9  2F9D               	goto	u2200
   391                           	line	19
   392                           	
   393  07AA                     l2200:	
   394                           ;mssd_1.c: 19: int i=0;
   395  07AA  1283               	bcf	status, 5	;RP0=0, select bank0
   396  07AB  1303               	bcf	status, 6	;RP1=0, select bank0
   397  07AC  01BE               	clrf	(main@i)
   398  07AD  01BF               	clrf	(main@i+1)
   399                           	line	20
   400                           	
   401  07AE                     l2202:	
   402                           ;mssd_1.c: 20: int x=40;
   403  07AE  3028               	movlw	low(028h)
   404  07AF  00BC               	movwf	(main@x)
   405  07B0  3000               	movlw	high(028h)
   406  07B1  00BD               	movwf	((main@x))+1
   407                           	line	21
   408                           	
   409  07B2                     l2204:	
   410                           ;mssd_1.c: 21: TRISC=0x00;
   411  07B2  1683               	bsf	status, 5	;RP0=1, select bank1
   412  07B3  1303               	bcf	status, 6	;RP1=0, select bank1
   413  07B4  0187               	clrf	(135)^080h	;volatile
   414                           	line	22
   415                           	
   416  07B5                     l2206:	
   417                           ;mssd_1.c: 22: TRISD=0x00;
   418  07B5  0188               	clrf	(136)^080h	;volatile
   419  07B6  2FB7               	goto	l2208
   420                           	line	23
   421                           ;mssd_1.c: 23: while(1){
   422                           	
   423  07B7                     l1029:	
   424                           	line	25
   425                           	
   426  07B7                     l2208:	
   427                           ;mssd_1.c: 25: for(i=0;i<4;i++){
   428  07B7  1283               	bcf	status, 5	;RP0=0, select bank0
   429  07B8  1303               	bcf	status, 6	;RP1=0, select bank0
   430  07B9  01BE               	clrf	(main@i)
   431  07BA  01BF               	clrf	(main@i+1)
   432                           	
   433  07BB                     l2210:	
   434  07BB  083F               	movf	(main@i+1),w
   435  07BC  3A80               	xorlw	80h
   436  07BD  00FF               	movwf	btemp+1
   437  07BE  3080               	movlw	(high(04h))^80h
   438  07BF  027F               	subwf	btemp+1,w
   439  07C0  1D03               	skipz
   440  07C1  2FC4               	goto	u2215
   441  07C2  3004               	movlw	low(04h)
   442  07C3  023E               	subwf	(main@i),w
   443  07C4                     u2215:
   444                           
   445  07C4  1C03               	skipc
   446  07C5  2FC7               	goto	u2211
   447  07C6  2FC8               	goto	u2210
   448  07C7                     u2211:
   449  07C7  2FCA               	goto	l2214
   450  07C8                     u2210:
   451  07C8  2FB7               	goto	l2208
   452                           	
   453  07C9                     l2212:	
   454  07C9  2FB7               	goto	l2208
   455                           	
   456  07CA                     l1030:	
   457                           	line	27
   458                           	
   459  07CA                     l2214:	
   460                           ;mssd_1.c: 27: PORTC=0xFF;;
   461  07CA  30FF               	movlw	(0FFh)
   462  07CB  1283               	bcf	status, 5	;RP0=0, select bank0
   463  07CC  1303               	bcf	status, 6	;RP1=0, select bank0
   464  07CD  0087               	movwf	(7)	;volatile
   465                           	line	29
   466                           	
   467  07CE                     l2216:	
   468                           ;mssd_1.c: 29: PORTD=po[i];
   469  07CE  083E               	movf	(main@i),w
   470  07CF  00F0               	movwf	(??_main+0)+0
   471  07D0  0770               	addwf	(??_main+0)+0,w
   472  07D1  3E34               	addlw	main@po&0ffh
   473  07D2  0084               	movwf	fsr0
   474  07D3  1383               	bcf	status, 7	;select IRP bank0
   475  07D4  0800               	movf	indf,w
   476  07D5  0088               	movwf	(8)	;volatile
   477                           	line	31
   478                           ;mssd_1.c: 31: while(x-->0);
   479  07D6  2FD8               	goto	l2218
   480                           	
   481  07D7                     l1033:	
   482  07D7  2FD8               	goto	l2218
   483                           	
   484  07D8                     l1032:	
   485                           	
   486  07D8                     l2218:	
   487  07D8  30FF               	movlw	low(-1)
   488  07D9  07BC               	addwf	(main@x),f
   489  07DA  1803               	skipnc
   490  07DB  0ABD               	incf	(main@x+1),f
   491  07DC  30FF               	movlw	high(-1)
   492  07DD  07BD               	addwf	(main@x+1),f
   493  07DE  1FBD               	btfss	((main@x+1)),7
   494  07DF  2FE1               	goto	u2221
   495  07E0  2FE2               	goto	u2220
   496  07E1                     u2221:
   497  07E1  2FD8               	goto	l2218
   498  07E2                     u2220:
   499  07E2  2FE3               	goto	l2220
   500                           	
   501  07E3                     l1034:	
   502                           	line	32
   503                           	
   504  07E3                     l2220:	
   505                           ;mssd_1.c: 32: x=100;
   506  07E3  3064               	movlw	low(064h)
   507  07E4  00BC               	movwf	(main@x)
   508  07E5  3000               	movlw	high(064h)
   509  07E6  00BD               	movwf	((main@x))+1
   510                           	line	25
   511  07E7  3001               	movlw	low(01h)
   512  07E8  07BE               	addwf	(main@i),f
   513  07E9  1803               	skipnc
   514  07EA  0ABF               	incf	(main@i+1),f
   515  07EB  3000               	movlw	high(01h)
   516  07EC  07BF               	addwf	(main@i+1),f
   517                           	
   518  07ED                     l2222:	
   519  07ED  083F               	movf	(main@i+1),w
   520  07EE  3A80               	xorlw	80h
   521  07EF  00FF               	movwf	btemp+1
   522  07F0  3080               	movlw	(high(04h))^80h
   523  07F1  027F               	subwf	btemp+1,w
   524  07F2  1D03               	skipz
   525  07F3  2FF6               	goto	u2235
   526  07F4  3004               	movlw	low(04h)
   527  07F5  023E               	subwf	(main@i),w
   528  07F6                     u2235:
   529                           
   530  07F6  1C03               	skipc
   531  07F7  2FF9               	goto	u2231
   532  07F8  2FFA               	goto	u2230
   533  07F9                     u2231:
   534  07F9  2FCA               	goto	l2214
   535  07FA                     u2230:
   536  07FA  2FB7               	goto	l2208
   537                           	
   538  07FB                     l1031:	
   539  07FB  2FB7               	goto	l2208
   540                           	line	34
   541                           	
   542  07FC                     l1035:	
   543                           	line	23
   544  07FC  2FB7               	goto	l2208
   545                           	
   546  07FD                     l1036:	
   547                           	line	36
   548                           	
   549  07FD                     l1037:	
   550                           	global	start
   551  07FD  120A  118A  2800   	ljmp	start
   552                           	opt stack 0
   553                           GLOBAL	__end_of_main
   554  0800                     	__end_of_main:
   555 ;; =============== function _main ends ============
   556                           
   557                           	signat	_main,88
   558                           psect	maintext
   559                           	global	btemp
   560  007E                     	btemp set 07Eh
   561                           
   562                           	DABS	1,126,2	;btemp
   563                           	global	wtemp0
   564  007E                     	wtemp0 set btemp


HI-TECH Software PICC Macro Assembler V9.81 build 7503 
Symbol Table                                                                                   Sat Jun 24 12:34:08 2017

                   pc 0002                    fsr 0004                   fsr0 0004                   indf 0000  
                l1030 07CA                  l1031 07FB                  l1032 07D8                  l1033 07D7  
                l1034 07E3                  l1035 07FC                  l1036 07FD                  l1037 07FD  
                l1029 07B7                  l2200 07AA                  l2210 07BB                  l2202 07AE  
                l2220 07E3                  l2212 07C9                  l2204 07B2                  l2222 07ED  
                l2214 07CA                  l2206 07B5                  l2216 07CE                  l2208 07B7  
                l2218 07D8                  l2198 0780                  u2200 079D                  u2210 07C8  
                u2211 07C7                  u2220 07E2                  u2221 07E1                  u2230 07FA  
                u2231 07F9                  u2215 07C4                  u2235 07F6                  u2190 0788  
                _main 0780                  btemp 007E                  start 0000                 ?_main 0070  
               _PORTC 0007                 _PORTD 0008                 _TRISC 0087                 _TRISD 0088  
               main@i 003E                 main@x 003C                 pclath 000A                 status 0003  
               wtemp0 007E          __end_of_main 0800                ??_main 0070                main@po 0034  
      __pcstackCOMMON 0070          __pidataBANK0 0764            __pmaintext 0780               main@max 0020  
end_of_initialization 0760               init_ram 0745   start_initialization 0752           __pdataBANK0 0040  
       __pcstackBANK0 0020             main@F1601 0040             main@F1603 0054             init_fetch 0741  
       __size_of_main 0080  
