HI-TECH Software C Compiler 

Linker command line:

--edf=C:\Program Files (x86)\HI-TECH Software\PICC\9.81\dat\en_msgs.txt -cs \
  -h+prev1.sym -z -Q16F877 -ol.obj -Mprev1.map -E1 -ACONST=00h-0FFhx32 \
  -ACODE=00h-07FFhx4 -ASTRCODE=00h-01FFFh -AENTRY=00h-0FFhx32 \
  -ASTRING=00h-0FFhx32 -ABANK0=020h-06Fh -ABANK1=0A0h-0EFh \
  -ABANK2=0110h-016Fh -ABANK3=0190h-01EFh \
  -ARAM=020h-06Fh,0A0h-0EFh,0110h-016Fh,0190h-01EFh \
  -AABS1=020h-07Fh,0A0h-0EFh,0110h-016Fh,0190h-01EFh -ACOMMON=070h-07Fh \
  -ASFR0=00h-01Fh -ASFR1=080h-09Fh -ASFR2=0100h-010Fh -ASFR3=0180h-018Fh \
  -preset_vec=00h,intentry,init,end_init -ppowerup=CODE -pfunctab=CODE \
  -ACONFIG=02007h-02007h -pconfig=CONFIG -DCONFIG=2 -AIDLOC=02000h-02003h \
  -pidloc=IDLOC -DIDLOC=2 -AEEDATA=00h-0FFh/02100h -peeprom_data=EEDATA \
  -DEEDATA=2 -DCODE=2 -DSTRCODE=2 -DSTRING=2 -DCONST=2 -DENTRY=2 -k \
  startup.obj prev1.obj 

Object code version is 3.10

Machine type is 16F877



                Name                               Link     Load   Length Selector   Space Scale
startup.obj     end_init                              0        0        3        0       0
prev1.obj       text554                             B04      B04        8     1608       0
                text553                             D42      D42       49     1A84       0
                text552                             BE1      BE1       29     17C2       0
                text551                             C90      C90       39     1920       0
                text550                             C0A      C0A       29     1814       0
                text549                             B48      B48       14     1690       0
                text548                             334      334      144      668       0
                text547                             AFD      AFD        7     15FA       0
                text546                             C33      C33       2A     1866       0
                text545                              ED       ED       74      1DA       0
                text544                             DEF      DEF       66     1BDE       0
                text543                             249      249       EB      492       0
                text542                             B71      B71       25     16E2       0
                text541                             B96      B96       25     172C       0
                text540                             D04      D04       3E     1A08       0
                text539                             C5D      C5D       33     18BA       0
                text538                             161      161       E8      2C2       0
                text537                             B14      B14        A     1628       0
                text536                             D8B      D8B       64     1B16       0
                text535                             BBB      BBB       26     1776       0
                text534                             E55      E55       CE     1CAA       0
                text533                             F23      F23       DD     1E46       0
                text532                             478      478      388      8F0       0
                maintext                            B5C      B5C       15     16B8       0
                cstackBANK0                          20       20       40       20       1
                cstackCOMMON                         70       70        E       70       1
                cstackBANK1                          A0       A0       40       A0       1
                inittext                            B37      B37       11     166E       0
                clrtext                             B0C      B0C        8     1618       0
                dataBANK3                           1A0      1A0        5      190       1
                bssBANK3                            190      190       10      190       1
                dataBANK1                            E0       E0        F       A0       1
                dataBANK0                            60       60        A       20       1
                bssBANK0                             6A       6A        6       20       1
                cinit                               CC9      CC9       3B     1992       0
                strings                               3        3       EA        6       0
                idataBANK1                          B28      B28        F     1650       0
                idataBANK0                          B1E      B1E        A     163C       0
                idataBANK3                          AF8      AF8        5     15F0       0

TOTAL           Name                               Link     Load   Length     Space
        CLASS   CONST          

        CLASS   CODE           
                end_init                              0        0        3         0
                text554                             B04      B04        8         0
                text553                             D42      D42       49         0
                text552                             BE1      BE1       29         0
                text551                             C90      C90       39         0
                text550                             C0A      C0A       29         0
                text549                             B48      B48       14         0
                text548                             334      334      144         0
                text547                             AFD      AFD        7         0
                text546                             C33      C33       2A         0
                text545                              ED       ED       74         0
                text544                             DEF      DEF       66         0
                text543                             249      249       EB         0
                text542                             B71      B71       25         0
                text541                             B96      B96       25         0
                text540                             D04      D04       3E         0
                text539                             C5D      C5D       33         0
                text538                             161      161       E8         0
                text537                             B14      B14        A         0
                text536                             D8B      D8B       64         0
                text535                             BBB      BBB       26         0
                text534                             E55      E55       CE         0
                text533                             F23      F23       DD         0
                text532                             478      478      388         0
                maintext                            B5C      B5C       15         0
                inittext                            B37      B37       11         0
                clrtext                             B0C      B0C        8         0
                cinit                               CC9      CC9       3B         0
                idataBANK1                          B28      B28        F         0
                idataBANK0                          B1E      B1E        A         0
                idataBANK3                          AF8      AF8        5         0

        CLASS   STRCODE        

        CLASS   ENTRY          

        CLASS   STRING         
                strings                               3        3       EA         0

        CLASS   BANK0          
                cstackBANK0                          20       20       40         1
                dataBANK0                            60       60        A         1
                bssBANK0                             6A       6A        6         1

        CLASS   BANK1          
                cstackBANK1                          A0       A0       40         1
                dataBANK1                            E0       E0        F         1

        CLASS   BANK2          

        CLASS   BANK3          
                dataBANK3                           1A0      1A0        5         1
                bssBANK3                            190      190       10         1

        CLASS   RAM            

        CLASS   ABS1           
                abs_s1                               7E       7E        2         1

        CLASS   COMMON         
                cstackCOMMON                         70       70        E         1

        CLASS   SFR0           

        CLASS   SFR1           

        CLASS   SFR2           

        CLASS   SFR3           

        CLASS   CONFIG         

        CLASS   IDLOC          

        CLASS   EEDATA         



SEGMENTS        Name                           Load    Length   Top    Selector   Space  Class     Delta

                reset_vec                      000000  000003  000003         0       0  CODE        2
                strings                        000003  0000EA  0000ED         6       0  STRING      2
                cstackBANK0                    000020  000050  000070        20       1  BANK0       1
                cstackCOMMON                   000070  00000E  00007E        70       1  COMMON      1
                cstackBANK1                    0000A0  00004F  0000EF        A0       1  BANK1       1
                bssBANK3                       000190  000015  0001A5       190       1  BANK3       1
                text545                        0000ED  000074  000161       1DA       0  CODE        2
                text538                        000161  0000E8  000249       2C2       0  CODE        2
                text543                        000249  0000EB  000334       492       0  CODE        2
                text548                        000334  000144  000478       668       0  CODE        2
                text532                        000478  000388  000800       8F0       0  CODE        2
                idataBANK3                     000AF8  000005  000AFD      15F0       0  CODE        2
                text547                        000AFD  000007  000B04      15FA       0  CODE        2
                text554                        000B04  000008  000B0C      1608       0  CODE        2
                clrtext                        000B0C  000008  000B14      1618       0  CODE        2
                text537                        000B14  00000A  000B1E      1628       0  CODE        2
                idataBANK0                     000B1E  00000A  000B28      163C       0  CODE        2
                idataBANK1                     000B28  00000F  000B37      1650       0  CODE        2
                inittext                       000B37  000011  000B48      166E       0  CODE        2
                text549                        000B48  000014  000B5C      1690       0  CODE        2
                maintext                       000B5C  000015  000B71      16B8       0  CODE        2
                text542                        000B71  000025  000B96      16E2       0  CODE        2
                text541                        000B96  000025  000BBB      172C       0  CODE        2
                text535                        000BBB  000026  000BE1      1776       0  CODE        2
                text552                        000BE1  000029  000C0A      17C2       0  CODE        2
                text550                        000C0A  000029  000C33      1814       0  CODE        2
                text546                        000C33  00002A  000C5D      1866       0  CODE        2
                text539                        000C5D  000033  000C90      18BA       0  CODE        2
                text551                        000C90  000039  000CC9      1920       0  CODE        2
                cinit                          000CC9  00003B  000D04      1992       0  CODE        2
                text540                        000D04  00003E  000D42      1A08       0  CODE        2
                text553                        000D42  000049  000D8B      1A84       0  CODE        2
                text536                        000D8B  000064  000DEF      1B16       0  CODE        2
                text544                        000DEF  000066  000E55      1BDE       0  CODE        2
                text534                        000E55  0000CE  000F23      1CAA       0  CODE        2
                text533                        000F23  0000DD  001000      1E46       0  CODE        2


UNUSED ADDRESS RANGES

        Name                Unused          Largest block    Delta
        BANK1            00EF-00EF              1           1
        BANK2            0110-016F             60           1
        BANK3            01A5-01EF             4B           1
        CODE             0800-0AF7            2F8           2
                         1000-1FFF            800
        CONFIG           2007-2007              1           2
        CONST            0800-0AF7            100           2
                         1000-1FFF            100
        EEDATA           2100-21FF            100           2
        ENTRY            0800-0AF7            100           2
                         1000-1FFF            100
        IDLOC            2000-2003              4           2
        RAM              00EF-00EF              1           1
                         0110-016F             60
                         01A5-01EF             4B
        SFR0             0000-001F             20           1
        SFR1             0080-009F             20           1
        SFR2             0100-010F             10           1
        SFR3             0180-018F             10           1
        STRCODE          0800-0AF7            2F8           2
                         1000-1FFF           1000
        STRING           0800-0AF7            100           2
                         1000-1FFF            100

                                  Symbol Table

??___awdiv            cstackCOMMON 0074
??___awmod            cstackCOMMON 0074
??___wmul             cstackCOMMON 0074
??_actrow             cstackCOMMON 0074
??_check              cstackCOMMON 0072
??_clearlcd           cstackCOMMON 007A
??_cmd                cstackCOMMON 007A
??_dat                cstackCOMMON 007A
??_delay              cstackCOMMON 0072
??_getlogicseq        cstackBANK0  005C
??_init_fun           cstackCOMMON 007E
??_initkeypad         cstackCOMMON 0070
??_initlcd            cstackCOMMON 007A
??_itoaa              cstackCOMMON 007C
??_main               cstackCOMMON 007E
??_resetout           cstackCOMMON 0070
??_scan               cstackCOMMON 0076
??_scroll             cstackBANK0  004A
??_setLCD             cstackCOMMON 0072
??_startswitch        cstackBANK0  0048
??_strcat             cstackCOMMON 0071
??_strcmp             cstackCOMMON 0072
??_strcpy             cstackCOMMON 0072
??_write              cstackCOMMON 007A
?___awdiv             cstackCOMMON 0070
?___awmod             cstackCOMMON 0070
?___wmul              cstackCOMMON 0070
?_actrow              cstackCOMMON 0072
?_check               cstackCOMMON 0070
?_clearlcd            cstackCOMMON 0070
?_cmd                 cstackCOMMON 0078
?_dat                 cstackCOMMON 0078
?_delay               cstackCOMMON 0070
?_getlogicseq         cstackCOMMON 0070
?_init_fun            cstackCOMMON 0070
?_initkeypad          cstackCOMMON 0070
?_initlcd             cstackCOMMON 0070
?_itoaa               cstackCOMMON 0079
?_main                cstackCOMMON 0070
?_resetout            cstackCOMMON 0070
?_scan                cstackCOMMON 0074
?_scroll              cstackBANK0  0048
?_setLCD              cstackCOMMON 0070
?_startswitch         cstackCOMMON 0070
?_strcat              cstackCOMMON 0070
?_strcmp              cstackCOMMON 0070
?_strcpy              cstackCOMMON 0070
?_write               cstackBANK0  0042
_PORTA                (abs)        0005
_PORTB                (abs)        0006
_RB0                  (abs)        0030
_RB1                  (abs)        0031
_RB2                  (abs)        0032
_RB3                  (abs)        0033
_RB6                  (abs)        0036
_RB7                  (abs)        0037
_RC0                  (abs)        0038
_RC1                  (abs)        0039
_RC2                  (abs)        003A
_RC3                  (abs)        003B
_RC4                  (abs)        003C
_RC5                  (abs)        003D
_RC6                  (abs)        003E
_RD0                  (abs)        0040
_RD1                  (abs)        0041
_RD2                  (abs)        0042
_RD3                  (abs)        0043
_RD4                  (abs)        0044
_RD5                  (abs)        0045
_RD6                  (abs)        0046
_RD7                  (abs)        0047
_TRISA                (abs)        0085
_TRISB                (abs)        0086
_TRISC                (abs)        0087
_TRISD                (abs)        0088
__Habs1               abs1         0000
__Hbank0              bank0        0000
__Hbank1              bank1        0000
__Hbank2              bank2        0000
__Hbank3              bank3        0000
__HbssBANK0           bssBANK0     0000
__HbssBANK3           bssBANK3     0000
__Hcinit              cinit        0000
__Hclrtext            clrtext      0000
__Hcode               code         0000
__Hcommon             common       0000
__Hconfig             config       0000
__HcstackBANK0        cstackBANK0  0000
__HcstackBANK1        cstackBANK1  0000
__HcstackCOMMON       cstackCOMMON 0000
__HdataBANK0          dataBANK0    0000
__HdataBANK1          dataBANK1    0000
__HdataBANK3          dataBANK3    0000
__Heeprom_data        eeprom_data  0000
__Hend_init           end_init     0003
__Hfunctab            functab      0000
__HidataBANK0         idataBANK0   0000
__HidataBANK1         idataBANK1   0000
__HidataBANK3         idataBANK3   0000
__Hidloc              idloc        0000
__Hinit               init         0000
__Hinittext           inittext     0000
__Hintentry           intentry     0000
__Hmaintext           maintext     0000
__Hpowerup            powerup      0000
__Hram                ram          0000
__Hreset_vec          reset_vec    0000
__Hsfr0               sfr0         0000
__Hsfr1               sfr1         0000
__Hsfr2               sfr2         0000
__Hsfr3               sfr3         0000
__Hstrings            strings      0000
__Htext               text         0000
__Labs1               abs1         0000
__Lbank0              bank0        0000
__Lbank1              bank1        0000
__Lbank2              bank2        0000
__Lbank3              bank3        0000
__LbssBANK0           bssBANK0     0000
__LbssBANK3           bssBANK3     0000
__Lcinit              cinit        0000
__Lclrtext            clrtext      0000
__Lcode               code         0000
__Lcommon             common       0000
__Lconfig             config       0000
__LcstackBANK0        cstackBANK0  0000
__LcstackBANK1        cstackBANK1  0000
__LcstackCOMMON       cstackCOMMON 0000
__LdataBANK0          dataBANK0    0000
__LdataBANK1          dataBANK1    0000
__LdataBANK3          dataBANK3    0000
__Leeprom_data        eeprom_data  0000
__Lend_init           end_init     0000
__Lfunctab            functab      0000
__LidataBANK0         idataBANK0   0000
__LidataBANK1         idataBANK1   0000
__LidataBANK3         idataBANK3   0000
__Lidloc              idloc        0000
__Linit               init         0000
__Linittext           inittext     0000
__Lintentry           intentry     0000
__Lmaintext           maintext     0000
__Lpowerup            powerup      0000
__Lram                ram          0000
__Lreset_vec          reset_vec    0000
__Lsfr0               sfr0         0000
__Lsfr1               sfr1         0000
__Lsfr2               sfr2         0000
__Lsfr3               sfr3         0000
__Lstrings            strings      0000
__Ltext               text         0000
__S0                  (abs)        1000
__S1                  (abs)        01A5
__S2                  (abs)        0000
___awdiv              text545      00ED
___awdiv@counter      cstackCOMMON 0075
___awdiv@dividend     cstackCOMMON 0072
___awdiv@divisor      cstackCOMMON 0070
___awdiv@quotient     cstackCOMMON 0077
___awdiv@sign         cstackCOMMON 0076
___awmod              text544      0DEF
___awmod@counter      cstackCOMMON 0075
___awmod@dividend     cstackCOMMON 0072
___awmod@divisor      cstackCOMMON 0070
___awmod@sign         cstackCOMMON 0076
___wmul               text546      0C33
___wmul@multiplicand  cstackCOMMON 0072
___wmul@multiplier    cstackCOMMON 0070
___wmul@product       cstackCOMMON 0074
__end_of___awdiv      text545      0161
__end_of___awmod      text544      0E55
__end_of___wmul       text546      0C5D
__end_of_actrow       text540      0D42
__end_of_check        text553      0D8B
__end_of_clearlcd     text537      0B1E
__end_of_cmd          text542      0B96
__end_of_dat          text541      0BBB
__end_of_delay        text549      0B5C
__end_of_getlogicseq  text532      0800
__end_of_init_fun     text535      0BE1
__end_of_initkeypad   text554      0B0C
__end_of_initlcd      text539      0C90
__end_of_itoaa        text543      0334
__end_of_main         maintext     0B71
__end_of_resetout     text547      0B04
__end_of_scan         text538      0249
__end_of_scroll       text534      0F23
__end_of_setLCD       text548      0478
__end_of_startswitch  text533      1000
__end_of_strcat       text550      0C33
__end_of_strcmp       text551      0CC9
__end_of_strcpy       text552      0C0A
__end_of_write        text536      0DEF
__pbssBANK0           bssBANK0     006A
__pbssBANK3           bssBANK3     0190
__pcstackBANK0        cstackBANK0  0020
__pcstackBANK1        cstackBANK1  00A0
__pcstackCOMMON       cstackCOMMON 0070
__pdataBANK0          dataBANK0    0060
__pdataBANK1          dataBANK1    00E0
__pdataBANK3          dataBANK3    01A0
__pidataBANK0         idataBANK0   0B1E
__pidataBANK1         idataBANK1   0B28
__pidataBANK3         idataBANK3   0AF8
__pmaintext           maintext     0B5C
__pstrings            strings      0003
__ptext532            text532      0478
__ptext533            text533      0F23
__ptext534            text534      0E55
__ptext535            text535      0BBB
__ptext536            text536      0D8B
__ptext537            text537      0B14
__ptext538            text538      0161
__ptext539            text539      0C5D
__ptext540            text540      0D04
__ptext541            text541      0B96
__ptext542            text542      0B71
__ptext543            text543      0249
__ptext544            text544      0DEF
__ptext545            text545      00ED
__ptext546            text546      0C33
__ptext547            text547      0AFD
__ptext548            text548      0334
__ptext549            text549      0B48
__ptext550            text550      0C0A
__ptext551            text551      0C90
__ptext552            text552      0BE1
__ptext553            text553      0D42
__ptext554            text554      0B04
__ptext555            text555      0000
__size_of___awdiv     (abs)        0000
__size_of___awmod     (abs)        0000
__size_of___wmul      (abs)        0000
__size_of_actrow      (abs)        0000
__size_of_check       (abs)        0000
__size_of_clearlcd    (abs)        0000
__size_of_cmd         (abs)        0000
__size_of_dat         (abs)        0000
__size_of_delay       (abs)        0000
__size_of_getlogicseq (abs)        0000
__size_of_init_fun    (abs)        0000
__size_of_initkeypad  (abs)        0000
__size_of_initlcd     (abs)        0000
__size_of_itoaa       (abs)        0000
__size_of_main        (abs)        0000
__size_of_resetout    (abs)        0000
__size_of_scan        (abs)        0000
__size_of_scroll      (abs)        0000
__size_of_setLCD      (abs)        0000
__size_of_startswitch (abs)        0000
__size_of_strcat      (abs)        0000
__size_of_strcmp      (abs)        0000
__size_of_strcpy      (abs)        0000
__size_of_write       (abs)        0000
_actrow               text540      0D04
_check                text553      0D42
_clearlcd             text537      0B14
_cmd                  text542      0B71
_dat                  text541      0B96
_delay                text549      0B48
_dev                  bssBANK0     006A
_done_init            bssBANK0     006C
_exit                 init         0000
_getlogicseq          text532      0478
_init_fun             text535      0BBB
_initkeypad           text554      0B04
_initlcd              text539      0C5D
_itoaa                text543      0249
_lo                   dataBANK0    0060
_logic_d1             dataBANK0    0065
_logic_d2             dataBANK1    00E0
_logic_d3             dataBANK1    00E5
_logic_d4             dataBANK3    01A0
_main                 maintext     0B5C
_pdev                 bssBANK0     006E
_plo                  dataBANK1    00EA
_resetout             text547      0AFD
_scan                 text538      0161
_scroll               text534      0E55
_setLCD               text548      0334
_startswitch          text533      0F23
_strcat               text550      0C0A
_strcmp               text551      0C90
_strcpy               text552      0BE1
_write                text536      0D8B
actrow@n              cstackCOMMON 0072
btemp                 (abs)        007E
check@i               cstackCOMMON 0074
check@input           cstackCOMMON 0073
check@logic           cstackCOMMON 0070
clear_ram             clrtext      0B0C
cmd@Command           cstackCOMMON 0078
dat@Command           cstackCOMMON 0078
delay@x               cstackCOMMON 0070
end_of_initialization cinit        0D00
getlogicseq@F1264     bssBANK3     0190
getlogicseq@bf        cstackBANK1  00C0
getlogicseq@ccount    cstackBANK1  00DC
getlogicseq@f1        cstackBANK1  00D2
getlogicseq@f2        cstackBANK1  00D4
getlogicseq@f3        cstackBANK1  00D6
getlogicseq@nf        cstackBANK1  00D8
getlogicseq@num       cstackBANK1  00DE
getlogicseq@snum      cstackBANK1  00C2
getlogicseq@str       cstackBANK1  00A0
getlogicseq@wf        cstackBANK1  00DA
init_fetch            inittext     0B37
init_ram              inittext     0B3B
intlevel0             functab      0000
intlevel1             functab      0000
intlevel2             functab      0000
intlevel3             functab      0000
intlevel4             functab      0000
intlevel5             functab      0000
itoaa@count           cstackBANK0  0020
itoaa@ptr             cstackCOMMON 007B
itoaa@temp            cstackBANK0  0022
itoaa@value           cstackCOMMON 0079
reset_vec             reset_vec    0000
scroll@en             cstackBANK0  004F
scroll@endat          cstackBANK0  0053
scroll@i              cstackBANK0  005A
scroll@len            cstackBANK0  0058
scroll@loopn          cstackBANK0  0055
scroll@loops          cstackBANK0  0048
scroll@st             cstackBANK0  004D
scroll@startat        cstackBANK0  0051
scroll@str            cstackBANK0  0057
setLCD@i              cstackBANK0  0040
setLCD@number         cstackCOMMON 0070
setLCD@size           strings      0013
setLCD@vbool          cstackBANK0  0020
start                 init         0000
start_initialization  cinit        0CC9
strcat@cp             cstackCOMMON 0073
strcat@from           cstackCOMMON 0070
strcat@to             cstackCOMMON 0072
strcmp@r              cstackCOMMON 0076
strcmp@s1             cstackCOMMON 0077
strcmp@s2             cstackCOMMON 0070
strcpy@cp             cstackCOMMON 0076
strcpy@from           cstackCOMMON 0070
strcpy@to             cstackCOMMON 0075
write@erase           cstackBANK0  0046
write@i               cstackCOMMON 007C
write@line            cstackBANK0  0044
write@str             cstackBANK0  0042
wtemp0                (abs)        007E
