HI-TECH Software C Compiler 

Linker command line:

--edf=C:\Program Files (x86)\HI-TECH Software\PICC\9.81\dat\en_msgs.txt -cs \
  -h+prev1.sym -z -Q16F887 -ol.obj -Mprev1.map -E1 -ACONST=00h-0FFhx32 \
  -ACODE=00h-07FFhx4 -ASTRCODE=00h-01FFFh -AENTRY=00h-0FFhx32 \
  -ASTRING=00h-0FFhx32 -ABANK0=020h-06Fh -ABANK1=0A0h-0EFh \
  -ABANK2=0110h-016Fh -ABANK3=0190h-01EFh \
  -ARAM=020h-06Fh,0A0h-0EFh,0110h-016Fh,0190h-01EFh \
  -AABS1=020h-07Fh,0A0h-0EFh,0110h-016Fh,0190h-01EFh -ACOMMON=070h-07Fh \
  -ASFR0=00h-01Fh -ASFR1=080h-09Fh -ASFR2=0100h-010Fh -ASFR3=0180h-018Fh \
  -preset_vec=00h,intentry,init,end_init -ppowerup=CODE -pfunctab=CODE \
  -ACONFIG=02007h-02008h -pconfig=CONFIG -DCONFIG=2 -AIDLOC=02000h-02003h \
  -pidloc=IDLOC -DIDLOC=2 -AEEDATA=00h-0FFh/02100h -peeprom_data=EEDATA \
  -DEEDATA=2 -DCODE=2 -DSTRCODE=2 -DSTRING=2 -DCONST=2 -DENTRY=2 -k \
  startup.obj prev1.obj 

Object code version is 3.10

Machine type is 16F887



                Name                               Link     Load   Length Selector   Space Scale
startup.obj     end_init                              0        0        3        0       0
prev1.obj       text342                             473      473        8      8E6       0
                text341                             538      538       27      A70       0
                text340                             4D0      4D0       1E      9A0       0
                text339                             4A8      4A8       14      950       0
                text338                             6A6      6A6      15A      D4C       0
                text337                             4EE      4EE       25      9DC       0
                text336                             513      513       25      A26       0
                text335                             55F      55F       2A      ABE       0
                text334                             483      483        A      906       0
                text333                             5B8      5B8       64      B70       0
                maintext                            61C      61C       8A      C38       0
                cstackBANK0                          20       20       2B       20       1
                cstackCOMMON                         70       70        E       70       1
                inittext                            497      497       11      92E       0
                clrtext                             47B      47B        8      8F6       0
                dataBANK1                            B0       B0        A       A0       1
                bssBANK1                             A0       A0       10       A0       1
                dataBANK0                            4B       4B       14       20       1
                bssBANK0                             5F       5F        F       20       1
                cinit                               589      589       2F      B12       0
                stringtext                          800      800      132       10       0
                idataBANK0                          4BC      4BC       14      978       0
                idataBANK1                          48D      48D        A      91A       0

TOTAL           Name                               Link     Load   Length     Space
        CLASS   CONST          

        CLASS   CODE           
                end_init                              0        0        3         0
                text342                             473      473        8         0
                text341                             538      538       27         0
                text340                             4D0      4D0       1E         0
                text339                             4A8      4A8       14         0
                text338                             6A6      6A6      15A         0
                text337                             4EE      4EE       25         0
                text336                             513      513       25         0
                text335                             55F      55F       2A         0
                text334                             483      483        A         0
                text333                             5B8      5B8       64         0
                maintext                            61C      61C       8A         0
                inittext                            497      497       11         0
                clrtext                             47B      47B        8         0
                cinit                               589      589       2F         0
                idataBANK0                          4BC      4BC       14         0
                idataBANK1                          48D      48D        A         0

        CLASS   STRCODE        
                stringtext                          800      800      132         0

        CLASS   ENTRY          

        CLASS   STRING         

        CLASS   BANK0          
                cstackBANK0                          20       20       2B         1
                dataBANK0                            4B       4B       14         1
                bssBANK0                             5F       5F        F         1

        CLASS   BANK1          
                dataBANK1                            B0       B0        A         1
                bssBANK1                             A0       A0       10         1

        CLASS   BANK2          

        CLASS   BANK3          

        CLASS   RAM            

        CLASS   ABS1           
                abs_s1                               7E       7E        2         1

        CLASS   COMMON         
                cstackCOMMON                         70       70        E         1

        CLASS   SFR0           

        CLASS   SFR1           

        CLASS   SFR2           

        CLASS   SFR3           

        CLASS   CONFIG         

        CLASS   IDLOC          

        CLASS   EEDATA         



SEGMENTS        Name                           Load    Length   Top    Selector   Space  Class     Delta

                reset_vec                      000000  000003  000003         0       0  CODE        2
                cstackBANK0                    000020  00004E  00006E        20       1  BANK0       1
                cstackCOMMON                   000070  00000E  00007E        70       1  COMMON      1
                bssBANK1                       0000A0  00001A  0000BA        A0       1  BANK1       1
                text342                        000473  000008  00047B       8E6       0  CODE        2
                clrtext                        00047B  000008  000483       8F6       0  CODE        2
                text334                        000483  00000A  00048D       906       0  CODE        2
                idataBANK1                     00048D  00000A  000497       91A       0  CODE        2
                inittext                       000497  000011  0004A8       92E       0  CODE        2
                text339                        0004A8  000014  0004BC       950       0  CODE        2
                idataBANK0                     0004BC  000014  0004D0       978       0  CODE        2
                text340                        0004D0  00001E  0004EE       9A0       0  CODE        2
                text337                        0004EE  000025  000513       9DC       0  CODE        2
                text336                        000513  000025  000538       A26       0  CODE        2
                text341                        000538  000027  00055F       A70       0  CODE        2
                text335                        00055F  00002A  000589       ABE       0  CODE        2
                cinit                          000589  00002F  0005B8       B12       0  CODE        2
                text333                        0005B8  000064  00061C       B70       0  CODE        2
                maintext                       00061C  00008A  0006A6       C38       0  CODE        2
                text338                        0006A6  00015A  000800       D4C       0  CODE        2
                stringtext                     000800  000132  000932        10       0  STRCODE     2


UNUSED ADDRESS RANGES

        Name                Unused          Largest block    Delta
        BANK0            006E-006F              2           1
        BANK1            00BA-00EF             36           1
        BANK2            0110-016F             60           1
        BANK3            0190-01EF             60           1
        CODE             0003-0472            470           2
                         0932-1FFF            800
        CONFIG           2007-2008              2           2
        CONST            0003-0472            100           2
                         0932-1FFF            100
        EEDATA           2100-21FF            100           2
        ENTRY            0003-0472            100           2
                         0932-1FFF            100
        IDLOC            2000-2003              4           2
        RAM              006E-006F              2           1
                         00BA-00EF             36
                         0110-016F             60
                         0190-01EF             60
        SFR0             0000-001F             20           1
        SFR1             0080-009F             20           1
        SFR2             0100-010F             10           1
        SFR3             0180-018F             10           1
        STRCODE          0003-0472            470           2
                         0932-1FFF           16CE
        STRING           0003-0472            100           2
                         0932-1FFF            100

                                  Symbol Table

??_clearlcd           cstackCOMMON 007A
??_cmd                cstackCOMMON 007A
??_dat                cstackCOMMON 007A
??_delay              cstackCOMMON 0072
??_initkeypad         cstackCOMMON 0070
??_initlcd            cstackCOMMON 007A
??_main               cstackBANK0  0048
??_read_eep           cstackCOMMON 0070
??_setLCD             cstackCOMMON 0072
??_write              cstackCOMMON 007A
??_write_eep          cstackCOMMON 0071
?_clearlcd            cstackCOMMON 0070
?_cmd                 cstackCOMMON 0078
?_dat                 cstackCOMMON 0078
?_delay               cstackCOMMON 0070
?_initkeypad          cstackCOMMON 0070
?_initlcd             cstackCOMMON 0070
?_main                cstackCOMMON 0070
?_read_eep            cstackCOMMON 0070
?_setLCD              cstackCOMMON 0070
?_write               cstackBANK0  0042
?_write_eep           cstackCOMMON 0070
_EEADR                (abs)        010D
_EECON2               (abs)        018D
_EEDAT                (abs)        010C
_EEPGD                (abs)        0C67
_PORTA                (abs)        0005
_PORTB                (abs)        0006
_RB0                  (abs)        0030
_RB1                  (abs)        0031
_RB2                  (abs)        0032
_RB3                  (abs)        0033
_RB5                  (abs)        0035
_RB6                  (abs)        0036
_RB7                  (abs)        0037
_RC0                  (abs)        0038
_RC1                  (abs)        0039
_RC2                  (abs)        003A
_RC3                  (abs)        003B
_RC4                  (abs)        003C
_RC5                  (abs)        003D
_RD                   (abs)        0C60
_RD0                  (abs)        0040
_RD1                  (abs)        0041
_RD2                  (abs)        0042
_RD3                  (abs)        0043
_RD4                  (abs)        0044
_RD5                  (abs)        0045
_RD6                  (abs)        0046
_RD7                  (abs)        0047
_TRISA                (abs)        0085
_TRISB                (abs)        0086
_TRISC                (abs)        0087
_TRISD                (abs)        0088
_WR                   (abs)        0C61
_WREN                 (abs)        0C62
_WRERR                (abs)        0C63
__Habs1               abs1         0000
__Hbank0              bank0        0000
__Hbank1              bank1        0000
__Hbank2              bank2        0000
__Hbank3              bank3        0000
__HbssBANK0           bssBANK0     0000
__HbssBANK1           bssBANK1     0000
__Hcinit              cinit        0000
__Hclrtext            clrtext      0000
__Hcode               code         0000
__Hcommon             common       0000
__Hconfig             config       0000
__HcstackBANK0        cstackBANK0  0000
__HcstackCOMMON       cstackCOMMON 0000
__HdataBANK0          dataBANK0    0000
__HdataBANK1          dataBANK1    0000
__Heeprom_data        eeprom_data  0000
__Hend_init           end_init     0003
__Hfunctab            functab      0000
__HidataBANK0         idataBANK0   0000
__HidataBANK1         idataBANK1   0000
__Hidloc              idloc        0000
__Hinit               init         0000
__Hinittext           inittext     0000
__Hintentry           intentry     0000
__Hmaintext           maintext     0000
__Hpowerup            powerup      0000
__Hram                ram          0000
__Hreset_vec          reset_vec    0000
__Hsfr0               sfr0         0000
__Hsfr1               sfr1         0000
__Hsfr2               sfr2         0000
__Hsfr3               sfr3         0000
__Hstrings            strings      0000
__Hstringtext         stringtext   0000
__Htext               text         0000
__Labs1               abs1         0000
__Lbank0              bank0        0000
__Lbank1              bank1        0000
__Lbank2              bank2        0000
__Lbank3              bank3        0000
__LbssBANK0           bssBANK0     0000
__LbssBANK1           bssBANK1     0000
__Lcinit              cinit        0000
__Lclrtext            clrtext      0000
__Lcode               code         0000
__Lcommon             common       0000
__Lconfig             config       0000
__LcstackBANK0        cstackBANK0  0000
__LcstackCOMMON       cstackCOMMON 0000
__LdataBANK0          dataBANK0    0000
__LdataBANK1          dataBANK1    0000
__Leeprom_data        eeprom_data  0000
__Lend_init           end_init     0000
__Lfunctab            functab      0000
__LidataBANK0         idataBANK0   0000
__LidataBANK1         idataBANK1   0000
__Lidloc              idloc        0000
__Linit               init         0000
__Linittext           inittext     0000
__Lintentry           intentry     0000
__Lmaintext           maintext     0000
__Lpowerup            powerup      0000
__Lram                ram          0000
__Lreset_vec          reset_vec    0000
__Lsfr0               sfr0         0000
__Lsfr1               sfr1         0000
__Lsfr2               sfr2         0000
__Lsfr3               sfr3         0000
__Lstrings            strings      0000
__Lstringtext         stringtext   0000
__Ltext               text         0000
__S0                  (abs)        0932
__S1                  (abs)        00BA
__S2                  (abs)        0000
__end_of_clearlcd     text334      048D
__end_of_cmd          text336      0538
__end_of_dat          text337      0513
__end_of_delay        text339      04BC
__end_of_initkeypad   text342      047B
__end_of_initlcd      text335      0589
__end_of_main         maintext     06A6
__end_of_read_eep     text340      04EE
__end_of_setLCD       text338      0800
__end_of_write        text333      061C
__end_of_write_eep    text341      055F
__pbssBANK0           bssBANK0     005F
__pbssBANK1           bssBANK1     00A0
__pcstackBANK0        cstackBANK0  0020
__pcstackCOMMON       cstackCOMMON 0070
__pdataBANK0          dataBANK0    004B
__pdataBANK1          dataBANK1    00B0
__pidataBANK0         idataBANK0   04BC
__pidataBANK1         idataBANK1   048D
__pmaintext           maintext     061C
__pstringtext         stringtext   0800
__ptext333            text333      05B8
__ptext334            text334      0483
__ptext335            text335      055F
__ptext336            text336      0513
__ptext337            text337      04EE
__ptext338            text338      06A6
__ptext339            text339      04A8
__ptext340            text340      04D0
__ptext341            text341      0538
__ptext342            text342      0473
__ptext343            text343      0000
__size_of_clearlcd    (abs)        0000
__size_of_cmd         (abs)        0000
__size_of_dat         (abs)        0000
__size_of_delay       (abs)        0000
__size_of_initkeypad  (abs)        0000
__size_of_initlcd     (abs)        0000
__size_of_main        (abs)        0000
__size_of_read_eep    (abs)        0000
__size_of_setLCD      (abs)        0000
__size_of_write       (abs)        0000
__size_of_write_eep   (abs)        0000
_adr                  stringtext   0812
_clearlcd             text334      0483
_cmd                  text336      0513
_dat                  text337      04EE
_delay                text339      04A8
_dev                  bssBANK0     005F
_done_init            bssBANK0     0061
_exit                 init         0000
_f1                   bssBANK0     0063
_f2                   bssBANK0     0065
_f3                   bssBANK0     0067
_initkeypad           text342      0473
_initlcd              text335      055F
_lo                   dataBANK0    004B
_logic_d1             dataBANK0    0050
_logic_d2             dataBANK0    0055
_logic_d3             dataBANK0    005A
_logic_d4             dataBANK1    00B0
_main                 maintext     061C
_pdev                 bssBANK0     0069
_plo                  dataBANK1    00B5
_read_eep             text340      04D0
_retm                 bssBANK0     006B
_setLCD               text338      06A6
_write                text333      05B8
_write_eep            text341      0538
btemp                 (abs)        007E
clear_ram             clrtext      047B
cmd@Command           cstackCOMMON 0078
dat@Command           cstackCOMMON 0078
delay@x               cstackCOMMON 0070
end_of_initialization cinit        05B4
getlogicseq@F1867     bssBANK1     00A0
init_fetch            inittext     0497
init_ram              inittext     049B
intlevel0             functab      0000
intlevel1             functab      0000
intlevel2             functab      0000
intlevel3             functab      0000
intlevel4             functab      0000
intlevel5             functab      0000
main@x                cstackBANK0  004A
read_eep@a            cstackCOMMON 0071
read_eep@d            cstackCOMMON 0072
read_log@F1910        bssBANK0     006D
reset_vec             reset_vec    0000
setLCD@i              cstackBANK0  0040
setLCD@number         cstackCOMMON 0070
setLCD@size           stringtext   0817
setLCD@vbool          cstackBANK0  0020
start                 init         0000
start_initialization  cinit        0589
write@erase           cstackBANK0  0046
write@i               cstackCOMMON 007C
write@line            cstackBANK0  0044
write@str             cstackBANK0  0042
write_eep@a           cstackCOMMON 0072
write_eep@d           cstackCOMMON 0070
wtemp0                (abs)        007E
