HI-TECH Software C Compiler 

Linker command line:

--edf=C:\Program Files (x86)\HI-TECH Software\PICC\9.81\dat\en_msgs.txt -cs \
  -h+prev1.sym -z -Q16F887 -ol.obj -Mprev1.map -E1 -ACONST=00h-0FFhx32 \
  -ACODE=00h-07FFhx4 -ASTRCODE=00h-01FFFh -AENTRY=00h-0FFhx32 \
  -ASTRING=00h-0FFhx32 -ABANK0=020h-06Fh -ABANK1=0A0h-0EFh \
  -ABANK2=0110h-016Fh -ABANK3=0190h-01EFh \
  -ARAM=020h-06Fh,0A0h-0EFh,0110h-016Fh,0190h-01EFh \
  -AABS1=020h-07Fh,0A0h-0EFh,0110h-016Fh,0190h-01EFh -ACOMMON=070h-07Fh \
  -ASFR0=00h-01Fh -ASFR1=080h-09Fh -ASFR2=0100h-010Fh -ASFR3=0180h-018Fh \
  -preset_vec=00h,intentry,init,end_init -ppowerup=CODE -pfunctab=CODE \
  -ACONFIG=02007h-02008h -pconfig=CONFIG -DCONFIG=2 -AIDLOC=02000h-02003h \
  -pidloc=IDLOC -DIDLOC=2 -AEEDATA=00h-0FFh/02100h -peeprom_data=EEDATA \
  -DEEDATA=2 -DCODE=2 -DSTRCODE=2 -DSTRING=2 -DCONST=2 -DENTRY=2 -k \
  startup.obj prev1.obj 

Object code version is 3.10

Machine type is 16F887



                Name                               Link     Load   Length Selector   Space Scale
startup.obj     end_init                              0        0        3        0       0
prev1.obj       text779                             AAC      AAC       10     1558       0
                text778                             A70      A70        8     14E0       0
                text777                             ACD      ACD       14     159A       0
                text776                             BBE      BBE       29     177C       0
                text775                             D13      D13       49     1A26       0
                text774                             C9C      C9C       39     1938       0
                text773                             BE7      BE7       29     17CE       0
                text772                               3        3       1B        0       0
                text771                             A62      A62        7     14C4       0
                text770                             C10      C10       2A     1820       0
                text769                             EE6      EE6       74     1DCC       0
                text768                             E15      E15       66     1C2A       0
                text767                             C3A      C3A       2D     1874       0
                text766                             B6F      B6F       27     16DE       0
                text765                             293      293       EB      526       0
                text764                             AF7      AF7       19     15EE       0
                text763                             F5A      F5A       A6     1EB4       0
                text762                             CD5      CD5       3E     19AA       0
                text761                              C4       C4       E6      188       0
                text760                             DB4      DB4       61     1B68       0
                text759                             E7B      E7B       6B     1CF6       0
                text758                             A80      A80        9     1500       0
                text757                             A89      A89        9     1512       0
                text756                             C67      C67       35     18CE       0
                text755                             A92      A92        D     1524       0
                text754                             A9F      A9F        D     153E       0
                text753                             B10      B10       1E     1620       0
                text752                             A69      A69        7     14D2       0
                text751                             D5C      D5C       58     1AB8       0
                text750                              1E       1E       A6       3C       0
                text749                             B96      B96       28     172C       0
                text748                             37E      37E      143      6FC       0
                text747                             4C1      4C1      33F      982       0
                text746                             1AA      1AA       E9      354       0
                maintext                            AE1      AE1       16     15C2       0
                cstackBANK0                          20       20       4B       20       1
                cstackCOMMON                         70       70        E       70       1
                inittext                            ABC      ABC       11     1578       0
                clrtext                             A78      A78        8     14F0       0
                dataBANK1                            A0       A0       23       A0       1
                bssBANK1                             C3       C3       1C       A0       1
                bssBANK0                             6B       6B        4       20       1
                cinit                               B2E      B2E       1E     165C       0
                stringtext                          800      800      12E       10       0
                idataBANK1                          B4C      B4C       23     1698       0

TOTAL           Name                               Link     Load   Length     Space
        CLASS   CONST          

        CLASS   CODE           
                end_init                              0        0        3         0
                text779                             AAC      AAC       10         0
                text778                             A70      A70        8         0
                text777                             ACD      ACD       14         0
                text776                             BBE      BBE       29         0
                text775                             D13      D13       49         0
                text774                             C9C      C9C       39         0
                text773                             BE7      BE7       29         0
                text772                               3        3       1B         0
                text771                             A62      A62        7         0
                text770                             C10      C10       2A         0
                text769                             EE6      EE6       74         0
                text768                             E15      E15       66         0
                text767                             C3A      C3A       2D         0
                text766                             B6F      B6F       27         0
                text765                             293      293       EB         0
                text764                             AF7      AF7       19         0
                text763                             F5A      F5A       A6         0
                text762                             CD5      CD5       3E         0
                text761                              C4       C4       E6         0
                text760                             DB4      DB4       61         0
                text759                             E7B      E7B       6B         0
                text758                             A80      A80        9         0
                text757                             A89      A89        9         0
                text756                             C67      C67       35         0
                text755                             A92      A92        D         0
                text754                             A9F      A9F        D         0
                text753                             B10      B10       1E         0
                text752                             A69      A69        7         0
                text751                             D5C      D5C       58         0
                text750                              1E       1E       A6         0
                text749                             B96      B96       28         0
                text748                             37E      37E      143         0
                text747                             4C1      4C1      33F         0
                text746                             1AA      1AA       E9         0
                maintext                            AE1      AE1       16         0
                inittext                            ABC      ABC       11         0
                clrtext                             A78      A78        8         0
                cinit                               B2E      B2E       1E         0
                idataBANK1                          B4C      B4C       23         0

        CLASS   STRCODE        
                stringtext                          800      800      12E         0

        CLASS   ENTRY          

        CLASS   STRING         

        CLASS   BANK0          
                cstackBANK0                          20       20       4B         1
                bssBANK0                             6B       6B        4         1

        CLASS   BANK1          
                dataBANK1                            A0       A0       23         1
                bssBANK1                             C3       C3       1C         1

        CLASS   BANK2          

        CLASS   BANK3          

        CLASS   RAM            

        CLASS   ABS1           
                abs_s1                               7E       7E        2         1

        CLASS   COMMON         
                cstackCOMMON                         70       70        E         1

        CLASS   SFR0           

        CLASS   SFR1           

        CLASS   SFR2           

        CLASS   SFR3           

        CLASS   CONFIG         

        CLASS   IDLOC          

        CLASS   EEDATA         



SEGMENTS        Name                           Load    Length   Top    Selector   Space  Class     Delta

                reset_vec                      000000  00001E  00001E         0       0  CODE        2
                cstackBANK0                    000020  00004F  00006F        20       1  BANK0       1
                text750                        00001E  0000A6  0000C4        3C       0  CODE        2
                cstackCOMMON                   000070  00000E  00007E        70       1  COMMON      1
                dataBANK1                      0000A0  00003F  0000DF        A0       1  BANK1       1
                text761                        0000C4  0000E6  0001AA       188       0  CODE        2
                text746                        0001AA  0000E9  000293       354       0  CODE        2
                text765                        000293  0000EB  00037E       526       0  CODE        2
                text748                        00037E  000143  0004C1       6FC       0  CODE        2
                text747                        0004C1  00033F  000800       982       0  CODE        2
                stringtext                     000800  00012E  00092E        10       0  STRCODE     2
                text771                        000A62  000007  000A69      14C4       0  CODE        2
                text752                        000A69  000007  000A70      14D2       0  CODE        2
                text778                        000A70  000008  000A78      14E0       0  CODE        2
                clrtext                        000A78  000008  000A80      14F0       0  CODE        2
                text758                        000A80  000009  000A89      1500       0  CODE        2
                text757                        000A89  000009  000A92      1512       0  CODE        2
                text755                        000A92  00000D  000A9F      1524       0  CODE        2
                text754                        000A9F  00000D  000AAC      153E       0  CODE        2
                text779                        000AAC  000010  000ABC      1558       0  CODE        2
                inittext                       000ABC  000011  000ACD      1578       0  CODE        2
                text777                        000ACD  000014  000AE1      159A       0  CODE        2
                maintext                       000AE1  000016  000AF7      15C2       0  CODE        2
                text764                        000AF7  000019  000B10      15EE       0  CODE        2
                text753                        000B10  00001E  000B2E      1620       0  CODE        2
                cinit                          000B2E  00001E  000B4C      165C       0  CODE        2
                idataBANK1                     000B4C  000023  000B6F      1698       0  CODE        2
                text766                        000B6F  000027  000B96      16DE       0  CODE        2
                text749                        000B96  000028  000BBE      172C       0  CODE        2
                text776                        000BBE  000029  000BE7      177C       0  CODE        2
                text773                        000BE7  000029  000C10      17CE       0  CODE        2
                text770                        000C10  00002A  000C3A      1820       0  CODE        2
                text767                        000C3A  00002D  000C67      1874       0  CODE        2
                text756                        000C67  000035  000C9C      18CE       0  CODE        2
                text774                        000C9C  000039  000CD5      1938       0  CODE        2
                text762                        000CD5  00003E  000D13      19AA       0  CODE        2
                text775                        000D13  000049  000D5C      1A26       0  CODE        2
                text751                        000D5C  000058  000DB4      1AB8       0  CODE        2
                text760                        000DB4  000061  000E15      1B68       0  CODE        2
                text768                        000E15  000066  000E7B      1C2A       0  CODE        2
                text759                        000E7B  00006B  000EE6      1CF6       0  CODE        2
                text769                        000EE6  000074  000F5A      1DCC       0  CODE        2
                text763                        000F5A  0000A6  001000      1EB4       0  CODE        2


UNUSED ADDRESS RANGES

        Name                Unused          Largest block    Delta
        BANK0            006F-006F              1           1
        BANK1            00DF-00EF             11           1
        BANK2            0110-016F             60           1
        BANK3            0190-01EF             60           1
        CODE             092E-0A61            134           2
                         1000-1FFF            800
        CONFIG           2007-2008              2           2
        CONST            092E-0A61             D2           2
                         1000-1FFF            100
        EEDATA           2100-21FF            100           2
        ENTRY            092E-0A61             D2           2
                         1000-1FFF            100
        IDLOC            2000-2003              4           2
        RAM              006F-006F              1           1
                         00DF-00EF             11
                         0110-016F             60
                         0190-01EF             60
        SFR0             0000-001F             20           1
        SFR1             0080-009F             20           1
        SFR2             0100-010F             10           1
        SFR3             0180-018F             10           1
        STRCODE          092E-0A61            134           2
                         1000-1FFF           1000
        STRING           092E-0A61             D2           2
                         1000-1FFF            100

                                  Symbol Table

??___awdiv            cstackCOMMON 0074
??___awmod            cstackCOMMON 0074
??___wmul             cstackCOMMON 0074
??__cmd               cstackCOMMON 0072
??__dat               cstackCOMMON 0072
??_actrow             cstackCOMMON 0074
??_buzz               cstackCOMMON 0072
??_check              cstackCOMMON 0072
??_clearlcd           cstackCOMMON 0079
??_cmd                cstackCOMMON 0078
??_dat                cstackCOMMON 0078
??_delay              cstackCOMMON 0072
??_getlogic           cstackCOMMON 007D
??_getlogicseq        cstackBANK0  002D
??_getn               cstackCOMMON 0071
??_init_fun           cstackCOMMON 007B
??_initkeypad         cstackCOMMON 0070
??_initlcd            cstackCOMMON 0079
??_itoaa              cstackCOMMON 007C
??_latch              cstackCOMMON 0072
??_main               cstackCOMMON 007E
??_read_eep           cstackCOMMON 007B
??_read_log           cstackBANK0  0024
??_resetout           cstackCOMMON 0070
??_scan               cstackCOMMON 0076
??_setLCD             cstackCOMMON 0075
??_setlogic           cstackCOMMON 007C
??_start              cstackCOMMON 007E
??_startswitch        cstackCOMMON 007B
??_strcat             cstackCOMMON 0071
??_strcmp             cstackCOMMON 0072
??_strcpy             cstackCOMMON 0074
??_write              cstackCOMMON 0079
??_write_eep          cstackCOMMON 0075
??_write_log          cstackCOMMON 0078
?___awdiv             cstackCOMMON 0070
?___awmod             cstackCOMMON 0070
?___wmul              cstackCOMMON 0070
?__cmd                cstackCOMMON 0070
?__dat                cstackCOMMON 0070
?_actrow              cstackCOMMON 0072
?_buzz                cstackCOMMON 0070
?_check               cstackCOMMON 0070
?_clearlcd            cstackCOMMON 0070
?_cmd                 cstackCOMMON 0070
?_dat                 cstackCOMMON 0070
?_delay               cstackCOMMON 0070
?_getlogic            cstackCOMMON 0070
?_getlogicseq         cstackCOMMON 0070
?_getn                cstackCOMMON 0070
?_init_fun            cstackCOMMON 0070
?_initkeypad          cstackCOMMON 0070
?_initlcd             cstackCOMMON 0070
?_itoaa               cstackCOMMON 0079
?_latch               cstackCOMMON 0070
?_main                cstackCOMMON 0070
?_read_eep            cstackCOMMON 0079
?_read_log            cstackBANK0  0022
?_resetout            cstackCOMMON 0070
?_scan                cstackCOMMON 0074
?_setLCD              cstackCOMMON 0070
?_setlogic            cstackCOMMON 0070
?_start               cstackCOMMON 0070
?_startswitch         cstackCOMMON 0070
?_strcat              cstackCOMMON 0070
?_strcmp              cstackCOMMON 0070
?_strcpy              cstackCOMMON 0072
?_write               cstackBANK0  0020
?_write_eep           cstackCOMMON 0072
?_write_log           cstackCOMMON 0075
_ANSEL                (abs)        0188
_EEADR                (abs)        010D
_EECON2               (abs)        018D
_EEDAT                (abs)        010C
_EEIF                 (abs)        006C
_EEPGD                (abs)        0C67
_PORTB                (abs)        0006
_RA0                  (abs)        0028
_RA1                  (abs)        0029
_RA2                  (abs)        002A
_RB0                  (abs)        0030
_RB1                  (abs)        0031
_RB2                  (abs)        0032
_RB3                  (abs)        0033
_RB5                  (abs)        0035
_RB6                  (abs)        0036
_RB7                  (abs)        0037
_RC0                  (abs)        0038
_RC1                  (abs)        0039
_RC2                  (abs)        003A
_RC3                  (abs)        003B
_RC4                  (abs)        003C
_RC5                  (abs)        003D
_RC6                  (abs)        003E
_RD                   (abs)        0C60
_RD0                  (abs)        0040
_RD1                  (abs)        0041
_RD2                  (abs)        0042
_RD3                  (abs)        0043
_RD4                  (abs)        0044
_RD5                  (abs)        0045
_RD6                  (abs)        0046
_RD7                  (abs)        0047
_TRISA                (abs)        0085
_TRISB                (abs)        0086
_TRISC                (abs)        0087
_TRISD                (abs)        0088
_WR                   (abs)        0C61
_WREN                 (abs)        0C62
_WRERR                (abs)        0C63
__Habs1               abs1         0000
__Hbank0              bank0        0000
__Hbank1              bank1        0000
__Hbank2              bank2        0000
__Hbank3              bank3        0000
__HbssBANK0           bssBANK0     0000
__HbssBANK1           bssBANK1     0000
__Hcinit              cinit        0000
__Hclrtext            clrtext      0000
__Hcode               code         0000
__Hcommon             common       0000
__Hconfig             config       0000
__HcstackBANK0        cstackBANK0  0000
__HcstackCOMMON       cstackCOMMON 0000
__HdataBANK1          dataBANK1    0000
__Heeprom_data        eeprom_data  0000
__Hend_init           end_init     0003
__Hfunctab            functab      0000
__HidataBANK1         idataBANK1   0000
__Hidloc              idloc        0000
__Hinit               init         0000
__Hinittext           inittext     0000
__Hintentry           intentry     0000
__Hmaintext           maintext     0000
__Hpowerup            powerup      0000
__Hram                ram          0000
__Hreset_vec          reset_vec    0000
__Hsfr0               sfr0         0000
__Hsfr1               sfr1         0000
__Hsfr2               sfr2         0000
__Hsfr3               sfr3         0000
__Hstrings            strings      0000
__Hstringtext         stringtext   0000
__Htext               text         0000
__Labs1               abs1         0000
__Lbank0              bank0        0000
__Lbank1              bank1        0000
__Lbank2              bank2        0000
__Lbank3              bank3        0000
__LbssBANK0           bssBANK0     0000
__LbssBANK1           bssBANK1     0000
__Lcinit              cinit        0000
__Lclrtext            clrtext      0000
__Lcode               code         0000
__Lcommon             common       0000
__Lconfig             config       0000
__LcstackBANK0        cstackBANK0  0000
__LcstackCOMMON       cstackCOMMON 0000
__LdataBANK1          dataBANK1    0000
__Leeprom_data        eeprom_data  0000
__Lend_init           end_init     0000
__Lfunctab            functab      0000
__LidataBANK1         idataBANK1   0000
__Lidloc              idloc        0000
__Linit               init         0000
__Linittext           inittext     0000
__Lintentry           intentry     0000
__Lmaintext           maintext     0000
__Lpowerup            powerup      0000
__Lram                ram          0000
__Lreset_vec          reset_vec    0000
__Lsfr0               sfr0         0000
__Lsfr1               sfr1         0000
__Lsfr2               sfr2         0000
__Lsfr3               sfr3         0000
__Lstrings            strings      0000
__Lstringtext         stringtext   0000
__Ltext               text         0000
__S0                  (abs)        1000
__S1                  (abs)        00DF
__S2                  (abs)        0000
___awdiv              text769      0EE6
___awdiv@counter      cstackCOMMON 0075
___awdiv@dividend     cstackCOMMON 0072
___awdiv@divisor      cstackCOMMON 0070
___awdiv@quotient     cstackCOMMON 0077
___awdiv@sign         cstackCOMMON 0076
___awmod              text768      0E15
___awmod@counter      cstackCOMMON 0075
___awmod@dividend     cstackCOMMON 0072
___awmod@divisor      cstackCOMMON 0070
___awmod@sign         cstackCOMMON 0076
___wmul               text770      0C10
___wmul@multiplicand  cstackCOMMON 0072
___wmul@multiplier    cstackCOMMON 0070
___wmul@product       cstackCOMMON 0074
__cmd                 text757      0A89
__dat                 text758      0A80
__end_of___awdiv      text769      0F5A
__end_of___awmod      text768      0E7B
__end_of___wmul       text770      0C3A
__end_of__cmd         text757      0A92
__end_of__dat         text758      0A89
__end_of_actrow       text762      0D13
__end_of_buzz         text779      0ABC
__end_of_check        text775      0D5C
__end_of_clearlcd     text752      0A70
__end_of_cmd          text755      0A9F
__end_of_dat          text754      0AAC
__end_of_delay        text777      0AE1
__end_of_getlogic     text750      00C4
__end_of_getlogicseq  text747      0800
__end_of_getn         text772      001E
__end_of_init_fun     text749      0BBE
__end_of_initkeypad   text778      0A78
__end_of_initlcd      text753      0B2E
__end_of_itoaa        text765      037E
__end_of_latch        text764      0B10
__end_of_main         maintext     0AF7
__end_of_read_eep     text767      0C67
__end_of_read_log     text759      0EE6
__end_of_resetout     text771      0A69
__end_of_scan         text761      01AA
__end_of_setLCD       text763      1000
__end_of_setlogic     text756      0C9C
__end_of_start        text746      0293
__end_of_startswitch  text748      04C1
__end_of_strcat       text773      0C10
__end_of_strcmp       text774      0CD5
__end_of_strcpy       text776      0BE7
__end_of_write        text751      0DB4
__end_of_write_eep    text766      0B96
__end_of_write_log    text760      0E15
__pbssBANK0           bssBANK0     006B
__pbssBANK1           bssBANK1     00C3
__pcstackBANK0        cstackBANK0  0020
__pcstackCOMMON       cstackCOMMON 0070
__pdataBANK1          dataBANK1    00A0
__pidataBANK1         idataBANK1   0B4C
__pmaintext           maintext     0AE1
__pstringtext         stringtext   0800
__ptext746            text746      01AA
__ptext747            text747      04C1
__ptext748            text748      037E
__ptext749            text749      0B96
__ptext750            text750      001E
__ptext751            text751      0D5C
__ptext752            text752      0A69
__ptext753            text753      0B10
__ptext754            text754      0A9F
__ptext755            text755      0A92
__ptext756            text756      0C67
__ptext757            text757      0A89
__ptext758            text758      0A80
__ptext759            text759      0E7B
__ptext760            text760      0DB4
__ptext761            text761      00C4
__ptext762            text762      0CD5
__ptext763            text763      0F5A
__ptext764            text764      0AF7
__ptext765            text765      0293
__ptext766            text766      0B6F
__ptext767            text767      0C3A
__ptext768            text768      0E15
__ptext769            text769      0EE6
__ptext770            text770      0C10
__ptext771            text771      0A62
__ptext772            text772      0003
__ptext773            text773      0BE7
__ptext774            text774      0C9C
__ptext775            text775      0D13
__ptext776            text776      0BBE
__ptext777            text777      0ACD
__ptext778            text778      0A70
__ptext779            text779      0AAC
__ptext780            text780      0000
__size_of___awdiv     (abs)        0000
__size_of___awmod     (abs)        0000
__size_of___wmul      (abs)        0000
__size_of__cmd        (abs)        0000
__size_of__dat        (abs)        0000
__size_of_actrow      (abs)        0000
__size_of_buzz        (abs)        0000
__size_of_check       (abs)        0000
__size_of_clearlcd    (abs)        0000
__size_of_cmd         (abs)        0000
__size_of_dat         (abs)        0000
__size_of_delay       (abs)        0000
__size_of_getlogic    (abs)        0000
__size_of_getlogicseq (abs)        0000
__size_of_getn        (abs)        0000
__size_of_init_fun    (abs)        0000
__size_of_initkeypad  (abs)        0000
__size_of_initlcd     (abs)        0000
__size_of_itoaa       (abs)        0000
__size_of_latch       (abs)        0000
__size_of_main        (abs)        0000
__size_of_read_eep    (abs)        0000
__size_of_read_log    (abs)        0000
__size_of_resetout    (abs)        0000
__size_of_scan        (abs)        0000
__size_of_setLCD      (abs)        0000
__size_of_setlogic    (abs)        0000
__size_of_start       (abs)        0000
__size_of_startswitch (abs)        0000
__size_of_strcat      (abs)        0000
__size_of_strcmp      (abs)        0000
__size_of_strcpy      (abs)        0000
__size_of_write       (abs)        0000
__size_of_write_eep   (abs)        0000
__size_of_write_log   (abs)        0000
_actrow               text762      0CD5
_adr                  stringtext   0812
_buzz                 text779      0AAC
_check                text775      0D13
_clearlcd             text752      0A69
_cmd                  text755      0A92
_dat                  text754      0A9F
_delay                text777      0ACD
_dev                  bssBANK0     006B
_done_init            bssBANK1     00D3
_exit                 init         0000
_f1                   bssBANK1     00D5
_f2                   bssBANK1     00D7
_f3                   bssBANK1     00D9
_getlogic             text750      001E
_getlogicseq          text747      04C1
_getn                 text772      0003
_init_fun             text749      0B96
_initkeypad           text778      0A70
_initlcd              text753      0B10
_itoaa                text765      0293
_latch                text764      0AF7
_lo                   dataBANK1    00A5
_logic_d1             dataBANK1    00AA
_logic_d2             dataBANK1    00AF
_logic_d3             dataBANK1    00B4
_logic_d4             dataBANK1    00B9
_main                 maintext     0AE1
_num                  bssBANK0     006D
_pdev                 bssBANK1     00DB
_plo                  dataBANK1    00BE
_read_eep             text767      0C3A
_read_log             text759      0E7B
_resetout             text771      0A62
_retm                 bssBANK1     00DD
_scan                 text761      00C4
_setLCD               text763      0F5A
_setlogic             text756      0C67
_start                text746      01AA
_startswitch          text748      037E
_strcat               text773      0BE7
_strcmp               text774      0C9C
_strcpy               text776      0BBE
_write                text751      0D5C
_write_eep            text766      0B6F
_write_log            text760      0DB4
actrow@n              cstackCOMMON 0072
btemp                 (abs)        007E
buzz@val              cstackCOMMON 0070
check@i               cstackCOMMON 0074
check@input           cstackCOMMON 0073
check@logic           cstackCOMMON 0070
clear_ram             clrtext      0A78
cmd@Command           cstackCOMMON 0078
dat@Command           cstackCOMMON 0078
delay@x               cstackCOMMON 0070
end_of_initialization cinit        0B48
getlogicseq@F1874     bssBANK1     00C3
getlogicseq@bf        cstackBANK0  0051
getlogicseq@ccount    cstackBANK0  0067
getlogicseq@nf        cstackBANK0  0063
getlogicseq@num       cstackBANK0  0069
getlogicseq@snum      cstackBANK0  0053
getlogicseq@str       cstackBANK0  0031
getlogicseq@wf        cstackBANK0  0065
getn@c                cstackCOMMON 0073
getn@n                cstackCOMMON 0070
getn@tmp              cstackCOMMON 0074
init_fetch            inittext     0ABC
init_ram              inittext     0AC0
intlevel0             functab      0000
intlevel1             functab      0000
intlevel2             functab      0000
intlevel3             functab      0000
intlevel4             functab      0000
intlevel5             functab      0000
itoaa@count           cstackBANK0  0020
itoaa@ptr             cstackCOMMON 007B
itoaa@temp            cstackBANK0  0022
itoaa@value           cstackCOMMON 0079
read_eep@a            cstackCOMMON 0079
read_eep@d            cstackBANK0  0020
read_log@F1918        dataBANK1    00A0
read_log@ads          cstackBANK0  002C
read_log@devno        cstackBANK0  0022
read_log@logic        cstackBANK0  0027
reset_vec             reset_vec    0000
setLCD@number         cstackCOMMON 0077
start                 init         0000
start_initialization  cinit        0B2E
strcat@cp             cstackCOMMON 0073
strcat@from           cstackCOMMON 0070
strcat@to             cstackCOMMON 0072
strcmp@r              cstackCOMMON 0076
strcmp@s1             cstackCOMMON 0077
strcmp@s2             cstackCOMMON 0070
strcpy@cp             cstackCOMMON 0078
strcpy@from           cstackCOMMON 0072
strcpy@to             cstackCOMMON 0077
write@erase           cstackBANK0  0024
write@i               cstackCOMMON 0079
write@line            cstackBANK0  0022
write@str             cstackBANK0  0020
write_eep@x           cstackCOMMON 0072
write_eep@y           cstackCOMMON 0074
write_log@ads         cstackCOMMON 007B
write_log@devno       cstackCOMMON 0075
write_log@logic       cstackCOMMON 0077
wtemp0                (abs)        007E
