HI-TECH Software C Compiler 

Linker command line:

--edf=C:\Program Files (x86)\HI-TECH Software\PICC\9.81\dat\en_msgs.txt -cs \
  -h+prev1.sym -z -Q16F887 -ol.obj -Mprev1.map -E1 -ACONST=00h-0FFhx32 \
  -ACODE=00h-07FFhx4 -ASTRCODE=00h-01FFFh -AENTRY=00h-0FFhx32 \
  -ASTRING=00h-0FFhx32 -ABANK0=020h-06Fh -ABANK1=0A0h-0EFh \
  -ABANK2=0110h-016Fh -ABANK3=0190h-01EFh \
  -ARAM=020h-06Fh,0A0h-0EFh,0110h-016Fh,0190h-01EFh \
  -AABS1=020h-07Fh,0A0h-0EFh,0110h-016Fh,0190h-01EFh -ACOMMON=070h-07Fh \
  -ASFR0=00h-01Fh -ASFR1=080h-09Fh -ASFR2=0100h-010Fh -ASFR3=0180h-018Fh \
  -preset_vec=00h,intentry,init,end_init -ppowerup=CODE -pfunctab=CODE \
  -ACONFIG=02007h-02008h -pconfig=CONFIG -DCONFIG=2 -AIDLOC=02000h-02003h \
  -pidloc=IDLOC -DIDLOC=2 -AEEDATA=00h-0FFh/02100h -peeprom_data=EEDATA \
  -DEEDATA=2 -DCODE=2 -DSTRCODE=2 -DSTRING=2 -DCONST=2 -DENTRY=2 -k \
  startup.obj prev1.obj 

Object code version is 3.10

Machine type is 16F887



                Name                               Link     Load   Length Selector   Space Scale
startup.obj     end_init                              0        0        3        0       0
prev1.obj       text568                             B18      B18        8     1630       0
                text567                             D26      D26       55     1A4C       0
                text566                             C45      C45       32     188A       0
                text565                             CAF      CAF       39     195E       0
                text564                             B52      B52       14     16A4       0
                text563                             C77      C77       38     18EE       0
                text562                             2C6      2C6      15A      58C       0
                text561                             B11      B11        7     1622       0
                text560                             BF1      BF1       2A     17E2       0
                text559                              52       52       74       A4       0
                text558                             DDF      DDF       66     1BBE       0
                text557                              C6       C6       EB      18C       0
                text556                             B7F      B7F       25     16FE       0
                text555                             BA4      BA4       25     1748       0
                text554                             CE8      CE8       3E     19D0       0
                text553                             C1B      C1B       2A     1836       0
                text552                             F18      F18       E8     1E30       0
                text551                             B28      B28        A     1650       0
                text550                             D7B      D7B       64     1AF6       0
                text549                             BC9      BC9       28     1792       0
                text548                             E45      E45       D3     1C8A       0
                text547                             1B1      1B1      115      362       0
                text546                             420      420      3E0      840       0
                maintext                            B66      B66       19     16CC       0
                cstackBANK0                          20       20       41       20       1
                cstackCOMMON                         70       70        E       70       1
                cstackBANK1                          A0       A0       3A       A0       1
                inittext                            B41      B41       11     1682       0
                clrtext                             B20      B20        8     1640       0
                dataBANK3                           1A0      1A0        F      190       1
                bssBANK3                            190      190       10      190       1
                dataBANK1                            DA       DA        A       A0       1
                bssBANK1                             E4       E4        8       A0       1
                dataBANK0                            68       68        5       20       1
                bssBANK0                             61       61        7       20       1
                cinit                                 D        D       45       1A       0
                stringtext                          800      800      11D       10       0
                idataBANK1                            3        3        A        0       0
                idataBANK0                          B0C      B0C        5     1618       0
                idataBANK3                          B32      B32        F     1664       0

TOTAL           Name                               Link     Load   Length     Space
        CLASS   CONST          

        CLASS   CODE           
                end_init                              0        0        3         0
                text568                             B18      B18        8         0
                text567                             D26      D26       55         0
                text566                             C45      C45       32         0
                text565                             CAF      CAF       39         0
                text564                             B52      B52       14         0
                text563                             C77      C77       38         0
                text562                             2C6      2C6      15A         0
                text561                             B11      B11        7         0
                text560                             BF1      BF1       2A         0
                text559                              52       52       74         0
                text558                             DDF      DDF       66         0
                text557                              C6       C6       EB         0
                text556                             B7F      B7F       25         0
                text555                             BA4      BA4       25         0
                text554                             CE8      CE8       3E         0
                text553                             C1B      C1B       2A         0
                text552                             F18      F18       E8         0
                text551                             B28      B28        A         0
                text550                             D7B      D7B       64         0
                text549                             BC9      BC9       28         0
                text548                             E45      E45       D3         0
                text547                             1B1      1B1      115         0
                text546                             420      420      3E0         0
                maintext                            B66      B66       19         0
                inittext                            B41      B41       11         0
                clrtext                             B20      B20        8         0
                cinit                                 D        D       45         0
                idataBANK1                            3        3        A         0
                idataBANK0                          B0C      B0C        5         0
                idataBANK3                          B32      B32        F         0

        CLASS   STRCODE        
                stringtext                          800      800      11D         0

        CLASS   ENTRY          

        CLASS   STRING         

        CLASS   BANK0          
                cstackBANK0                          20       20       41         1
                dataBANK0                            68       68        5         1
                bssBANK0                             61       61        7         1

        CLASS   BANK1          
                cstackBANK1                          A0       A0       3A         1
                dataBANK1                            DA       DA        A         1
                bssBANK1                             E4       E4        8         1

        CLASS   BANK2          

        CLASS   BANK3          
                dataBANK3                           1A0      1A0        F         1
                bssBANK3                            190      190       10         1

        CLASS   RAM            

        CLASS   ABS1           
                abs_s1                               7E       7E        2         1

        CLASS   COMMON         
                cstackCOMMON                         70       70        E         1

        CLASS   SFR0           

        CLASS   SFR1           

        CLASS   SFR2           

        CLASS   SFR3           

        CLASS   CONFIG         

        CLASS   IDLOC          

        CLASS   EEDATA         



SEGMENTS        Name                           Load    Length   Top    Selector   Space  Class     Delta

                reset_vec                      000000  00000D  00000D         0       0  CODE        2
                cinit                          00000D  000045  000052        1A       0  CODE        2
                cstackBANK0                    000020  00004D  00006D        20       1  BANK0       1
                cstackCOMMON                   000070  00000E  00007E        70       1  COMMON      1
                cstackBANK1                    0000A0  00004C  0000EC        A0       1  BANK1       1
                text559                        000052  000074  0000C6        A4       0  CODE        2
                text557                        0000C6  0000EB  0001B1       18C       0  CODE        2
                bssBANK3                       000190  00001F  0001AF       190       1  BANK3       1
                text547                        0001B1  000115  0002C6       362       0  CODE        2
                text562                        0002C6  00015A  000420       58C       0  CODE        2
                text546                        000420  0003E0  000800       840       0  CODE        2
                stringtext                     000800  00011D  00091D        10       0  STRCODE     2
                idataBANK0                     000B0C  000005  000B11      1618       0  CODE        2
                text561                        000B11  000007  000B18      1622       0  CODE        2
                text568                        000B18  000008  000B20      1630       0  CODE        2
                clrtext                        000B20  000008  000B28      1640       0  CODE        2
                text551                        000B28  00000A  000B32      1650       0  CODE        2
                idataBANK3                     000B32  00000F  000B41      1664       0  CODE        2
                inittext                       000B41  000011  000B52      1682       0  CODE        2
                text564                        000B52  000014  000B66      16A4       0  CODE        2
                maintext                       000B66  000019  000B7F      16CC       0  CODE        2
                text556                        000B7F  000025  000BA4      16FE       0  CODE        2
                text555                        000BA4  000025  000BC9      1748       0  CODE        2
                text549                        000BC9  000028  000BF1      1792       0  CODE        2
                text560                        000BF1  00002A  000C1B      17E2       0  CODE        2
                text553                        000C1B  00002A  000C45      1836       0  CODE        2
                text566                        000C45  000032  000C77      188A       0  CODE        2
                text563                        000C77  000038  000CAF      18EE       0  CODE        2
                text565                        000CAF  000039  000CE8      195E       0  CODE        2
                text554                        000CE8  00003E  000D26      19D0       0  CODE        2
                text567                        000D26  000055  000D7B      1A4C       0  CODE        2
                text550                        000D7B  000064  000DDF      1AF6       0  CODE        2
                text558                        000DDF  000066  000E45      1BBE       0  CODE        2
                text548                        000E45  0000D3  000F18      1C8A       0  CODE        2
                text552                        000F18  0000E8  001000      1E30       0  CODE        2


UNUSED ADDRESS RANGES

        Name                Unused          Largest block    Delta
        BANK0            006D-006F              3           1
        BANK1            00EC-00EF              4           1
        BANK2            0110-016F             60           1
        BANK3            01AF-01EF             41           1
        CODE             091D-0B0B            1EF           2
                         1000-1FFF            800
        CONFIG           2007-2008              2           2
        CONST            091D-0B0B            100           2
                         1000-1FFF            100
        EEDATA           2100-21FF            100           2
        ENTRY            091D-0B0B            100           2
                         1000-1FFF            100
        IDLOC            2000-2003              4           2
        RAM              006D-006F              3           1
                         00EC-00EF              4
                         0110-016F             60
                         01AF-01EF             41
        SFR0             0000-001F             20           1
        SFR1             0080-009F             20           1
        SFR2             0100-010F             10           1
        SFR3             0180-018F             10           1
        STRCODE          091D-0B0B            1EF           2
                         1000-1FFF           1000
        STRING           091D-0B0B            100           2
                         1000-1FFF            100

                                  Symbol Table

??___awdiv            cstackCOMMON 0074
??___awmod            cstackCOMMON 0074
??___wmul             cstackCOMMON 0074
??_actrow             cstackCOMMON 0074
??_check              cstackCOMMON 0072
??_clearlcd           cstackCOMMON 007A
??_cmd                cstackCOMMON 007A
??_dat                cstackCOMMON 007A
??_delay              cstackCOMMON 0072
??_getlogicseq        cstackBANK0  005D
??_init_fun           cstackCOMMON 007E
??_initkeypad         cstackCOMMON 0070
??_initlcd            cstackCOMMON 007A
??_itoaa              cstackCOMMON 007C
??_main               cstackCOMMON 007E
??_resetout           cstackCOMMON 0070
??_scan               cstackCOMMON 0076
??_scroll             cstackBANK0  004C
??_setLCD             cstackCOMMON 0072
??_startswitch        cstackBANK0  0048
??_strcat             cstackCOMMON 0073
??_strcmp             cstackCOMMON 0072
??_strcpy             cstackCOMMON 0074
??_write              cstackCOMMON 007A
?___awdiv             cstackCOMMON 0070
?___awmod             cstackCOMMON 0070
?___wmul              cstackCOMMON 0070
?_actrow              cstackCOMMON 0072
?_check               cstackCOMMON 0070
?_clearlcd            cstackCOMMON 0070
?_cmd                 cstackCOMMON 0078
?_dat                 cstackCOMMON 0078
?_delay               cstackCOMMON 0070
?_getlogicseq         cstackCOMMON 0070
?_init_fun            cstackCOMMON 0070
?_initkeypad          cstackCOMMON 0070
?_initlcd             cstackCOMMON 0070
?_itoaa               cstackCOMMON 0079
?_main                cstackCOMMON 0070
?_resetout            cstackCOMMON 0070
?_scan                cstackCOMMON 0074
?_scroll              cstackBANK0  0048
?_setLCD              cstackCOMMON 0070
?_startswitch         cstackCOMMON 0070
?_strcat              cstackCOMMON 0070
?_strcmp              cstackCOMMON 0070
?_strcpy              cstackCOMMON 0070
?_write               cstackBANK0  0042
_ANSEL                (abs)        0188
_EEADR                (abs)        010D
_EECON2               (abs)        018D
_EEDAT                (abs)        010C
_EEPGD                (abs)        0C67
_PORTB                (abs)        0006
_RA0                  (abs)        0028
_RA1                  (abs)        0029
_RA2                  (abs)        002A
_RB0                  (abs)        0030
_RB1                  (abs)        0031
_RB2                  (abs)        0032
_RB3                  (abs)        0033
_RB6                  (abs)        0036
_RB7                  (abs)        0037
_RC0                  (abs)        0038
_RC1                  (abs)        0039
_RC2                  (abs)        003A
_RC3                  (abs)        003B
_RC4                  (abs)        003C
_RC5                  (abs)        003D
_RC6                  (abs)        003E
_RD                   (abs)        0C60
_RD0                  (abs)        0040
_RD1                  (abs)        0041
_RD2                  (abs)        0042
_RD3                  (abs)        0043
_RD4                  (abs)        0044
_RD5                  (abs)        0045
_RD6                  (abs)        0046
_RD7                  (abs)        0047
_TRISA                (abs)        0085
_TRISB                (abs)        0086
_TRISC                (abs)        0087
_TRISD                (abs)        0088
_WR                   (abs)        0C61
_WREN                 (abs)        0C62
_WRERR                (abs)        0C63
__Habs1               abs1         0000
__Hbank0              bank0        0000
__Hbank1              bank1        0000
__Hbank2              bank2        0000
__Hbank3              bank3        0000
__HbssBANK0           bssBANK0     0000
__HbssBANK1           bssBANK1     0000
__HbssBANK3           bssBANK3     0000
__Hcinit              cinit        0000
__Hclrtext            clrtext      0000
__Hcode               code         0000
__Hcommon             common       0000
__Hconfig             config       0000
__HcstackBANK0        cstackBANK0  0000
__HcstackBANK1        cstackBANK1  0000
__HcstackCOMMON       cstackCOMMON 0000
__HdataBANK0          dataBANK0    0000
__HdataBANK1          dataBANK1    0000
__HdataBANK3          dataBANK3    0000
__Heeprom_data        eeprom_data  0000
__Hend_init           end_init     0003
__Hfunctab            functab      0000
__HidataBANK0         idataBANK0   0000
__HidataBANK1         idataBANK1   0000
__HidataBANK3         idataBANK3   0000
__Hidloc              idloc        0000
__Hinit               init         0000
__Hinittext           inittext     0000
__Hintentry           intentry     0000
__Hmaintext           maintext     0000
__Hpowerup            powerup      0000
__Hram                ram          0000
__Hreset_vec          reset_vec    0000
__Hsfr0               sfr0         0000
__Hsfr1               sfr1         0000
__Hsfr2               sfr2         0000
__Hsfr3               sfr3         0000
__Hstrings            strings      0000
__Hstringtext         stringtext   0000
__Htext               text         0000
__Labs1               abs1         0000
__Lbank0              bank0        0000
__Lbank1              bank1        0000
__Lbank2              bank2        0000
__Lbank3              bank3        0000
__LbssBANK0           bssBANK0     0000
__LbssBANK1           bssBANK1     0000
__LbssBANK3           bssBANK3     0000
__Lcinit              cinit        0000
__Lclrtext            clrtext      0000
__Lcode               code         0000
__Lcommon             common       0000
__Lconfig             config       0000
__LcstackBANK0        cstackBANK0  0000
__LcstackBANK1        cstackBANK1  0000
__LcstackCOMMON       cstackCOMMON 0000
__LdataBANK0          dataBANK0    0000
__LdataBANK1          dataBANK1    0000
__LdataBANK3          dataBANK3    0000
__Leeprom_data        eeprom_data  0000
__Lend_init           end_init     0000
__Lfunctab            functab      0000
__LidataBANK0         idataBANK0   0000
__LidataBANK1         idataBANK1   0000
__LidataBANK3         idataBANK3   0000
__Lidloc              idloc        0000
__Linit               init         0000
__Linittext           inittext     0000
__Lintentry           intentry     0000
__Lmaintext           maintext     0000
__Lpowerup            powerup      0000
__Lram                ram          0000
__Lreset_vec          reset_vec    0000
__Lsfr0               sfr0         0000
__Lsfr1               sfr1         0000
__Lsfr2               sfr2         0000
__Lsfr3               sfr3         0000
__Lstrings            strings      0000
__Lstringtext         stringtext   0000
__Ltext               text         0000
__S0                  (abs)        1000
__S1                  (abs)        01AF
__S2                  (abs)        0000
___awdiv              text559      0052
___awdiv@counter      cstackCOMMON 0075
___awdiv@dividend     cstackCOMMON 0072
___awdiv@divisor      cstackCOMMON 0070
___awdiv@quotient     cstackCOMMON 0077
___awdiv@sign         cstackCOMMON 0076
___awmod              text558      0DDF
___awmod@counter      cstackCOMMON 0075
___awmod@dividend     cstackCOMMON 0072
___awmod@divisor      cstackCOMMON 0070
___awmod@sign         cstackCOMMON 0076
___wmul               text560      0BF1
___wmul@multiplicand  cstackCOMMON 0072
___wmul@multiplier    cstackCOMMON 0070
___wmul@product       cstackCOMMON 0074
__end_of___awdiv      text559      00C6
__end_of___awmod      text558      0E45
__end_of___wmul       text560      0C1B
__end_of_actrow       text554      0D26
__end_of_check        text567      0D7B
__end_of_clearlcd     text551      0B32
__end_of_cmd          text556      0BA4
__end_of_dat          text555      0BC9
__end_of_delay        text564      0B66
__end_of_getlogicseq  text546      0800
__end_of_init_fun     text549      0BF1
__end_of_initkeypad   text568      0B20
__end_of_initlcd      text553      0C45
__end_of_itoaa        text557      01B1
__end_of_main         maintext     0B7F
__end_of_resetout     text561      0B18
__end_of_scan         text552      1000
__end_of_scroll       text548      0F18
__end_of_setLCD       text562      0420
__end_of_startswitch  text547      02C6
__end_of_strcat       text563      0CAF
__end_of_strcmp       text565      0CE8
__end_of_strcpy       text566      0C77
__end_of_write        text550      0DDF
__pbssBANK0           bssBANK0     0061
__pbssBANK1           bssBANK1     00E4
__pbssBANK3           bssBANK3     0190
__pcstackBANK0        cstackBANK0  0020
__pcstackBANK1        cstackBANK1  00A0
__pcstackCOMMON       cstackCOMMON 0070
__pdataBANK0          dataBANK0    0068
__pdataBANK1          dataBANK1    00DA
__pdataBANK3          dataBANK3    01A0
__pidataBANK0         idataBANK0   0B0C
__pidataBANK1         idataBANK1   0003
__pidataBANK3         idataBANK3   0B32
__pmaintext           maintext     0B66
__pstringtext         stringtext   0800
__ptext546            text546      0420
__ptext547            text547      01B1
__ptext548            text548      0E45
__ptext549            text549      0BC9
__ptext550            text550      0D7B
__ptext551            text551      0B28
__ptext552            text552      0F18
__ptext553            text553      0C1B
__ptext554            text554      0CE8
__ptext555            text555      0BA4
__ptext556            text556      0B7F
__ptext557            text557      00C6
__ptext558            text558      0DDF
__ptext559            text559      0052
__ptext560            text560      0BF1
__ptext561            text561      0B11
__ptext562            text562      02C6
__ptext563            text563      0C77
__ptext564            text564      0B52
__ptext565            text565      0CAF
__ptext566            text566      0C45
__ptext567            text567      0D26
__ptext568            text568      0B18
__ptext569            text569      0000
__size_of___awdiv     (abs)        0000
__size_of___awmod     (abs)        0000
__size_of___wmul      (abs)        0000
__size_of_actrow      (abs)        0000
__size_of_check       (abs)        0000
__size_of_clearlcd    (abs)        0000
__size_of_cmd         (abs)        0000
__size_of_dat         (abs)        0000
__size_of_delay       (abs)        0000
__size_of_getlogicseq (abs)        0000
__size_of_init_fun    (abs)        0000
__size_of_initkeypad  (abs)        0000
__size_of_initlcd     (abs)        0000
__size_of_itoaa       (abs)        0000
__size_of_main        (abs)        0000
__size_of_resetout    (abs)        0000
__size_of_scan        (abs)        0000
__size_of_scroll      (abs)        0000
__size_of_setLCD      (abs)        0000
__size_of_startswitch (abs)        0000
__size_of_strcat      (abs)        0000
__size_of_strcmp      (abs)        0000
__size_of_strcpy      (abs)        0000
__size_of_write       (abs)        0000
_actrow               text554      0CE8
_adr                  stringtext   0812
_check                text567      0D26
_clearlcd             text551      0B28
_cmd                  text556      0B7F
_dat                  text555      0BA4
_delay                text564      0B52
_dev                  bssBANK0     0061
_done_init            bssBANK0     0063
_exit                 init         0000
_f1                   bssBANK1     00E4
_f2                   bssBANK1     00E6
_f3                   bssBANK1     00E8
_getlogicseq          text546      0420
_init_fun             text549      0BC9
_initkeypad           text568      0B18
_initlcd              text553      0C1B
_itoaa                text557      00C6
_lo                   dataBANK0    0068
_logic_d1             dataBANK1    00DA
_logic_d2             dataBANK1    00DF
_logic_d3             dataBANK3    01A5
_logic_d4             dataBANK3    01A0
_main                 maintext     0B66
_pdev                 bssBANK0     0065
_plo                  dataBANK3    01AA
_resetout             text561      0B11
_retm                 bssBANK1     00EA
_scan                 text552      0F18
_scroll               text548      0E45
_setLCD               text562      02C6
_startswitch          text547      01B1
_strcat               text563      0C77
_strcmp               text565      0CAF
_strcpy               text566      0C45
_write                text550      0D7B
actrow@n              cstackCOMMON 0072
btemp                 (abs)        007E
check@i               cstackCOMMON 0076
check@input           cstackCOMMON 0075
check@logic           cstackCOMMON 0070
clear_ram             clrtext      0B20
cmd@Command           cstackCOMMON 0078
dat@Command           cstackCOMMON 0078
delay@x               cstackCOMMON 0070
end_of_initialization cinit        004E
getlogicseq@F1866     bssBANK3     0190
getlogicseq@bf        cstackBANK1  00C0
getlogicseq@ccount    cstackBANK1  00D6
getlogicseq@nf        cstackBANK1  00D2
getlogicseq@num       cstackBANK1  00D8
getlogicseq@snum      cstackBANK1  00C2
getlogicseq@str       cstackBANK1  00A0
getlogicseq@wf        cstackBANK1  00D4
init_fetch            inittext     0B41
init_ram              inittext     0B45
intlevel0             functab      0000
intlevel1             functab      0000
intlevel2             functab      0000
intlevel3             functab      0000
intlevel4             functab      0000
intlevel5             functab      0000
itoaa@count           cstackBANK0  0020
itoaa@ptr             cstackCOMMON 007B
itoaa@temp            cstackBANK0  0022
itoaa@value           cstackCOMMON 0079
read_log@F1909        bssBANK0     0067
reset_vec             reset_vec    0000
scroll@en             cstackBANK0  0051
scroll@endat          cstackBANK0  0055
scroll@i              cstackBANK0  005B
scroll@len            cstackBANK0  0059
scroll@loopn          cstackBANK0  0057
scroll@loops          cstackBANK0  004A
scroll@st             cstackBANK0  004F
scroll@startat        cstackBANK0  0053
scroll@str            cstackBANK0  0048
setLCD@i              cstackBANK0  0040
setLCD@number         cstackCOMMON 0070
setLCD@size           stringtext   0817
setLCD@vbool          cstackBANK0  0020
start                 init         0000
start_initialization  cinit        000D
strcat@cp             cstackCOMMON 0076
strcat@from           cstackCOMMON 0072
strcat@to             cstackCOMMON 0070
strcmp@r              cstackCOMMON 0076
strcmp@s1             cstackCOMMON 0077
strcmp@s2             cstackCOMMON 0070
strcpy@cp             cstackCOMMON 0079
strcpy@from           cstackCOMMON 0072
strcpy@to             cstackCOMMON 0070
write@erase           cstackBANK0  0046
write@i               cstackCOMMON 007C
write@line            cstackBANK0  0044
write@str             cstackBANK0  0042
wtemp0                (abs)        007E
