HI-TECH Software C Compiler 

Linker command line:

--edf=C:\Program Files (x86)\HI-TECH Software\PICC\9.81\dat\en_msgs.txt -cs \
  -h+prev1.sym -z -Q16F887 -ol.obj -Mprev1.map -E1 -ACONST=00h-0FFhx32 \
  -ACODE=00h-07FFhx4 -ASTRCODE=00h-01FFFh -AENTRY=00h-0FFhx32 \
  -ASTRING=00h-0FFhx32 -ABANK0=020h-06Fh -ABANK1=0A0h-0EFh \
  -ABANK2=0110h-016Fh -ABANK3=0190h-01EFh \
  -ARAM=020h-06Fh,0A0h-0EFh,0110h-016Fh,0190h-01EFh \
  -AABS1=020h-07Fh,0A0h-0EFh,0110h-016Fh,0190h-01EFh -ACOMMON=070h-07Fh \
  -ASFR0=00h-01Fh -ASFR1=080h-09Fh -ASFR2=0100h-010Fh -ASFR3=0180h-018Fh \
  -preset_vec=00h,intentry,init,end_init -ppowerup=CODE -pfunctab=CODE \
  -ACONFIG=02007h-02008h -pconfig=CONFIG -DCONFIG=2 -AIDLOC=02000h-02003h \
  -pidloc=IDLOC -DIDLOC=2 -AEEDATA=00h-0FFh/02100h -peeprom_data=EEDATA \
  -DEEDATA=2 -DCODE=2 -DSTRCODE=2 -DSTRING=2 -DCONST=2 -DENTRY=2 -k \
  startup.obj prev1.obj 

Object code version is 3.10

Machine type is 16F887



                Name                               Link     Load   Length Selector   Space Scale
startup.obj     end_init                              0        0        3        0       0
prev1.obj       text593                             B2A      B2A       10     1654       0
                text592                             AF7      AF7        8     15EE       0
                text591                             D26      D26       55     1A4C       0
                text590                             C3E      C3E       32     187C       0
                text589                             CA8      CA8       39     1950       0
                text588                             B4B      B4B       14     1696       0
                text587                             C70      C70       38     18E0       0
                text586                             2B9      2B9      15A      572       0
                text585                             AF0      AF0        7     15E0       0
                text584                             BEA      BEA       2A     17D4       0
                text583                              45       45       74       8A       0
                text582                             DDF      DDF       66     1BBE       0
                text581                              B9       B9       EB      172       0
                text580                             B78      B78       25     16F0       0
                text579                             B9D      B9D       25     173A       0
                text578                               7        7       3E        E       0
                text577                             C14      C14       2A     1828       0
                text576                             F18      F18       E8     1E30       0
                text575                             B07      B07        A     160E       0
                text574                             D7B      D7B       64     1AF6       0
                text573                             BC2      BC2       28     1784       0
                text572                             E45      E45       D3     1C8A       0
                text571                             1A4      1A4      115      348       0
                text570                             413      413      3ED      826       0
                maintext                            B5F      B5F       19     16BE       0
                cstackBANK0                          20       20       41       20       1
                cstackCOMMON                         70       70        E       70       1
                cstackBANK1                          A0       A0       3A       A0       1
                inittext                            B3A      B3A       11     1674       0
                clrtext                             AFF      AFF        8     15FE       0
                dataBANK3                           1A0      1A0        F      190       1
                bssBANK3                            190      190       10      190       1
                dataBANK1                            DA       DA        A       A0       1
                bssBANK1                             E4       E4        8       A0       1
                dataBANK0                            68       68        5       20       1
                bssBANK0                             61       61        7       20       1
                cinit                               CE1      CE1       45     19C2       0
                stringtext                          800      800      11D       10       0
                idataBANK1                          B11      B11        A     1622       0
                idataBANK0                          AEB      AEB        5     15D6       0
                idataBANK3                          B1B      B1B        F     1636       0

TOTAL           Name                               Link     Load   Length     Space
        CLASS   CONST          

        CLASS   CODE           
                end_init                              0        0        3         0
                text593                             B2A      B2A       10         0
                text592                             AF7      AF7        8         0
                text591                             D26      D26       55         0
                text590                             C3E      C3E       32         0
                text589                             CA8      CA8       39         0
                text588                             B4B      B4B       14         0
                text587                             C70      C70       38         0
                text586                             2B9      2B9      15A         0
                text585                             AF0      AF0        7         0
                text584                             BEA      BEA       2A         0
                text583                              45       45       74         0
                text582                             DDF      DDF       66         0
                text581                              B9       B9       EB         0
                text580                             B78      B78       25         0
                text579                             B9D      B9D       25         0
                text578                               7        7       3E         0
                text577                             C14      C14       2A         0
                text576                             F18      F18       E8         0
                text575                             B07      B07        A         0
                text574                             D7B      D7B       64         0
                text573                             BC2      BC2       28         0
                text572                             E45      E45       D3         0
                text571                             1A4      1A4      115         0
                text570                             413      413      3ED         0
                maintext                            B5F      B5F       19         0
                inittext                            B3A      B3A       11         0
                clrtext                             AFF      AFF        8         0
                cinit                               CE1      CE1       45         0
                idataBANK1                          B11      B11        A         0
                idataBANK0                          AEB      AEB        5         0
                idataBANK3                          B1B      B1B        F         0

        CLASS   STRCODE        
                stringtext                          800      800      11D         0

        CLASS   ENTRY          

        CLASS   STRING         

        CLASS   BANK0          
                cstackBANK0                          20       20       41         1
                dataBANK0                            68       68        5         1
                bssBANK0                             61       61        7         1

        CLASS   BANK1          
                cstackBANK1                          A0       A0       3A         1
                dataBANK1                            DA       DA        A         1
                bssBANK1                             E4       E4        8         1

        CLASS   BANK2          

        CLASS   BANK3          
                dataBANK3                           1A0      1A0        F         1
                bssBANK3                            190      190       10         1

        CLASS   RAM            

        CLASS   ABS1           
                abs_s1                               7E       7E        2         1

        CLASS   COMMON         
                cstackCOMMON                         70       70        E         1

        CLASS   SFR0           

        CLASS   SFR1           

        CLASS   SFR2           

        CLASS   SFR3           

        CLASS   CONFIG         

        CLASS   IDLOC          

        CLASS   EEDATA         



SEGMENTS        Name                           Load    Length   Top    Selector   Space  Class     Delta

                reset_vec                      000000  000003  000003         0       0  CODE        2
                text578                        000007  00003E  000045         E       0  CODE        2
                cstackBANK0                    000020  00004D  00006D        20       1  BANK0       1
                cstackCOMMON                   000070  00000E  00007E        70       1  COMMON      1
                text583                        000045  000074  0000B9        8A       0  CODE        2
                cstackBANK1                    0000A0  00004C  0000EC        A0       1  BANK1       1
                text581                        0000B9  0000EB  0001A4       172       0  CODE        2
                bssBANK3                       000190  00001F  0001AF       190       1  BANK3       1
                text571                        0001A4  000115  0002B9       348       0  CODE        2
                text586                        0002B9  00015A  000413       572       0  CODE        2
                text570                        000413  0003ED  000800       826       0  CODE        2
                stringtext                     000800  00011D  00091D        10       0  STRCODE     2
                idataBANK0                     000AEB  000005  000AF0      15D6       0  CODE        2
                text585                        000AF0  000007  000AF7      15E0       0  CODE        2
                text592                        000AF7  000008  000AFF      15EE       0  CODE        2
                clrtext                        000AFF  000008  000B07      15FE       0  CODE        2
                text575                        000B07  00000A  000B11      160E       0  CODE        2
                idataBANK1                     000B11  00000A  000B1B      1622       0  CODE        2
                idataBANK3                     000B1B  00000F  000B2A      1636       0  CODE        2
                text593                        000B2A  000010  000B3A      1654       0  CODE        2
                inittext                       000B3A  000011  000B4B      1674       0  CODE        2
                text588                        000B4B  000014  000B5F      1696       0  CODE        2
                maintext                       000B5F  000019  000B78      16BE       0  CODE        2
                text580                        000B78  000025  000B9D      16F0       0  CODE        2
                text579                        000B9D  000025  000BC2      173A       0  CODE        2
                text573                        000BC2  000028  000BEA      1784       0  CODE        2
                text584                        000BEA  00002A  000C14      17D4       0  CODE        2
                text577                        000C14  00002A  000C3E      1828       0  CODE        2
                text590                        000C3E  000032  000C70      187C       0  CODE        2
                text587                        000C70  000038  000CA8      18E0       0  CODE        2
                text589                        000CA8  000039  000CE1      1950       0  CODE        2
                cinit                          000CE1  000045  000D26      19C2       0  CODE        2
                text591                        000D26  000055  000D7B      1A4C       0  CODE        2
                text574                        000D7B  000064  000DDF      1AF6       0  CODE        2
                text582                        000DDF  000066  000E45      1BBE       0  CODE        2
                text572                        000E45  0000D3  000F18      1C8A       0  CODE        2
                text576                        000F18  0000E8  001000      1E30       0  CODE        2


UNUSED ADDRESS RANGES

        Name                Unused          Largest block    Delta
        BANK0            006D-006F              3           1
        BANK1            00EC-00EF              4           1
        BANK2            0110-016F             60           1
        BANK3            01AF-01EF             41           1
        CODE             0003-0006              4           2
                         091D-0AEA            1CE
                         1000-1FFF            800
        CONFIG           2007-2008              2           2
        CONST            0003-0006              4           2
                         091D-0AEA             E3
                         1000-1FFF            100
        EEDATA           2100-21FF            100           2
        ENTRY            0003-0006              4           2
                         091D-0AEA             E3
                         1000-1FFF            100
        IDLOC            2000-2003              4           2
        RAM              006D-006F              3           1
                         00EC-00EF              4
                         0110-016F             60
                         01AF-01EF             41
        SFR0             0000-001F             20           1
        SFR1             0080-009F             20           1
        SFR2             0100-010F             10           1
        SFR3             0180-018F             10           1
        STRCODE          0003-0006              4           2
                         091D-0AEA            1CE
                         1000-1FFF           1000
        STRING           0003-0006              4           2
                         091D-0AEA             E3
                         1000-1FFF            100

                                  Symbol Table

??___awdiv            cstackCOMMON 0074
??___awmod            cstackCOMMON 0074
??___wmul             cstackCOMMON 0074
??_actrow             cstackCOMMON 0074
??_buzz               cstackCOMMON 0072
??_check              cstackCOMMON 0072
??_clearlcd           cstackCOMMON 007A
??_cmd                cstackCOMMON 007A
??_dat                cstackCOMMON 007A
??_delay              cstackCOMMON 0072
??_getlogicseq        cstackBANK0  005D
??_init_fun           cstackCOMMON 007E
??_initkeypad         cstackCOMMON 0070
??_initlcd            cstackCOMMON 007A
??_itoaa              cstackCOMMON 007C
??_main               cstackCOMMON 007E
??_resetout           cstackCOMMON 0070
??_scan               cstackCOMMON 0076
??_scroll             cstackBANK0  004C
??_setLCD             cstackCOMMON 0072
??_startswitch        cstackBANK0  0048
??_strcat             cstackCOMMON 0073
??_strcmp             cstackCOMMON 0072
??_strcpy             cstackCOMMON 0074
??_write              cstackCOMMON 007A
?___awdiv             cstackCOMMON 0070
?___awmod             cstackCOMMON 0070
?___wmul              cstackCOMMON 0070
?_actrow              cstackCOMMON 0072
?_buzz                cstackCOMMON 0070
?_check               cstackCOMMON 0070
?_clearlcd            cstackCOMMON 0070
?_cmd                 cstackCOMMON 0078
?_dat                 cstackCOMMON 0078
?_delay               cstackCOMMON 0070
?_getlogicseq         cstackCOMMON 0070
?_init_fun            cstackCOMMON 0070
?_initkeypad          cstackCOMMON 0070
?_initlcd             cstackCOMMON 0070
?_itoaa               cstackCOMMON 0079
?_main                cstackCOMMON 0070
?_resetout            cstackCOMMON 0070
?_scan                cstackCOMMON 0074
?_scroll              cstackBANK0  0048
?_setLCD              cstackCOMMON 0070
?_startswitch         cstackCOMMON 0070
?_strcat              cstackCOMMON 0070
?_strcmp              cstackCOMMON 0070
?_strcpy              cstackCOMMON 0070
?_write               cstackBANK0  0042
_ANSEL                (abs)        0188
_EEADR                (abs)        010D
_EECON2               (abs)        018D
_EEDAT                (abs)        010C
_EEPGD                (abs)        0C67
_PORTB                (abs)        0006
_RA0                  (abs)        0028
_RA1                  (abs)        0029
_RA2                  (abs)        002A
_RB0                  (abs)        0030
_RB1                  (abs)        0031
_RB2                  (abs)        0032
_RB3                  (abs)        0033
_RB5                  (abs)        0035
_RB6                  (abs)        0036
_RB7                  (abs)        0037
_RC0                  (abs)        0038
_RC1                  (abs)        0039
_RC2                  (abs)        003A
_RC3                  (abs)        003B
_RC4                  (abs)        003C
_RC5                  (abs)        003D
_RC6                  (abs)        003E
_RD                   (abs)        0C60
_RD0                  (abs)        0040
_RD1                  (abs)        0041
_RD2                  (abs)        0042
_RD3                  (abs)        0043
_RD4                  (abs)        0044
_RD5                  (abs)        0045
_RD6                  (abs)        0046
_RD7                  (abs)        0047
_TRISA                (abs)        0085
_TRISB                (abs)        0086
_TRISC                (abs)        0087
_TRISD                (abs)        0088
_WR                   (abs)        0C61
_WREN                 (abs)        0C62
_WRERR                (abs)        0C63
__Habs1               abs1         0000
__Hbank0              bank0        0000
__Hbank1              bank1        0000
__Hbank2              bank2        0000
__Hbank3              bank3        0000
__HbssBANK0           bssBANK0     0000
__HbssBANK1           bssBANK1     0000
__HbssBANK3           bssBANK3     0000
__Hcinit              cinit        0000
__Hclrtext            clrtext      0000
__Hcode               code         0000
__Hcommon             common       0000
__Hconfig             config       0000
__HcstackBANK0        cstackBANK0  0000
__HcstackBANK1        cstackBANK1  0000
__HcstackCOMMON       cstackCOMMON 0000
__HdataBANK0          dataBANK0    0000
__HdataBANK1          dataBANK1    0000
__HdataBANK3          dataBANK3    0000
__Heeprom_data        eeprom_data  0000
__Hend_init           end_init     0003
__Hfunctab            functab      0000
__HidataBANK0         idataBANK0   0000
__HidataBANK1         idataBANK1   0000
__HidataBANK3         idataBANK3   0000
__Hidloc              idloc        0000
__Hinit               init         0000
__Hinittext           inittext     0000
__Hintentry           intentry     0000
__Hmaintext           maintext     0000
__Hpowerup            powerup      0000
__Hram                ram          0000
__Hreset_vec          reset_vec    0000
__Hsfr0               sfr0         0000
__Hsfr1               sfr1         0000
__Hsfr2               sfr2         0000
__Hsfr3               sfr3         0000
__Hstrings            strings      0000
__Hstringtext         stringtext   0000
__Htext               text         0000
__Labs1               abs1         0000
__Lbank0              bank0        0000
__Lbank1              bank1        0000
__Lbank2              bank2        0000
__Lbank3              bank3        0000
__LbssBANK0           bssBANK0     0000
__LbssBANK1           bssBANK1     0000
__LbssBANK3           bssBANK3     0000
__Lcinit              cinit        0000
__Lclrtext            clrtext      0000
__Lcode               code         0000
__Lcommon             common       0000
__Lconfig             config       0000
__LcstackBANK0        cstackBANK0  0000
__LcstackBANK1        cstackBANK1  0000
__LcstackCOMMON       cstackCOMMON 0000
__LdataBANK0          dataBANK0    0000
__LdataBANK1          dataBANK1    0000
__LdataBANK3          dataBANK3    0000
__Leeprom_data        eeprom_data  0000
__Lend_init           end_init     0000
__Lfunctab            functab      0000
__LidataBANK0         idataBANK0   0000
__LidataBANK1         idataBANK1   0000
__LidataBANK3         idataBANK3   0000
__Lidloc              idloc        0000
__Linit               init         0000
__Linittext           inittext     0000
__Lintentry           intentry     0000
__Lmaintext           maintext     0000
__Lpowerup            powerup      0000
__Lram                ram          0000
__Lreset_vec          reset_vec    0000
__Lsfr0               sfr0         0000
__Lsfr1               sfr1         0000
__Lsfr2               sfr2         0000
__Lsfr3               sfr3         0000
__Lstrings            strings      0000
__Lstringtext         stringtext   0000
__Ltext               text         0000
__S0                  (abs)        1000
__S1                  (abs)        01AF
__S2                  (abs)        0000
___awdiv              text583      0045
___awdiv@counter      cstackCOMMON 0075
___awdiv@dividend     cstackCOMMON 0072
___awdiv@divisor      cstackCOMMON 0070
___awdiv@quotient     cstackCOMMON 0077
___awdiv@sign         cstackCOMMON 0076
___awmod              text582      0DDF
___awmod@counter      cstackCOMMON 0075
___awmod@dividend     cstackCOMMON 0072
___awmod@divisor      cstackCOMMON 0070
___awmod@sign         cstackCOMMON 0076
___wmul               text584      0BEA
___wmul@multiplicand  cstackCOMMON 0072
___wmul@multiplier    cstackCOMMON 0070
___wmul@product       cstackCOMMON 0074
__end_of___awdiv      text583      00B9
__end_of___awmod      text582      0E45
__end_of___wmul       text584      0C14
__end_of_actrow       text578      0045
__end_of_buzz         text593      0B3A
__end_of_check        text591      0D7B
__end_of_clearlcd     text575      0B11
__end_of_cmd          text580      0B9D
__end_of_dat          text579      0BC2
__end_of_delay        text588      0B5F
__end_of_getlogicseq  text570      0800
__end_of_init_fun     text573      0BEA
__end_of_initkeypad   text592      0AFF
__end_of_initlcd      text577      0C3E
__end_of_itoaa        text581      01A4
__end_of_main         maintext     0B78
__end_of_resetout     text585      0AF7
__end_of_scan         text576      1000
__end_of_scroll       text572      0F18
__end_of_setLCD       text586      0413
__end_of_startswitch  text571      02B9
__end_of_strcat       text587      0CA8
__end_of_strcmp       text589      0CE1
__end_of_strcpy       text590      0C70
__end_of_write        text574      0DDF
__pbssBANK0           bssBANK0     0061
__pbssBANK1           bssBANK1     00E4
__pbssBANK3           bssBANK3     0190
__pcstackBANK0        cstackBANK0  0020
__pcstackBANK1        cstackBANK1  00A0
__pcstackCOMMON       cstackCOMMON 0070
__pdataBANK0          dataBANK0    0068
__pdataBANK1          dataBANK1    00DA
__pdataBANK3          dataBANK3    01A0
__pidataBANK0         idataBANK0   0AEB
__pidataBANK1         idataBANK1   0B11
__pidataBANK3         idataBANK3   0B1B
__pmaintext           maintext     0B5F
__pstringtext         stringtext   0800
__ptext570            text570      0413
__ptext571            text571      01A4
__ptext572            text572      0E45
__ptext573            text573      0BC2
__ptext574            text574      0D7B
__ptext575            text575      0B07
__ptext576            text576      0F18
__ptext577            text577      0C14
__ptext578            text578      0007
__ptext579            text579      0B9D
__ptext580            text580      0B78
__ptext581            text581      00B9
__ptext582            text582      0DDF
__ptext583            text583      0045
__ptext584            text584      0BEA
__ptext585            text585      0AF0
__ptext586            text586      02B9
__ptext587            text587      0C70
__ptext588            text588      0B4B
__ptext589            text589      0CA8
__ptext590            text590      0C3E
__ptext591            text591      0D26
__ptext592            text592      0AF7
__ptext593            text593      0B2A
__ptext594            text594      0000
__size_of___awdiv     (abs)        0000
__size_of___awmod     (abs)        0000
__size_of___wmul      (abs)        0000
__size_of_actrow      (abs)        0000
__size_of_buzz        (abs)        0000
__size_of_check       (abs)        0000
__size_of_clearlcd    (abs)        0000
__size_of_cmd         (abs)        0000
__size_of_dat         (abs)        0000
__size_of_delay       (abs)        0000
__size_of_getlogicseq (abs)        0000
__size_of_init_fun    (abs)        0000
__size_of_initkeypad  (abs)        0000
__size_of_initlcd     (abs)        0000
__size_of_itoaa       (abs)        0000
__size_of_main        (abs)        0000
__size_of_resetout    (abs)        0000
__size_of_scan        (abs)        0000
__size_of_scroll      (abs)        0000
__size_of_setLCD      (abs)        0000
__size_of_startswitch (abs)        0000
__size_of_strcat      (abs)        0000
__size_of_strcmp      (abs)        0000
__size_of_strcpy      (abs)        0000
__size_of_write       (abs)        0000
_actrow               text578      0007
_adr                  stringtext   0812
_buzz                 text593      0B2A
_check                text591      0D26
_clearlcd             text575      0B07
_cmd                  text580      0B78
_dat                  text579      0B9D
_delay                text588      0B4B
_dev                  bssBANK0     0061
_done_init            bssBANK0     0063
_exit                 init         0000
_f1                   bssBANK1     00E4
_f2                   bssBANK1     00E6
_f3                   bssBANK1     00E8
_getlogicseq          text570      0413
_init_fun             text573      0BC2
_initkeypad           text592      0AF7
_initlcd              text577      0C14
_itoaa                text581      00B9
_lo                   dataBANK0    0068
_logic_d1             dataBANK1    00DA
_logic_d2             dataBANK1    00DF
_logic_d3             dataBANK3    01A5
_logic_d4             dataBANK3    01A0
_main                 maintext     0B5F
_pdev                 bssBANK0     0065
_plo                  dataBANK3    01AA
_resetout             text585      0AF0
_retm                 bssBANK1     00EA
_scan                 text576      0F18
_scroll               text572      0E45
_setLCD               text586      02B9
_startswitch          text571      01A4
_strcat               text587      0C70
_strcmp               text589      0CA8
_strcpy               text590      0C3E
_write                text574      0D7B
actrow@n              cstackCOMMON 0072
btemp                 (abs)        007E
buzz@val              cstackCOMMON 0070
check@i               cstackCOMMON 0076
check@input           cstackCOMMON 0075
check@logic           cstackCOMMON 0070
clear_ram             clrtext      0AFF
cmd@Command           cstackCOMMON 0078
dat@Command           cstackCOMMON 0078
delay@x               cstackCOMMON 0070
end_of_initialization cinit        0D22
getlogicseq@F1868     bssBANK3     0190
getlogicseq@bf        cstackBANK1  00C0
getlogicseq@ccount    cstackBANK1  00D6
getlogicseq@nf        cstackBANK1  00D2
getlogicseq@num       cstackBANK1  00D8
getlogicseq@snum      cstackBANK1  00C2
getlogicseq@str       cstackBANK1  00A0
getlogicseq@wf        cstackBANK1  00D4
init_fetch            inittext     0B3A
init_ram              inittext     0B3E
intlevel0             functab      0000
intlevel1             functab      0000
intlevel2             functab      0000
intlevel3             functab      0000
intlevel4             functab      0000
intlevel5             functab      0000
itoaa@count           cstackBANK0  0020
itoaa@ptr             cstackCOMMON 007B
itoaa@temp            cstackBANK0  0022
itoaa@value           cstackCOMMON 0079
read_log@F1911        bssBANK0     0067
reset_vec             reset_vec    0000
scroll@en             cstackBANK0  0051
scroll@endat          cstackBANK0  0055
scroll@i              cstackBANK0  005B
scroll@len            cstackBANK0  0059
scroll@loopn          cstackBANK0  0057
scroll@loops          cstackBANK0  004A
scroll@st             cstackBANK0  004F
scroll@startat        cstackBANK0  0053
scroll@str            cstackBANK0  0048
setLCD@i              cstackBANK0  0040
setLCD@number         cstackCOMMON 0070
setLCD@size           stringtext   0817
setLCD@vbool          cstackBANK0  0020
start                 init         0000
start_initialization  cinit        0CE1
strcat@cp             cstackCOMMON 0076
strcat@from           cstackCOMMON 0072
strcat@to             cstackCOMMON 0070
strcmp@r              cstackCOMMON 0076
strcmp@s1             cstackCOMMON 0077
strcmp@s2             cstackCOMMON 0070
strcpy@cp             cstackCOMMON 0079
strcpy@from           cstackCOMMON 0072
strcpy@to             cstackCOMMON 0070
write@erase           cstackBANK0  0046
write@i               cstackCOMMON 007C
write@line            cstackBANK0  0044
write@str             cstackBANK0  0042
wtemp0                (abs)        007E
