HI-TECH Software C Compiler 

Linker command line:

--edf=C:\Program Files (x86)\HI-TECH Software\PICC\9.81\dat\en_msgs.txt -cs \
  -h+intr_led.sym -z -Q16F887 -ol.obj -Mintr_led.map -E1 \
  -ACONST=00h-0FFhx32 -ACODE=00h-07FFhx4 -ASTRCODE=00h-01FFFh \
  -AENTRY=00h-0FFhx32 -ASTRING=00h-0FFhx32 -ABANK0=020h-06Fh \
  -ABANK1=0A0h-0EFh -ABANK2=0110h-016Fh -ABANK3=0190h-01EFh \
  -ARAM=020h-06Fh,0A0h-0EFh,0110h-016Fh,0190h-01EFh \
  -AABS1=020h-07Fh,0A0h-0EFh,0110h-016Fh,0190h-01EFh -ACOMMON=070h-07Fh \
  -ASFR0=00h-01Fh -ASFR1=080h-09Fh -ASFR2=0100h-010Fh -ASFR3=0180h-018Fh \
  -preset_vec=00h,intentry=04h,init,end_init -ppowerup=CODE -pfunctab=CODE \
  -ACONFIG=02007h-02008h -pconfig=CONFIG -DCONFIG=2 -AIDLOC=02000h-02003h \
  -pidloc=IDLOC -DIDLOC=2 -AEEDATA=00h-0FFh/02100h -peeprom_data=EEDATA \
  -DEEDATA=2 -DCODE=2 -DSTRCODE=2 -DSTRING=2 -DCONST=2 -DENTRY=2 -k \
  startup.obj intr_led.obj 

Object code version is 3.10

Machine type is 16F887



                Name                               Link     Load   Length Selector   Space Scale
startup.obj     end_init                             12       12        3        8       0
                reset_vec                             0        0        3        0       0
intr_led.obj    intentry                              4        4        E        8       0
                text76                               67       67       14        8       0
                text75                               3A       3A       19        8       0
                text74                               53       53       14        8       0
                maintext                             15       15       25        8       0
                cstackCOMMON                         70       70        8       70       1
                cinit                                7B       7B        4        8       0

TOTAL           Name                               Link     Load   Length     Space
        CLASS   CONST          

        CLASS   CODE           
                end_init                             12       12        3         0
                intentry                              4        4        E         0
                reset_vec                             0        0        3         0
                text76                               67       67       14         0
                text75                               3A       3A       19         0
                text74                               53       53       14         0
                maintext                             15       15       25         0
                cinit                                7B       7B        4         0

        CLASS   STRCODE        

        CLASS   ENTRY          

        CLASS   STRING         

        CLASS   BANK0          

        CLASS   BANK1          

        CLASS   BANK2          

        CLASS   BANK3          

        CLASS   RAM            

        CLASS   ABS1           
                abs_s1                               7E       7E        2         1

        CLASS   COMMON         
                cstackCOMMON                         70       70        8         1

        CLASS   SFR0           

        CLASS   SFR1           

        CLASS   SFR2           

        CLASS   SFR3           

        CLASS   CONFIG         

        CLASS   IDLOC          

        CLASS   EEDATA         



SEGMENTS        Name                           Load    Length   Top    Selector   Space  Class     Delta

                reset_vec                      000000  000003  000003         0       0  CODE        2
                intentry                       000004  00007B  00007F         8       0  CODE        2
                cstackCOMMON                   000070  000008  000078        70       1  COMMON      1


UNUSED ADDRESS RANGES

        Name                Unused          Largest block    Delta
        BANK0            20-6F           50           1
        BANK1            A0-EF           50           1
        BANK2            110-16F           60           1
        BANK3            190-1EF           60           1
        CODE             03-03            1           2
                         7F-1FFF          800
        COMMON           78-7D            6           1
        CONFIG           2007-2008            2           2
        CONST            03-03            1           2
                         7F-1FFF          100
        EEDATA           2100-21FF          100           2
        ENTRY            03-03            1           2
                         7F-1FFF          100
        IDLOC            2000-2003            4           2
        RAM              20-6F           50           1
                         A0-EF           50
                         110-16F           60
                         190-1EF           60
        SFR0             00-1F           20           1
        SFR1             80-9F           20           1
        SFR2             100-10F           10           1
        SFR3             180-18F           10           1
        STRCODE          03-03            1           2
                         7F-1FFF         1F81
        STRING           03-03            1           2
                         7F-1FFF          100

                                  Symbol Table

??_delay              cstackCOMMON 78  ??_isr                cstackCOMMON 72
??_main               cstackCOMMON 78  ??i1_delay            cstackCOMMON 72
?_delay               cstackCOMMON 76  ?_isr                 cstackCOMMON 70
?_main                cstackCOMMON 70  ?i1_delay             cstackCOMMON 70
_GIE                  (abs)        5F  _OPTION_REG           (abs)        81
_PORTC                (abs)        07  _PORTD                (abs)        08
_T0IE                 (abs)        5D  _T0IF                 (abs)        5A
_TMR0                 (abs)        01  _TRISC                (abs)        87
_TRISD                (abs)        88  __Habs1               abs1         00
__Hbank0              bank0        00  __Hbank1              bank1        00
__Hbank2              bank2        00  __Hbank3              bank3        00
__Hcinit              cinit        00  __Hclrtext            clrtext      00
__Hcode               code         00  __Hcommon             common       00
__Hconfig             config       00  __HcstackCOMMON       cstackCOMMON 00
__Heeprom_data        eeprom_data  00  __Hend_init           end_init     15
__Hfunctab            functab      00  __Hidloc              idloc        00
__Hinit               init         12  __Hintentry           intentry     12
__Hmaintext           maintext     00  __Hpowerup            powerup      00
__Hram                ram          00  __Hreset_vec          reset_vec    03
__Hsfr0               sfr0         00  __Hsfr1               sfr1         00
__Hsfr2               sfr2         00  __Hsfr3               sfr3         00
__Hstrings            strings      00  __Htext               text         00
__Labs1               abs1         00  __Lbank0              bank0        00
__Lbank1              bank1        00  __Lbank2              bank2        00
__Lbank3              bank3        00  __Lcinit              cinit        00
__Lclrtext            clrtext      00  __Lcode               code         00
__Lcommon             common       00  __Lconfig             config       00
__LcstackCOMMON       cstackCOMMON 00  __Leeprom_data        eeprom_data  00
__Lend_init           end_init     12  __Lfunctab            functab      00
__Lidloc              idloc        00  __Linit               init         12
__Lintentry           intentry     04  __Lmaintext           maintext     00
__Lpowerup            powerup      00  __Lram                ram          00
__Lreset_vec          reset_vec    00  __Lsfr0               sfr0         00
__Lsfr1               sfr1         00  __Lsfr2               sfr2         00
__Lsfr3               sfr3         00  __Lstrings            strings      00
__Ltext               text         00  __S0                  (abs)        7F
__S1                  (abs)        78  __S2                  (abs)        00
__end_of_delay        text74       67  __end_of_isr          text75       53
__end_of_main         maintext     3A  __end_ofi1_delay      text76       7B
__pcstackCOMMON       cstackCOMMON 70  __pintentry           intentry     04
__pmaintext           maintext     15  __ptext73             text73       00
__ptext74             text74       53  __ptext75             text75       3A
__ptext76             text76       67  __ptext77             text77       00
__size_of_delay       (abs)        00  __size_of_isr         (abs)        00
__size_of_main        (abs)        00  __size_ofi1_delay     (abs)        00
_delay                text74       53  _exit                 init         12
_isr                  text75       3A  _main                 maintext     15
btemp                 (abs)        7E  delay@x               cstackCOMMON 76
end_of_initialization cinit        7B  i1_delay              text76       67
i1delay@x             cstackCOMMON 70  interrupt_function    intentry     04
intlevel0             functab      00  intlevel1             functab      00
intlevel2             functab      00  intlevel3             functab      00
intlevel4             functab      00  intlevel5             functab      00
reset_vec             reset_vec    00  saved_w               (abs)        7E
start                 init         12  start_initialization  cinit        7B
wtemp0                (abs)        7E  
