

HI-TECH Software PIC LITE Macro Assembler V9.81 build 7503 
                                                                                               Sun Jun 25 12:39:50 2017

HI-TECH Software Omniscient Code Generator (Lite mode) build 7503
     1  0000                     opt subtitle "HI-TECH Software Omniscient Code Generator (Lite mode) build 7503"
     2                           
     3                           opt pagewidth 120
     4                           
     5                           	opt lm
     6                           
     7                           	processor	16F887
     8                           clrc	macro
     9                           	bcf	3,0
    10  0000                     	endm
    11                           clrz	macro
    12                           	bcf	3,2
    13  0000                     	endm
    14                           setc	macro
    15                           	bsf	3,0
    16  0000                     	endm
    17                           setz	macro
    18                           	bsf	3,2
    19  0000                     	endm
    20                           skipc	macro
    21                           	btfss	3,0
    22  0000                     	endm
    23                           skipz	macro
    24                           	btfss	3,2
    25  0000                     	endm
    26                           skipnc	macro
    27                           	btfsc	3,0
    28  0000                     	endm
    29                           skipnz	macro
    30                           	btfsc	3,2
    31  0000                     	endm
    32  0000                     indf	equ	0
    33  0000                     indf0	equ	0
    34  0002                     pc	equ	2
    35  0002                     pcl	equ	2
    36  0003                     status	equ	3
    37  0004                     fsr	equ	4
    38  0004                     fsr0	equ	4
    39  0001                     c	equ	1
    40  0000                     z	equ	0
    41  000A                     pclath	equ	10
    42                           	FNCALL	_main,_delay
    43                           	FNROOT	_main
    44                           	FNCALL	_isr,i1_delay
    45                           	FNCALL	intlevel1,_isr
    46                           	global	intlevel1
    47                           	FNROOT	intlevel1
    48                           	global	_PORTC
    49                           psect	text73,local,class=CODE,delta=2
    50                           global __ptext73
    51  0000                     __ptext73:
    52  0007                     _PORTC	set	7
    53                           	global	_PORTD
    54  0008                     _PORTD	set	8
    55                           	global	_TMR0
    56  0001                     _TMR0	set	1
    57                           	global	_GIE
    58  005F                     _GIE	set	95
    59                           	global	_T0IE
    60  005D                     _T0IE	set	93
    61                           	global	_T0IF
    62  005A                     _T0IF	set	90
    63                           	global	_OPTION_REG
    64  0081                     _OPTION_REG	set	129
    65                           	global	_TRISC
    66  0087                     _TRISC	set	135
    67                           	global	_TRISD
    68  0088                     _TRISD	set	136
    69                           	file	"intr_led.as"
    70                           	line	#
    71                           psect cinit,class=CODE,delta=2
    72                           global start_initialization
    73  007B                     start_initialization:
    74                           
    75                           psect cinit,class=CODE,delta=2
    76                           global end_of_initialization
    77                           
    78                           ;End of C runtime variable initialization code
    79                           
    80  007B                     end_of_initialization:
    81  007B  0183               clrf status
    82  007C  120A  118A  2815   ljmp _main	;jump to C main() function
    83                           psect	cstackCOMMON,class=COMMON,space=1
    84                           global __pcstackCOMMON
    85  0070                     __pcstackCOMMON:
    86                           	global	?_isr
    87  0070                     ?_isr:	; 0 bytes @ 0x0
    88                           	global	?_main
    89  0070                     ?_main:	; 0 bytes @ 0x0
    90                           	global	?i1_delay
    91  0070                     ?i1_delay:	; 0 bytes @ 0x0
    92                           	global	i1delay@x
    93  0070                     i1delay@x:	; 2 bytes @ 0x0
    94  0070                     	ds	2
    95                           	global	??_isr
    96  0072                     ??_isr:	; 0 bytes @ 0x2
    97                           	global	??i1_delay
    98  0072                     ??i1_delay:	; 0 bytes @ 0x2
    99  0072                     	ds	4
   100                           	global	?_delay
   101  0076                     ?_delay:	; 0 bytes @ 0x6
   102                           	global	delay@x
   103  0076                     delay@x:	; 2 bytes @ 0x6
   104  0076                     	ds	2
   105                           	global	??_delay
   106  0078                     ??_delay:	; 0 bytes @ 0x8
   107                           	global	??_main
   108  0078                     ??_main:	; 0 bytes @ 0x8
   109 ;;Data sizes: Strings 0, constant 0, data 0, bss 0, persistent 0 stack 0
   110 ;;Auto spaces:   Size  Autos    Used
   111 ;; COMMON          14      8       8
   112 ;; BANK0           80      0       0
   113 ;; BANK1           80      0       0
   114 ;; BANK3           96      0       0
   115 ;; BANK2           96      0       0
   116                           
   117 ;;
   118 ;; Pointer list with targets:
   119                           
   120                           
   121                           
   122 ;;
   123 ;; Critical Paths under _main in COMMON
   124 ;;
   125 ;;   _main->_delay
   126 ;;
   127 ;; Critical Paths under _isr in COMMON
   128 ;;
   129 ;;   _isr->i1_delay
   130 ;;
   131 ;; Critical Paths under _main in BANK0
   132 ;;
   133 ;;   None.
   134 ;;
   135 ;; Critical Paths under _isr in BANK0
   136 ;;
   137 ;;   None.
   138 ;;
   139 ;; Critical Paths under _main in BANK1
   140 ;;
   141 ;;   None.
   142 ;;
   143 ;; Critical Paths under _isr in BANK1
   144 ;;
   145 ;;   None.
   146 ;;
   147 ;; Critical Paths under _main in BANK3
   148 ;;
   149 ;;   None.
   150 ;;
   151 ;; Critical Paths under _isr in BANK3
   152 ;;
   153 ;;   None.
   154 ;;
   155 ;; Critical Paths under _main in BANK2
   156 ;;
   157 ;;   None.
   158 ;;
   159 ;; Critical Paths under _isr in BANK2
   160 ;;
   161 ;;   None.
   162                           
   163 ;;
   164 ;;Main: autosize = 0, tempsize = 0, incstack = 0, save=0
   165 ;;
   166                           
   167 ;;
   168 ;;Call Graph Tables:
   169 ;;
   170 ;; ---------------------------------------------------------------------------------
   171 ;; (Depth) Function   	        Calls       Base Space   Used Autos Params    Refs
   172 ;; ---------------------------------------------------------------------------------
   173 ;; (0) _main                                                 0     0      0      15
   174 ;;                              _delay
   175 ;; ---------------------------------------------------------------------------------
   176 ;; (1) _delay                                                2     0      2      15
   177 ;;                                              6 COMMON     2     0      2
   178 ;; ---------------------------------------------------------------------------------
   179 ;; Estimated maximum stack depth 1
   180 ;; ---------------------------------------------------------------------------------
   181 ;; (Depth) Function   	        Calls       Base Space   Used Autos Params    Refs
   182 ;; ---------------------------------------------------------------------------------
   183 ;; (2) _isr                                                  4     4      0      60
   184 ;;                                              2 COMMON     4     4      0
   185 ;;                            i1_delay
   186 ;; ---------------------------------------------------------------------------------
   187 ;; (3) i1_delay                                              2     0      2      60
   188 ;;                                              0 COMMON     2     0      2
   189 ;; ---------------------------------------------------------------------------------
   190 ;; Estimated maximum stack depth 3
   191 ;; ---------------------------------------------------------------------------------
   192                           
   193 ;; Call Graph Graphs:
   194                           
   195 ;; _main (ROOT)
   196 ;;   _delay
   197 ;;
   198 ;; _isr (ROOT)
   199 ;;   i1_delay
   200 ;;
   201                           
   202 ;; Address spaces:
   203                           
   204 ;;Name               Size   Autos  Total    Cost      Usage
   205 ;;BITCOMMON            E      0       0       0        0.0%
   206 ;;EEDATA             100      0       0       0        0.0%
   207 ;;NULL                 0      0       0       0        0.0%
   208 ;;CODE                 0      0       0       0        0.0%
   209 ;;COMMON               E      8       8       1       57.1%
   210 ;;BITSFR0              0      0       0       1        0.0%
   211 ;;SFR0                 0      0       0       1        0.0%
   212 ;;BITSFR1              0      0       0       2        0.0%
   213 ;;SFR1                 0      0       0       2        0.0%
   214 ;;STACK                0      0       5       2        0.0%
   215 ;;ABS                  0      0       0       3        0.0%
   216 ;;BITBANK0            50      0       0       4        0.0%
   217 ;;BITSFR3              0      0       0       4        0.0%
   218 ;;SFR3                 0      0       0       4        0.0%
   219 ;;BANK0               50      0       0       5        0.0%
   220 ;;BITSFR2              0      0       0       5        0.0%
   221 ;;SFR2                 0      0       0       5        0.0%
   222 ;;BITBANK1            50      0       0       6        0.0%
   223 ;;BANK1               50      0       0       7        0.0%
   224 ;;BITBANK3            60      0       0       8        0.0%
   225 ;;BANK3               60      0       0       9        0.0%
   226 ;;BITBANK2            60      0       0      10        0.0%
   227 ;;BANK2               60      0       0      11        0.0%
   228 ;;DATA                 0      0       0      12        0.0%
   229                           
   230                           	global	_main
   231                           psect	maintext,global,class=CODE,delta=2
   232                           global __pmaintext
   233  0015                     __pmaintext:
   234                           
   235 ;; *************** function _main *****************
   236 ;; Defined at:
   237 ;;		line 19 in file "Z:\home\shivesh\Proteus 7.7 Professional\BIN\PROJECTS\Training_Project\Code\intr\intr_led_1.c"
   238 ;; Parameters:    Size  Location     Type
   239 ;;		None
   240 ;; Auto vars:     Size  Location     Type
   241 ;;		None
   242 ;; Return value:  Size  Location     Type
   243 ;;		None               void
   244 ;; Registers used:
   245 ;;		wreg, status,2, status,0, pclath, cstack
   246 ;; Tracked objects:
   247 ;;		On entry : 17F/0
   248 ;;		On exit  : 0/0
   249 ;;		Unchanged: 0/0
   250 ;; Data sizes:     COMMON   BANK0   BANK1   BANK3   BANK2
   251 ;;      Params:         0       0       0       0       0
   252 ;;      Locals:         0       0       0       0       0
   253 ;;      Temps:          0       0       0       0       0
   254 ;;      Totals:         0       0       0       0       0
   255 ;;Total ram usage:        0 bytes
   256 ;; Hardware stack levels required when called:    3
   257 ;; This function calls:
   258 ;;		_delay
   259 ;; This function is called by:
   260 ;;		Startup code after reset
   261 ;; This function uses a non-reentrant model
   262 ;;
   263                           psect	maintext
   264                           	file	"Z:\home\shivesh\Proteus 7.7 Professional\BIN\PROJECTS\Training_Project\Code\intr\
                                 intr_led_1.c"
   265                           	line	19
   266                           	global	__size_of_main
   267  0025                     	__size_of_main	equ	__end_of_main-_main
   268                           	
   269  0015                     _main:	
   270                           	opt	stack 5
   271                           ; Regs used in _main: [wreg+status,2+status,0+pclath+cstack]
   272                           	line	21
   273                           	
   274  0015                     l2192:	
   275                           ;intr_led_1.c: 21: TRISC=0x00;
   276  0015  1683               	bsf	status, 5	;RP0=1, select bank1
   277  0016  1303               	bcf	status, 6	;RP1=0, select bank1
   278  0017  0187               	clrf	(135)^080h	;volatile
   279                           	line	22
   280                           ;intr_led_1.c: 22: TRISD=0x00;
   281  0018  0188               	clrf	(136)^080h	;volatile
   282                           	line	23
   283                           ;intr_led_1.c: 23: PORTC=0x00;
   284  0019  1283               	bcf	status, 5	;RP0=0, select bank0
   285  001A  1303               	bcf	status, 6	;RP1=0, select bank0
   286  001B  0187               	clrf	(7)	;volatile
   287                           	line	24
   288                           ;intr_led_1.c: 24: PORTD=0x00;
   289  001C  0188               	clrf	(8)	;volatile
   290                           	line	26
   291                           	
   292  001D                     l2194:	
   293                           ;intr_led_1.c: 26: OPTION_REG=0x08;
   294  001D  3008               	movlw	(08h)
   295  001E  1683               	bsf	status, 5	;RP0=1, select bank1
   296  001F  1303               	bcf	status, 6	;RP1=0, select bank1
   297  0020  0081               	movwf	(129)^080h	;volatile
   298                           	line	27
   299                           	
   300  0021                     l2196:	
   301                           ;intr_led_1.c: 27: TMR0=0;
   302  0021  1283               	bcf	status, 5	;RP0=0, select bank0
   303  0022  1303               	bcf	status, 6	;RP1=0, select bank0
   304  0023  0181               	clrf	(1)	;volatile
   305                           	line	28
   306                           	
   307  0024                     l2198:	
   308                           ;intr_led_1.c: 28: T0IF=0;
   309  0024  110B               	bcf	(90/8),(90)&7
   310                           	line	30
   311                           	
   312  0025                     l2200:	
   313                           ;intr_led_1.c: 30: GIE=1;
   314  0025  178B               	bsf	(95/8),(95)&7
   315                           	line	31
   316                           	
   317  0026                     l2202:	
   318                           ;intr_led_1.c: 31: T0IE=1;
   319  0026  168B               	bsf	(93/8),(93)&7
   320  0027  2828               	goto	l2204
   321                           	line	33
   322                           ;intr_led_1.c: 33: while(1)
   323                           	
   324  0028                     l1034:	
   325                           	line	35
   326                           	
   327  0028                     l2204:	
   328                           ;intr_led_1.c: 34: {
   329                           ;intr_led_1.c: 35: PORTC=~PORTD;
   330  0028  1283               	bcf	status, 5	;RP0=0, select bank0
   331  0029  1303               	bcf	status, 6	;RP1=0, select bank0
   332  002A  0908               	comf	(8),w	;volatile
   333  002B  0087               	movwf	(7)	;volatile
   334                           	line	36
   335                           	
   336  002C                     l2206:	
   337                           ;intr_led_1.c: 36: delay(20000);
   338  002C  3020               	movlw	low(04E20h)
   339  002D  00F6               	movwf	(?_delay)
   340  002E  304E               	movlw	high(04E20h)
   341  002F  00F7               	movwf	((?_delay))+1
   342  0030  120A  118A  2053   	fcall	_delay
              120A  118A         
   343  0035  2828               	goto	l2204
   344                           	line	38
   345                           	
   346  0036                     l1035:	
   347                           	line	33
   348  0036  2828               	goto	l2204
   349                           	
   350  0037                     l1036:	
   351                           	line	40
   352                           	
   353  0037                     l1037:	
   354                           	global	start
   355  0037  120A  118A  2812   	ljmp	start
   356                           	opt stack 0
   357                           GLOBAL	__end_of_main
   358  003A                     	__end_of_main:
   359 ;; =============== function _main ends ============
   360                           
   361                           	signat	_main,88
   362                           	global	_delay
   363                           psect	text74,local,class=CODE,delta=2
   364                           global __ptext74
   365  0053                     __ptext74:
   366                           
   367 ;; *************** function _delay *****************
   368 ;; Defined at:
   369 ;;		line 4 in file "Z:\home\shivesh\Proteus 7.7 Professional\BIN\PROJECTS\Training_Project\Code\intr\intr_led_1.c"
   370 ;; Parameters:    Size  Location     Type
   371 ;;  x               2    6[COMMON] unsigned int 
   372 ;; Auto vars:     Size  Location     Type
   373 ;;		None
   374 ;; Return value:  Size  Location     Type
   375 ;;		None               void
   376 ;; Registers used:
   377 ;;		wreg
   378 ;; Tracked objects:
   379 ;;		On entry : 0/0
   380 ;;		On exit  : 0/0
   381 ;;		Unchanged: 0/0
   382 ;; Data sizes:     COMMON   BANK0   BANK1   BANK3   BANK2
   383 ;;      Params:         2       0       0       0       0
   384 ;;      Locals:         0       0       0       0       0
   385 ;;      Temps:          0       0       0       0       0
   386 ;;      Totals:         2       0       0       0       0
   387 ;;Total ram usage:        2 bytes
   388 ;; Hardware stack levels used:    1
   389 ;; Hardware stack levels required when called:    2
   390 ;; This function calls:
   391 ;;		Nothing
   392 ;; This function is called by:
   393 ;;		_main
   394 ;; This function uses a non-reentrant model
   395 ;;
   396                           psect	text74
   397                           	file	"Z:\home\shivesh\Proteus 7.7 Professional\BIN\PROJECTS\Training_Project\Code\intr\
                                 intr_led_1.c"
   398                           	line	4
   399                           	global	__size_of_delay
   400  0014                     	__size_of_delay	equ	__end_of_delay-_delay
   401                           	
   402  0053                     _delay:	
   403                           	opt	stack 5
   404                           ; Regs used in _delay: [wreg]
   405                           	line	5
   406                           	
   407  0053                     l1406:	
   408                           ;intr_led_1.c: 5: while(x-->0);
   409  0053  2855               	goto	l1408
   410                           	
   411  0054                     l1026:	
   412  0054  2855               	goto	l1408
   413                           	
   414  0055                     l1025:	
   415                           	
   416  0055                     l1408:	
   417  0055  3001               	movlw	low(01h)
   418  0056  02F6               	subwf	(delay@x),f
   419  0057  3000               	movlw	high(01h)
   420  0058  1C03               	skipc
   421  0059  03F7               	decf	(delay@x+1),f
   422  005A  02F7               	subwf	(delay@x+1),f
   423  005B  30FF               	movlw	high(0FFFFh)
   424  005C  0677               	xorwf	((delay@x+1)),w
   425  005D  1D03               	skipz
   426  005E  2861               	goto	u15
   427  005F  30FF               	movlw	low(0FFFFh)
   428  0060  0676               	xorwf	((delay@x)),w
   429  0061                     u15:
   430                           
   431  0061  1D03               	skipz
   432  0062  2864               	goto	u11
   433  0063  2865               	goto	u10
   434  0064                     u11:
   435  0064  2855               	goto	l1408
   436  0065                     u10:
   437  0065  2866               	goto	l1028
   438                           	
   439  0066                     l1027:	
   440                           	line	6
   441                           	
   442  0066                     l1028:	
   443  0066  0008               	return
   444                           	opt stack 0
   445                           GLOBAL	__end_of_delay
   446  0067                     	__end_of_delay:
   447 ;; =============== function _delay ends ============
   448                           
   449                           	signat	_delay,4216
   450                           	global	_isr
   451                           psect	text75,local,class=CODE,delta=2
   452                           global __ptext75
   453  003A                     __ptext75:
   454                           
   455 ;; *************** function _isr *****************
   456 ;; Defined at:
   457 ;;		line 10 in file "Z:\home\shivesh\Proteus 7.7 Professional\BIN\PROJECTS\Training_Project\Code\intr\intr_led_1.c"
   458 ;; Parameters:    Size  Location     Type
   459 ;;		None
   460 ;; Auto vars:     Size  Location     Type
   461 ;;		None
   462 ;; Return value:  Size  Location     Type
   463 ;;		None               void
   464 ;; Registers used:
   465 ;;		wreg, status,2, status,0, pclath, cstack
   466 ;; Tracked objects:
   467 ;;		On entry : 0/0
   468 ;;		On exit  : 0/0
   469 ;;		Unchanged: 0/0
   470 ;; Data sizes:     COMMON   BANK0   BANK1   BANK3   BANK2
   471 ;;      Params:         0       0       0       0       0
   472 ;;      Locals:         0       0       0       0       0
   473 ;;      Temps:          4       0       0       0       0
   474 ;;      Totals:         4       0       0       0       0
   475 ;;Total ram usage:        4 bytes
   476 ;; Hardware stack levels used:    1
   477 ;; Hardware stack levels required when called:    1
   478 ;; This function calls:
   479 ;;		i1_delay
   480 ;; This function is called by:
   481 ;;		Interrupt level 1
   482 ;; This function uses a non-reentrant model
   483 ;;
   484                           psect	text75
   485                           	file	"Z:\home\shivesh\Proteus 7.7 Professional\BIN\PROJECTS\Training_Project\Code\intr\
                                 intr_led_1.c"
   486                           	line	10
   487                           	global	__size_of_isr
   488  0019                     	__size_of_isr	equ	__end_of_isr-_isr
   489                           	
   490  003A                     _isr:	
   491                           	opt	stack 5
   492                           ; Regs used in _isr: [wreg+status,2+status,0+pclath+cstack]
   493                           psect	intentry,class=CODE,delta=2
   494                           global __pintentry
   495  0004                     __pintentry:
   496                           global interrupt_function
   497  0004                     interrupt_function:
   498                           	global saved_w
   499  007E                     	saved_w	set	btemp+0
   500  0004  00FE               	movwf	saved_w
   501  0005  0E03               	swapf	status,w
   502  0006  00F2               	movwf	(??_isr+0)
   503  0007  0804               	movf	fsr0,w
   504  0008  00F3               	movwf	(??_isr+1)
   505  0009  080A               	movf	pclath,w
   506  000A  00F4               	movwf	(??_isr+2)
   507  000B  1283               	bcf	status, 5	;RP0=0, select bank0
   508  000C  1303               	bcf	status, 6	;RP1=0, select bank0
   509  000D  087F               	movf	btemp+1,w
   510  000E  00F5               	movwf	(??_isr+3)
   511  000F  120A  118A  283A   	ljmp	_isr
   512                           psect	text75
   513                           	line	11
   514                           	
   515  003A                     i1l1410:	
   516                           ;intr_led_1.c: 11: T0IF=0;
   517  003A  110B               	bcf	(90/8),(90)&7
   518                           	line	12
   519                           	
   520  003B                     i1l1412:	
   521                           ;intr_led_1.c: 12: TMR0=0;
   522  003B  0181               	clrf	(1)	;volatile
   523                           	line	13
   524                           	
   525  003C                     i1l1414:	
   526                           ;intr_led_1.c: 13: PORTD=~PORTD;
   527  003C  0988               	comf	(8),f	;volatile
   528                           	line	14
   529                           	
   530  003D                     i1l1416:	
   531                           ;intr_led_1.c: 14: delay(100);
   532  003D  3064               	movlw	low(064h)
   533  003E  00F0               	movwf	(?i1_delay)
   534  003F  3000               	movlw	high(064h)
   535  0040  00F1               	movwf	((?i1_delay))+1
   536  0041  120A  118A  2067   	fcall	i1_delay
              120A  118A         
   537                           	line	16
   538                           	
   539  0046                     i1l1031:	
   540  0046  0875               	movf	(??_isr+3),w
   541  0047  1283               	bcf	status, 5	;RP0=0, select bank0
   542  0048  1303               	bcf	status, 6	;RP1=0, select bank0
   543  0049  00FF               	movwf	btemp+1
   544  004A  0874               	movf	(??_isr+2),w
   545  004B  008A               	movwf	pclath
   546  004C  0873               	movf	(??_isr+1),w
   547  004D  0084               	movwf	fsr0
   548  004E  0E72               	swapf	(??_isr+0)^0FFFFFF80h,w
   549  004F  0083               	movwf	status
   550  0050  0EFE               	swapf	saved_w,f
   551  0051  0E7E               	swapf	saved_w,w
   552  0052  0009               	retfie
   553                           	opt stack 0
   554                           GLOBAL	__end_of_isr
   555  0053                     	__end_of_isr:
   556 ;; =============== function _isr ends ============
   557                           
   558                           	signat	_isr,88
   559                           	global	i1_delay
   560                           psect	text76,local,class=CODE,delta=2
   561                           global __ptext76
   562  0067                     __ptext76:
   563                           
   564 ;; *************** function i1_delay *****************
   565 ;; Defined at:
   566 ;;		line 4 in file "Z:\home\shivesh\Proteus 7.7 Professional\BIN\PROJECTS\Training_Project\Code\intr\intr_led_1.c"
   567 ;; Parameters:    Size  Location     Type
   568 ;;  delay           2    0[COMMON] unsigned int 
   569 ;; Auto vars:     Size  Location     Type
   570 ;;		None
   571 ;; Return value:  Size  Location     Type
   572 ;;		None               void
   573 ;; Registers used:
   574 ;;		wreg
   575 ;; Tracked objects:
   576 ;;		On entry : 0/0
   577 ;;		On exit  : 0/0
   578 ;;		Unchanged: 0/0
   579 ;; Data sizes:     COMMON   BANK0   BANK1   BANK3   BANK2
   580 ;;      Params:         2       0       0       0       0
   581 ;;      Locals:         0       0       0       0       0
   582 ;;      Temps:          0       0       0       0       0
   583 ;;      Totals:         2       0       0       0       0
   584 ;;Total ram usage:        2 bytes
   585 ;; Hardware stack levels used:    1
   586 ;; This function calls:
   587 ;;		Nothing
   588 ;; This function is called by:
   589 ;;		_isr
   590 ;; This function uses a non-reentrant model
   591 ;;
   592                           psect	text76
   593                           	file	"Z:\home\shivesh\Proteus 7.7 Professional\BIN\PROJECTS\Training_Project\Code\intr\
                                 intr_led_1.c"
   594                           	line	4
   595                           	global	__size_ofi1_delay
   596  0014                     	__size_ofi1_delay	equ	__end_ofi1_delay-i1_delay
   597                           	
   598  0067                     i1_delay:	
   599                           	opt	stack 5
   600                           ; Regs used in i1_delay: [wreg]
   601                           	line	5
   602                           	
   603  0067                     i1l2188:	
   604                           ;intr_led_1.c: 5: while(x-->0);
   605  0067  2869               	goto	i1l2190
   606                           	
   607  0068                     i1l1026:	
   608  0068  2869               	goto	i1l2190
   609                           	
   610  0069                     i1l1025:	
   611                           	
   612  0069                     i1l2190:	
   613  0069  3001               	movlw	low(01h)
   614  006A  02F0               	subwf	(i1delay@x),f
   615  006B  3000               	movlw	high(01h)
   616  006C  1C03               	skipc
   617  006D  03F1               	decf	(i1delay@x+1),f
   618  006E  02F1               	subwf	(i1delay@x+1),f
   619  006F  30FF               	movlw	high(0FFFFh)
   620  0070  0671               	xorwf	((i1delay@x+1)),w
   621  0071  1D03               	skipz
   622  0072  2875               	goto	u216_25
   623  0073  30FF               	movlw	low(0FFFFh)
   624  0074  0670               	xorwf	((i1delay@x)),w
   625  0075                     u216_25:
   626                           
   627  0075  1D03               	skipz
   628  0076  2878               	goto	u216_21
   629  0077  2879               	goto	u216_20
   630  0078                     u216_21:
   631  0078  2869               	goto	i1l2190
   632  0079                     u216_20:
   633  0079  287A               	goto	i1l1028
   634                           	
   635  007A                     i1l1027:	
   636                           	line	6
   637                           	
   638  007A                     i1l1028:	
   639  007A  0008               	return
   640                           	opt stack 0
   641                           GLOBAL	__end_ofi1_delay
   642  007B                     	__end_ofi1_delay:
   643 ;; =============== function i1_delay ends ============
   644                           
   645                           	signat	i1_delay,88
   646                           psect	text77,local,class=CODE,delta=2
   647                           global __ptext77
   648  0000                     __ptext77:
   649                           	global	btemp
   650  007E                     	btemp set 07Eh
   651                           
   652                           	DABS	1,126,2	;btemp
   653                           	global	wtemp0
   654  007E                     	wtemp0 set btemp


HI-TECH Software PICC Macro Assembler V9.81 build 7503 
Symbol Table                                                                                   Sun Jun 25 12:39:50 2017

                  u10 0065                    u11 0064                    u15 0061                   _GIE 005F  
                 _isr 003A                   fsr0 0004                  l1025 0055                  l1026 0054  
                l1034 0028                  l1027 0066                  l1035 0036                  l1028 0066  
                l1036 0037                  l1037 0037                  l2200 0025                  l2202 0026  
                l2204 0028                  l1406 0053                  l2206 002C                  l1408 0055  
                l2192 0015                  l2194 001D                  l2196 0021                  l2198 0024  
                ?_isr 0070                  _T0IE 005D                  _T0IF 005A                  _TMR0 0001  
                _main 0015                  btemp 007E       __end_ofi1_delay 007B                  start 0012  
               ??_isr 0072                 ?_main 0070                 _PORTC 0007                 _PORTD 0008  
               _TRISC 0087                 _TRISD 0088                 _delay 0053                 pclath 000A  
               status 0003                 wtemp0 007E          __end_of_main 003A                ??_main 0078  
              ?_delay 0076             ??i1_delay 0072                i1l1031 0046                i1l1025 0069  
              i1l1026 0068                i1l1027 007A                i1l1028 007A                i1l1410 003A  
              i1l1412 003B                i1l1414 003C                i1l1416 003D                i1l2190 0069  
              i1l2188 0067                u216_20 0079                u216_21 0078                u216_25 0075  
              delay@x 0076                saved_w 007E        __pcstackCOMMON 0070         __end_of_delay 0067  
             ??_delay 0078            __pmaintext 0015            __pintentry 0004               i1_delay 0067  
        __size_of_isr 0019  end_of_initialization 007B   start_initialization 007B           __end_of_isr 0053  
            ?i1_delay 0070        __size_of_delay 0014     interrupt_function 0004              i1delay@x 0070  
    __size_ofi1_delay 0014              __ptext73 0000              __ptext74 0053              __ptext75 003A  
            __ptext76 0067              __ptext77 0000         __size_of_main 0025              intlevel1 0000  
          _OPTION_REG 0081  
